[0.069s] colcon DEBUG Command line arguments: ['/usr/bin/colcon', 'build', '--packages-select', 'radar_comm', 'radar_interfaces']
[0.069s] colcon DEBUG Parsed command line arguments: Namespace(log_base=None, log_level=None, verb_name='build', build_base='build', install_base='install', merge_install=False, symlink_install=False, test_result_base=None, continue_on_error=False, executor='parallel', parallel_workers=16, event_handlers=None, ignore_user_meta=False, metas=['./colcon.meta'], base_paths=['.'], packages_ignore=None, packages_ignore_regex=None, paths=None, packages_up_to=None, packages_up_to_regex=None, packages_above=None, packages_above_and_dependencies=None, packages_above_depth=None, packages_select_by_dep=None, packages_skip_by_dep=None, packages_skip_up_to=None, packages_select_build_failed=False, packages_skip_build_finished=False, packages_select_test_failures=False, packages_skip_test_passed=False, packages_select=['radar_comm', 'radar_interfaces'], packages_skip=None, packages_select_regex=None, packages_skip_regex=None, packages_start=None, packages_end=None, allow_overriding=[], cmake_args=None, cmake_target=None, cmake_target_skip_unavailable=False, cmake_clean_cache=False, cmake_clean_first=False, cmake_force_configure=False, ament_cmake_args=None, catkin_cmake_args=None, catkin_skip_building_tests=False, verb_parser=<colcon_defaults.argument_parser.defaults.DefaultArgumentsDecorator object at 0x7b2f560406a0>, verb_extension=<colcon_core.verb.build.BuildVerb object at 0x7b2f560400d0>, main=<bound method BuildVerb.main of <colcon_core.verb.build.BuildVerb object at 0x7b2f560400d0>>)
[0.174s] colcon.colcon_core.package_discovery Level 1 discover_packages(colcon_meta) check parameters
[0.174s] colcon.colcon_core.package_discovery Level 1 discover_packages(recursive) check parameters
[0.174s] colcon.colcon_core.package_discovery Level 1 discover_packages(ignore) check parameters
[0.174s] colcon.colcon_core.package_discovery Level 1 discover_packages(path) check parameters
[0.174s] colcon.colcon_core.package_discovery Level 1 discover_packages(colcon_meta) discover
[0.174s] colcon.colcon_core.package_discovery Level 1 discover_packages(recursive) discover
[0.174s] colcon.colcon_core.package_discovery INFO Crawling recursively for packages in '/home/moci/radar_serial'
[0.174s] colcon.colcon_core.package_identification Level 1 _identify(.) by extensions ['ignore', 'ignore_ament_install']
[0.174s] colcon.colcon_core.package_identification Level 1 _identify(.) by extension 'ignore'
[0.174s] colcon.colcon_core.package_identification Level 1 _identify(.) by extension 'ignore_ament_install'
[0.174s] colcon.colcon_core.package_identification Level 1 _identify(.) by extensions ['colcon_pkg']
[0.174s] colcon.colcon_core.package_identification Level 1 _identify(.) by extension 'colcon_pkg'
[0.174s] colcon.colcon_core.package_identification Level 1 _identify(.) by extensions ['colcon_meta']
[0.174s] colcon.colcon_core.package_identification Level 1 _identify(.) by extension 'colcon_meta'
[0.174s] colcon.colcon_core.package_identification Level 1 _identify(.) by extensions ['ros']
[0.175s] colcon.colcon_core.package_identification Level 1 _identify(.) by extension 'ros'
[0.187s] colcon.colcon_core.package_identification Level 1 _identify(.) by extensions ['cmake', 'python']
[0.187s] colcon.colcon_core.package_identification Level 1 _identify(.) by extension 'cmake'
[0.187s] colcon.colcon_core.package_identification Level 1 _identify(.) by extension 'python'
[0.187s] colcon.colcon_core.package_identification Level 1 _identify(.) by extensions ['python_setup_py']
[0.188s] colcon.colcon_core.package_identification Level 1 _identify(.) by extension 'python_setup_py'
[0.188s] colcon.colcon_core.package_identification Level 1 _identify(build) by extensions ['ignore', 'ignore_ament_install']
[0.188s] colcon.colcon_core.package_identification Level 1 _identify(build) by extension 'ignore'
[0.188s] colcon.colcon_core.package_identification Level 1 _identify(build) ignored
[0.188s] colcon.colcon_core.package_identification Level 1 _identify(install) by extensions ['ignore', 'ignore_ament_install']
[0.188s] colcon.colcon_core.package_identification Level 1 _identify(install) by extension 'ignore'
[0.188s] colcon.colcon_core.package_identification Level 1 _identify(install) ignored
[0.188s] colcon.colcon_core.package_identification Level 1 _identify(log) by extensions ['ignore', 'ignore_ament_install']
[0.188s] colcon.colcon_core.package_identification Level 1 _identify(log) by extension 'ignore'
[0.188s] colcon.colcon_core.package_identification Level 1 _identify(log) ignored
[0.188s] colcon.colcon_core.package_identification Level 1 _identify(src) by extensions ['ignore', 'ignore_ament_install']
[0.188s] colcon.colcon_core.package_identification Level 1 _identify(src) by extension 'ignore'
[0.188s] colcon.colcon_core.package_identification Level 1 _identify(src) by extension 'ignore_ament_install'
[0.188s] colcon.colcon_core.package_identification Level 1 _identify(src) by extensions ['colcon_pkg']
[0.188s] colcon.colcon_core.package_identification Level 1 _identify(src) by extension 'colcon_pkg'
[0.188s] colcon.colcon_core.package_identification Level 1 _identify(src) by extensions ['colcon_meta']
[0.188s] colcon.colcon_core.package_identification Level 1 _identify(src) by extension 'colcon_meta'
[0.188s] colcon.colcon_core.package_identification Level 1 _identify(src) by extensions ['ros']
[0.188s] colcon.colcon_core.package_identification Level 1 _identify(src) by extension 'ros'
[0.188s] colcon.colcon_core.package_identification Level 1 _identify(src) by extensions ['cmake', 'python']
[0.188s] colcon.colcon_core.package_identification Level 1 _identify(src) by extension 'cmake'
[0.188s] colcon.colcon_core.package_identification Level 1 _identify(src) by extension 'python'
[0.188s] colcon.colcon_core.package_identification Level 1 _identify(src) by extensions ['python_setup_py']
[0.188s] colcon.colcon_core.package_identification Level 1 _identify(src) by extension 'python_setup_py'
[0.188s] colcon.colcon_core.package_identification Level 1 _identify(src/radar_comm) by extensions ['ignore', 'ignore_ament_install']
[0.188s] colcon.colcon_core.package_identification Level 1 _identify(src/radar_comm) by extension 'ignore'
[0.188s] colcon.colcon_core.package_identification Level 1 _identify(src/radar_comm) by extension 'ignore_ament_install'
[0.188s] colcon.colcon_core.package_identification Level 1 _identify(src/radar_comm) by extensions ['colcon_pkg']
[0.188s] colcon.colcon_core.package_identification Level 1 _identify(src/radar_comm) by extension 'colcon_pkg'
[0.189s] colcon.colcon_core.package_identification Level 1 _identify(src/radar_comm) by extensions ['colcon_meta']
[0.189s] colcon.colcon_core.package_identification Level 1 _identify(src/radar_comm) by extension 'colcon_meta'
[0.189s] colcon.colcon_core.package_identification Level 1 _identify(src/radar_comm) by extensions ['ros']
[0.189s] colcon.colcon_core.package_identification Level 1 _identify(src/radar_comm) by extension 'ros'
[0.190s] colcon.colcon_core.package_identification DEBUG Package 'src/radar_comm' with type 'ros.ament_cmake' and name 'radar_comm'
[0.190s] colcon.colcon_core.package_identification Level 1 _identify(src/radar_interfaces) by extensions ['ignore', 'ignore_ament_install']
[0.190s] colcon.colcon_core.package_identification Level 1 _identify(src/radar_interfaces) by extension 'ignore'
[0.190s] colcon.colcon_core.package_identification Level 1 _identify(src/radar_interfaces) by extension 'ignore_ament_install'
[0.190s] colcon.colcon_core.package_identification Level 1 _identify(src/radar_interfaces) by extensions ['colcon_pkg']
[0.190s] colcon.colcon_core.package_identification Level 1 _identify(src/radar_interfaces) by extension 'colcon_pkg'
[0.190s] colcon.colcon_core.package_identification Level 1 _identify(src/radar_interfaces) by extensions ['colcon_meta']
[0.190s] colcon.colcon_core.package_identification Level 1 _identify(src/radar_interfaces) by extension 'colcon_meta'
[0.190s] colcon.colcon_core.package_identification Level 1 _identify(src/radar_interfaces) by extensions ['ros']
[0.190s] colcon.colcon_core.package_identification Level 1 _identify(src/radar_interfaces) by extension 'ros'
[0.191s] colcon.colcon_core.package_identification DEBUG Package 'src/radar_interfaces' with type 'ros.ament_cmake' and name 'radar_interfaces'
[0.191s] colcon.colcon_core.package_identification Level 1 _identify(tools) by extensions ['ignore', 'ignore_ament_install']
[0.191s] colcon.colcon_core.package_identification Level 1 _identify(tools) by extension 'ignore'
[0.191s] colcon.colcon_core.package_identification Level 1 _identify(tools) by extension 'ignore_ament_install'
[0.191s] colcon.colcon_core.package_identification Level 1 _identify(tools) by extensions ['colcon_pkg']
[0.191s] colcon.colcon_core.package_identification Level 1 _identify(tools) by extension 'colcon_pkg'
[0.191s] colcon.colcon_core.package_identification Level 1 _identify(tools) by extensions ['colcon_meta']
[0.191s] colcon.colcon_core.package_identification Level 1 _identify(tools) by extension 'colcon_meta'
[0.191s] colcon.colcon_core.package_identification Level 1 _identify(tools) by extensions ['ros']
[0.191s] colcon.colcon_core.package_identification Level 1 _identify(tools) by extension 'ros'
[0.191s] colcon.colcon_core.package_identification Level 1 _identify(tools) by extensions ['cmake', 'python']
[0.191s] colcon.colcon_core.package_identification Level 1 _identify(tools) by extension 'cmake'
[0.191s] colcon.colcon_core.package_identification Level 1 _identify(tools) by extension 'python'
[0.191s] colcon.colcon_core.package_identification Level 1 _identify(tools) by extensions ['python_setup_py']
[0.191s] colcon.colcon_core.package_identification Level 1 _identify(tools) by extension 'python_setup_py'
[0.191s] colcon.colcon_core.package_discovery Level 1 discover_packages(recursive) using defaults
[0.191s] colcon.colcon_core.package_discovery Level 1 discover_packages(ignore) discover
[0.191s] colcon.colcon_core.package_discovery Level 1 discover_packages(ignore) using defaults
[0.191s] colcon.colcon_core.package_discovery Level 1 discover_packages(path) discover
[0.191s] colcon.colcon_core.package_discovery Level 1 discover_packages(path) using defaults
[0.200s] colcon.colcon_core.package_discovery Level 1 discover_packages(prefix_path) check parameters
[0.201s] colcon.colcon_core.package_discovery Level 1 discover_packages(prefix_path) discover
[0.202s] colcon.colcon_installed_package_information.package_discovery DEBUG Found 376 installed packages in /opt/ros/humble
[0.204s] colcon.colcon_core.package_discovery Level 1 discover_packages(prefix_path) using defaults
[0.229s] colcon.colcon_core.verb Level 5 set package 'radar_interfaces' build argument 'cmake_args' from command line to 'None'
[0.229s] colcon.colcon_core.verb Level 5 set package 'radar_interfaces' build argument 'cmake_target' from command line to 'None'
[0.229s] colcon.colcon_core.verb Level 5 set package 'radar_interfaces' build argument 'cmake_target_skip_unavailable' from command line to 'False'
[0.229s] colcon.colcon_core.verb Level 5 set package 'radar_interfaces' build argument 'cmake_clean_cache' from command line to 'False'
[0.229s] colcon.colcon_core.verb Level 5 set package 'radar_interfaces' build argument 'cmake_clean_first' from command line to 'False'
[0.229s] colcon.colcon_core.verb Level 5 set package 'radar_interfaces' build argument 'cmake_force_configure' from command line to 'False'
[0.229s] colcon.colcon_core.verb Level 5 set package 'radar_interfaces' build argument 'ament_cmake_args' from command line to 'None'
[0.229s] colcon.colcon_core.verb Level 5 set package 'radar_interfaces' build argument 'catkin_cmake_args' from command line to 'None'
[0.229s] colcon.colcon_core.verb Level 5 set package 'radar_interfaces' build argument 'catkin_skip_building_tests' from command line to 'False'
[0.229s] colcon.colcon_core.verb DEBUG Building package 'radar_interfaces' with the following arguments: {'ament_cmake_args': None, 'build_base': '/home/moci/radar_serial/build/radar_interfaces', 'catkin_cmake_args': None, 'catkin_skip_building_tests': False, 'cmake_args': None, 'cmake_clean_cache': False, 'cmake_clean_first': False, 'cmake_force_configure': False, 'cmake_target': None, 'cmake_target_skip_unavailable': False, 'install_base': '/home/moci/radar_serial/install/radar_interfaces', 'merge_install': False, 'path': '/home/moci/radar_serial/src/radar_interfaces', 'symlink_install': False, 'test_result_base': None}
[0.229s] colcon.colcon_core.verb Level 5 set package 'radar_comm' build argument 'cmake_args' from command line to 'None'
[0.229s] colcon.colcon_core.verb Level 5 set package 'radar_comm' build argument 'cmake_target' from command line to 'None'
[0.229s] colcon.colcon_core.verb Level 5 set package 'radar_comm' build argument 'cmake_target_skip_unavailable' from command line to 'False'
[0.229s] colcon.colcon_core.verb Level 5 set package 'radar_comm' build argument 'cmake_clean_cache' from command line to 'False'
[0.229s] colcon.colcon_core.verb Level 5 set package 'radar_comm' build argument 'cmake_clean_first' from command line to 'False'
[0.229s] colcon.colcon_core.verb Level 5 set package 'radar_comm' build argument 'cmake_force_configure' from command line to 'False'
[0.229s] colcon.colcon_core.verb Level 5 set package 'radar_comm' build argument 'ament_cmake_args' from command line to 'None'
[0.229s] colcon.colcon_core.verb Level 5 set package 'radar_comm' build argument 'catkin_cmake_args' from command line to 'None'
[0.229s] colcon.colcon_core.verb Level 5 set package 'radar_comm' build argument 'catkin_skip_building_tests' from command line to 'False'
[0.229s] colcon.colcon_core.verb DEBUG Building package 'radar_comm' with the following arguments: {'ament_cmake_args': None, 'build_base': '/home/moci/radar_serial/build/radar_comm', 'catkin_cmake_args': None, 'catkin_skip_building_tests': False, 'cmake_args': None, 'cmake_clean_cache': False, 'cmake_clean_first': False, 'cmake_force_configure': False, 'cmake_target': None, 'cmake_target_skip_unavailable': False, 'install_base': '/home/moci/radar_serial/install/radar_comm', 'merge_install': False, 'path': '/home/moci/radar_serial/src/radar_comm', 'symlink_install': False, 'test_result_base': None}
[0.229s] colcon.colcon_core.executor INFO Executing jobs using 'parallel' executor
[0.230s] colcon.colcon_parallel_executor.executor.parallel DEBUG run_until_complete
[0.230s] colcon.colcon_ros.task.ament_cmake.build INFO Building ROS package in '/home/moci/radar_serial/src/radar_interfaces' with build type 'ament_cmake'
[0.230s] colcon.colcon_cmake.task.cmake.build INFO Building CMake package in '/home/moci/radar_serial/src/radar_interfaces'
[0.232s] colcon.colcon_core.plugin_system INFO Skipping extension 'colcon_core.shell.bat': Not used on non-Windows systems
[0.232s] colcon.colcon_core.shell INFO Skip shell extension 'powershell' for command environment: Not usable outside of PowerShell
[0.232s] colcon.colcon_core.shell DEBUG Skip shell extension 'dsv' for command environment
[0.239s] colcon.colcon_core.event_handler.log_command DEBUG Invoking command in '/home/moci/radar_serial/build/radar_interfaces': CMAKE_PREFIX_PATH=/opt/ros/humble /usr/local/bin/cmake --build /home/moci/radar_serial/build/radar_interfaces -- -j16 -l16
[0.441s] colcon.colcon_core.event_handler.log_command DEBUG Invoked command in '/home/moci/radar_serial/build/radar_interfaces' returned '0': CMAKE_PREFIX_PATH=/opt/ros/humble /usr/local/bin/cmake --build /home/moci/radar_serial/build/radar_interfaces -- -j16 -l16
[0.445s] colcon.colcon_core.event_handler.log_command DEBUG Invoking command in '/home/moci/radar_serial/build/radar_interfaces': CMAKE_PREFIX_PATH=/opt/ros/humble /usr/local/bin/cmake --install /home/moci/radar_serial/build/radar_interfaces
[0.480s] colcon.colcon_core.environment Level 1 create_environment_scripts_only(radar_interfaces)
[0.481s] colcon.colcon_core.event_handler.log_command DEBUG Invoked command in '/home/moci/radar_serial/build/radar_interfaces' returned '0': CMAKE_PREFIX_PATH=/opt/ros/humble /usr/local/bin/cmake --install /home/moci/radar_serial/build/radar_interfaces
[0.482s] colcon.colcon_core.environment Level 1 checking '/home/moci/radar_serial/install/radar_interfaces' for CMake module files
[0.483s] colcon.colcon_core.environment Level 1 checking '/home/moci/radar_serial/install/radar_interfaces' for CMake config files
[0.483s] colcon.colcon_core.shell Level 1 create_environment_hook('radar_interfaces', 'cmake_prefix_path')
[0.483s] colcon.colcon_core.shell INFO Creating environment hook '/home/moci/radar_serial/install/radar_interfaces/share/radar_interfaces/hook/cmake_prefix_path.ps1'
[0.484s] colcon.colcon_core.shell INFO Creating environment descriptor '/home/moci/radar_serial/install/radar_interfaces/share/radar_interfaces/hook/cmake_prefix_path.dsv'
[0.484s] colcon.colcon_core.shell INFO Creating environment hook '/home/moci/radar_serial/install/radar_interfaces/share/radar_interfaces/hook/cmake_prefix_path.sh'
[0.484s] colcon.colcon_core.environment Level 1 checking '/home/moci/radar_serial/install/radar_interfaces/lib'
[0.485s] colcon.colcon_core.shell Level 1 create_environment_hook('radar_interfaces', 'ld_library_path_lib')
[0.485s] colcon.colcon_core.shell INFO Creating environment hook '/home/moci/radar_serial/install/radar_interfaces/share/radar_interfaces/hook/ld_library_path_lib.ps1'
[0.485s] colcon.colcon_core.shell INFO Creating environment descriptor '/home/moci/radar_serial/install/radar_interfaces/share/radar_interfaces/hook/ld_library_path_lib.dsv'
[0.485s] colcon.colcon_core.shell INFO Creating environment hook '/home/moci/radar_serial/install/radar_interfaces/share/radar_interfaces/hook/ld_library_path_lib.sh'
[0.485s] colcon.colcon_core.environment Level 1 checking '/home/moci/radar_serial/install/radar_interfaces/bin'
[0.485s] colcon.colcon_core.environment Level 1 checking '/home/moci/radar_serial/install/radar_interfaces/lib/pkgconfig/radar_interfaces.pc'
[0.485s] colcon.colcon_core.environment Level 1 checking '/home/moci/radar_serial/install/radar_interfaces/lib/python3.10/site-packages'
[0.486s] colcon.colcon_core.environment Level 1 checking '/home/moci/radar_serial/install/radar_interfaces/bin'
[0.486s] colcon.colcon_core.shell INFO Creating package script '/home/moci/radar_serial/install/radar_interfaces/share/radar_interfaces/package.ps1'
[0.487s] colcon.colcon_core.shell INFO Creating package descriptor '/home/moci/radar_serial/install/radar_interfaces/share/radar_interfaces/package.dsv'
[0.487s] colcon.colcon_core.shell INFO Creating package script '/home/moci/radar_serial/install/radar_interfaces/share/radar_interfaces/package.sh'
[0.488s] colcon.colcon_core.shell INFO Creating package script '/home/moci/radar_serial/install/radar_interfaces/share/radar_interfaces/package.bash'
[0.488s] colcon.colcon_core.shell INFO Creating package script '/home/moci/radar_serial/install/radar_interfaces/share/radar_interfaces/package.zsh'
[0.488s] colcon.colcon_core.environment Level 1 create_file_with_runtime_dependencies(/home/moci/radar_serial/install/radar_interfaces/share/colcon-core/packages/radar_interfaces)
[0.489s] colcon.colcon_core.environment Level 1 create_environment_scripts_only(radar_interfaces)
[0.489s] colcon.colcon_core.environment Level 1 checking '/home/moci/radar_serial/install/radar_interfaces' for CMake module files
[0.489s] colcon.colcon_core.environment Level 1 checking '/home/moci/radar_serial/install/radar_interfaces' for CMake config files
[0.490s] colcon.colcon_core.shell Level 1 create_environment_hook('radar_interfaces', 'cmake_prefix_path')
[0.490s] colcon.colcon_core.shell INFO Creating environment hook '/home/moci/radar_serial/install/radar_interfaces/share/radar_interfaces/hook/cmake_prefix_path.ps1'
[0.490s] colcon.colcon_core.shell INFO Creating environment descriptor '/home/moci/radar_serial/install/radar_interfaces/share/radar_interfaces/hook/cmake_prefix_path.dsv'
[0.490s] colcon.colcon_core.shell INFO Creating environment hook '/home/moci/radar_serial/install/radar_interfaces/share/radar_interfaces/hook/cmake_prefix_path.sh'
[0.491s] colcon.colcon_core.environment Level 1 checking '/home/moci/radar_serial/install/radar_interfaces/lib'
[0.491s] colcon.colcon_core.shell Level 1 create_environment_hook('radar_interfaces', 'ld_library_path_lib')
[0.491s] colcon.colcon_core.shell INFO Creating environment hook '/home/moci/radar_serial/install/radar_interfaces/share/radar_interfaces/hook/ld_library_path_lib.ps1'
[0.491s] colcon.colcon_core.shell INFO Creating environment descriptor '/home/moci/radar_serial/install/radar_interfaces/share/radar_interfaces/hook/ld_library_path_lib.dsv'
[0.491s] colcon.colcon_core.shell INFO Creating environment hook '/home/moci/radar_serial/install/radar_interfaces/share/radar_interfaces/hook/ld_library_path_lib.sh'
[0.491s] colcon.colcon_core.environment Level 1 checking '/home/moci/radar_serial/install/radar_interfaces/bin'
[0.491s] colcon.colcon_core.environment Level 1 checking '/home/moci/radar_serial/install/radar_interfaces/lib/pkgconfig/radar_interfaces.pc'
[0.491s] colcon.colcon_core.environment Level 1 checking '/home/moci/radar_serial/install/radar_interfaces/lib/python3.10/site-packages'
[0.492s] colcon.colcon_core.environment Level 1 checking '/home/moci/radar_serial/install/radar_interfaces/bin'
[0.492s] colcon.colcon_core.shell INFO Creating package script '/home/moci/radar_serial/install/radar_interfaces/share/radar_interfaces/package.ps1'
[0.492s] colcon.colcon_core.shell INFO Creating package descriptor '/home/moci/radar_serial/install/radar_interfaces/share/radar_interfaces/package.dsv'
[0.492s] colcon.colcon_core.shell INFO Creating package script '/home/moci/radar_serial/install/radar_interfaces/share/radar_interfaces/package.sh'
[0.493s] colcon.colcon_core.shell INFO Creating package script '/home/moci/radar_serial/install/radar_interfaces/share/radar_interfaces/package.bash'
[0.493s] colcon.colcon_core.shell INFO Creating package script '/home/moci/radar_serial/install/radar_interfaces/share/radar_interfaces/package.zsh'
[0.493s] colcon.colcon_core.environment Level 1 create_file_with_runtime_dependencies(/home/moci/radar_serial/install/radar_interfaces/share/colcon-core/packages/radar_interfaces)
[0.493s] colcon.colcon_ros.task.ament_cmake.build INFO Building ROS package in '/home/moci/radar_serial/src/radar_comm' with build type 'ament_cmake'
[0.493s] colcon.colcon_cmake.task.cmake.build INFO Building CMake package in '/home/moci/radar_serial/src/radar_comm'
[0.493s] colcon.colcon_core.shell INFO Skip shell extension 'powershell' for command environment: Not usable outside of PowerShell
[0.493s] colcon.colcon_core.shell DEBUG Skip shell extension 'dsv' for command environment
[0.503s] colcon.colcon_core.event_handler.log_command DEBUG Invoking command in '/home/moci/radar_serial/build/radar_comm': AMENT_PREFIX_PATH=/home/moci/radar_serial/install/radar_interfaces:${AMENT_PREFIX_PATH} CMAKE_PREFIX_PATH=/home/moci/radar_serial/install/radar_interfaces:/opt/ros/humble LD_LIBRARY_PATH=/home/moci/radar_serial/install/radar_interfaces/lib:/opt/MVS/lib/64:/opt/MVS/lib/32:/opt/MVS/lib/64:/opt/MVS/lib/32:/opt/MVS/lib:/opt/MVS/lib/64:/opt/MVS/lib/32:/usr/lib/x86_64-linux-gnu/gazebo-11/plugins:/opt/ros/humble/opt/rviz_ogre_vendor/lib:/opt/ros/humble/lib/x86_64-linux-gnu:/opt/ros/humble/opt/openvdb_vendor/lib:/opt/ros/humble/lib:/opt/MVS/lib/64:/opt/MVS/lib/32:/usr/local/cuda-12.2/lib64:/opt/MVS/lib/64:/opt/MVS/lib/32:/opt/MVS/lib:/opt/MVS/lib/64:/opt/MVS/lib/32:/opt/MVS/lib/64:/opt/MVS/lib/32:/opt/MVS/lib:/usr/local/TensorRT-10.6.0.26/lib PYTHONPATH=/home/moci/radar_serial/install/radar_interfaces/local/lib/python3.10/dist-packages:${PYTHONPATH} /usr/local/bin/cmake --build /home/moci/radar_serial/build/radar_comm -- -j16 -l16
[0.992s] colcon.colcon_core.event_handler.log_command DEBUG Invoked command in '/home/moci/radar_serial/build/radar_comm' returned '2': AMENT_PREFIX_PATH=/home/moci/radar_serial/install/radar_interfaces:${AMENT_PREFIX_PATH} CMAKE_PREFIX_PATH=/home/moci/radar_serial/install/radar_interfaces:/opt/ros/humble LD_LIBRARY_PATH=/home/moci/radar_serial/install/radar_interfaces/lib:/opt/MVS/lib/64:/opt/MVS/lib/32:/opt/MVS/lib/64:/opt/MVS/lib/32:/opt/MVS/lib:/opt/MVS/lib/64:/opt/MVS/lib/32:/usr/lib/x86_64-linux-gnu/gazebo-11/plugins:/opt/ros/humble/opt/rviz_ogre_vendor/lib:/opt/ros/humble/lib/x86_64-linux-gnu:/opt/ros/humble/opt/openvdb_vendor/lib:/opt/ros/humble/lib:/opt/MVS/lib/64:/opt/MVS/lib/32:/usr/local/cuda-12.2/lib64:/opt/MVS/lib/64:/opt/MVS/lib/32:/opt/MVS/lib:/opt/MVS/lib/64:/opt/MVS/lib/32:/opt/MVS/lib/64:/opt/MVS/lib/32:/opt/MVS/lib:/usr/local/TensorRT-10.6.0.26/lib PYTHONPATH=/home/moci/radar_serial/install/radar_interfaces/local/lib/python3.10/dist-packages:${PYTHONPATH} /usr/local/bin/cmake --build /home/moci/radar_serial/build/radar_comm -- -j16 -l16
[0.993s] colcon.colcon_core.environment Level 1 create_environment_scripts_only(radar_comm)
[0.993s] colcon.colcon_core.environment Level 1 checking '/home/moci/radar_serial/install/radar_comm' for CMake module files
[0.993s] colcon.colcon_core.environment Level 1 checking '/home/moci/radar_serial/install/radar_comm' for CMake config files
[0.993s] colcon.colcon_core.shell Level 1 create_environment_hook('radar_comm', 'cmake_prefix_path')
[0.993s] colcon.colcon_core.shell INFO Creating environment hook '/home/moci/radar_serial/install/radar_comm/share/radar_comm/hook/cmake_prefix_path.ps1'
[0.994s] colcon.colcon_core.shell INFO Creating environment descriptor '/home/moci/radar_serial/install/radar_comm/share/radar_comm/hook/cmake_prefix_path.dsv'
[0.994s] colcon.colcon_core.shell INFO Creating environment hook '/home/moci/radar_serial/install/radar_comm/share/radar_comm/hook/cmake_prefix_path.sh'
[0.994s] colcon.colcon_core.environment Level 1 checking '/home/moci/radar_serial/install/radar_comm/lib'
[0.994s] colcon.colcon_core.environment Level 1 checking '/home/moci/radar_serial/install/radar_comm/bin'
[0.994s] colcon.colcon_core.environment Level 1 checking '/home/moci/radar_serial/install/radar_comm/lib/pkgconfig/radar_comm.pc'
[0.994s] colcon.colcon_core.environment Level 1 checking '/home/moci/radar_serial/install/radar_comm/lib/python3.10/site-packages'
[0.995s] colcon.colcon_core.environment Level 1 checking '/home/moci/radar_serial/install/radar_comm/bin'
[0.995s] colcon.colcon_core.shell INFO Creating package script '/home/moci/radar_serial/install/radar_comm/share/radar_comm/package.ps1'
[0.995s] colcon.colcon_core.shell INFO Creating package descriptor '/home/moci/radar_serial/install/radar_comm/share/radar_comm/package.dsv'
[0.995s] colcon.colcon_core.shell INFO Creating package script '/home/moci/radar_serial/install/radar_comm/share/radar_comm/package.sh'
[0.995s] colcon.colcon_core.shell INFO Creating package script '/home/moci/radar_serial/install/radar_comm/share/radar_comm/package.bash'
[0.996s] colcon.colcon_core.shell INFO Creating package script '/home/moci/radar_serial/install/radar_comm/share/radar_comm/package.zsh'
[0.996s] colcon.colcon_core.environment Level 1 create_file_with_runtime_dependencies(/home/moci/radar_serial/install/radar_comm/share/colcon-core/packages/radar_comm)
[1.006s] colcon.colcon_parallel_executor.executor.parallel DEBUG closing loop
[1.006s] colcon.colcon_parallel_executor.executor.parallel DEBUG loop closed
[1.007s] colcon.colcon_parallel_executor.executor.parallel DEBUG run_until_complete finished with '2'
[1.007s] colcon.colcon_core.event_reactor DEBUG joining thread
[1.010s] colcon.colcon_core.plugin_system INFO Skipping extension 'colcon_notification.desktop_notification.terminal_notifier': Not used on non-Darwin systems
[1.010s] colcon.colcon_core.plugin_system INFO Skipping extension 'colcon_notification.desktop_notification.win32': Not used on non-Windows systems
[1.010s] colcon.colcon_notification.desktop_notification INFO Sending desktop notification using 'notify2'
[1.010s] colcon.colcon_notification.desktop_notification.notify2 DEBUG Failed to initialize notify2: org.freedesktop.DBus.Error.AccessDenied: Failed to connect to socket /run/user/1000/bus: Operation not permitted
[1.010s] colcon.colcon_core.event_reactor DEBUG joined thread
[1.011s] colcon.colcon_core.shell INFO Creating prefix script '/home/moci/radar_serial/install/local_setup.ps1'
[1.012s] colcon.colcon_core.shell INFO Creating prefix util module '/home/moci/radar_serial/install/_local_setup_util_ps1.py'
[1.013s] colcon.colcon_core.shell INFO Creating prefix chain script '/home/moci/radar_serial/install/setup.ps1'
[1.013s] colcon.colcon_core.shell INFO Creating prefix script '/home/moci/radar_serial/install/local_setup.sh'
[1.013s] colcon.colcon_core.shell INFO Creating prefix util module '/home/moci/radar_serial/install/_local_setup_util_sh.py'
[1.014s] colcon.colcon_core.shell INFO Creating prefix chain script '/home/moci/radar_serial/install/setup.sh'
[1.014s] colcon.colcon_core.shell INFO Creating prefix script '/home/moci/radar_serial/install/local_setup.bash'
[1.015s] colcon.colcon_core.shell INFO Creating prefix chain script '/home/moci/radar_serial/install/setup.bash'
[1.016s] colcon.colcon_core.shell INFO Creating prefix script '/home/moci/radar_serial/install/local_setup.zsh'
[1.016s] colcon.colcon_core.shell INFO Creating prefix chain script '/home/moci/radar_serial/install/setup.zsh'
