[01m[K/home/moci/radar_serial/src/radar_comm/src/protocol/decoder.cpp:[m[K In function ‘[01m[Kradar_comm::ProtocolData radar_comm::decode(uint16_t, const std::vector<unsigned char>&)[m[K’:
[01m[K/home/moci/radar_serial/src/radar_comm/src/protocol/decoder.cpp:60:11:[m[K [01;31m[Kerror: [m[K‘[01m[Kstruct radar_comm::EnemyTeamMacroStatus[m[K’ has no member named ‘[01m[Kstatus_bits[m[K’
   60 |         d.[01;31m[Kstatus_bits[m[K = read<uint32_t>(p,4);
      |           [01;31m[K^~~~~~~~~~~[m[K
[01m[K/home/moci/radar_serial/src/radar_comm/src/protocol/decoder.cpp:66:18:[m[K [01;31m[Kerror: [m[K‘[01m[Kstruct radar_comm::EnemyRobotBuffs[m[K’ has no member named ‘[01m[Kraw[m[K’
   66 |         memcpy(d.[01;31m[Kraw[m[K, p.data(), 36);
      |                  [01;31m[K^~~[m[K
[01m[K/home/moci/radar_serial/src/radar_comm/src/protocol/decoder.cpp:[m[K In function ‘[01m[Kradar_comm::ProtocolData radar_comm::decode(uint16_t, const std::vector<unsigned char>&)[m[K’:
[01m[K/home/moci/radar_serial/src/radar_comm/src/protocol/decoder.cpp:60:11:[m[K [01;31m[Kerror: [m[K‘[01m[Kstruct radar_comm::EnemyTeamMacroStatus[m[K’ has no member named ‘[01m[Kstatus_bits[m[K’
   60 |         d.[01;31m[Kstatus_bits[m[K = read<uint32_t>(p,4);
      |           [01;31m[K^~~~~~~~~~~[m[K
[01m[K/home/moci/radar_serial/src/radar_comm/src/protocol/decoder.cpp:66:18:[m[K [01;31m[Kerror: [m[K‘[01m[Kstruct radar_comm::EnemyRobotBuffs[m[K’ has no member named ‘[01m[Kraw[m[K’
   66 |         memcpy(d.[01;31m[Kraw[m[K, p.data(), 36);
      |                  [01;31m[K^~~[m[K
gmake[2]: *** [CMakeFiles/test_serial.dir/build.make:118：CMakeFiles/test_serial.dir/src/protocol/decoder.cpp.o] 错误 1
gmake[2]: *** 正在等待未完成的任务....
gmake[2]: *** [CMakeFiles/test_parser.dir/build.make:118：CMakeFiles/test_parser.dir/src/protocol/decoder.cpp.o] 错误 1
gmake[2]: *** 正在等待未完成的任务....
[01m[K/home/moci/radar_serial/src/radar_comm/src/protocol/decoder.cpp:[m[K In function ‘[01m[Kradar_comm::ProtocolData radar_comm::decode(uint16_t, const std::vector<unsigned char>&)[m[K’:
[01m[K/home/moci/radar_serial/src/radar_comm/src/protocol/decoder.cpp:60:11:[m[K [01;31m[Kerror: [m[K‘[01m[Kstruct radar_comm::EnemyTeamMacroStatus[m[K’ has no member named ‘[01m[Kstatus_bits[m[K’
   60 |         d.[01;31m[Kstatus_bits[m[K = read<uint32_t>(p,4);
      |           [01;31m[K^~~~~~~~~~~[m[K
[01m[K/home/moci/radar_serial/src/radar_comm/src/protocol/decoder.cpp:66:18:[m[K [01;31m[Kerror: [m[K‘[01m[Kstruct radar_comm::EnemyRobotBuffs[m[K’ has no member named ‘[01m[Kraw[m[K’
   66 |         memcpy(d.[01;31m[Kraw[m[K, p.data(), 36);
      |                  [01;31m[K^~~[m[K
gmake[2]: *** [CMakeFiles/serial_node.dir/build.make:118：CMakeFiles/serial_node.dir/src/protocol/decoder.cpp.o] 错误 1
gmake[2]: *** 正在等待未完成的任务....
gmake[1]: *** [CMakeFiles/Makefile2:141：CMakeFiles/test_parser.dir/all] 错误 2
gmake[1]: *** 正在等待未完成的任务....
gmake[1]: *** [CMakeFiles/Makefile2:167：CMakeFiles/test_serial.dir/all] 错误 2
/home/moci/radar_serial/src/radar_comm/src/ros/serial_node.cpp: In instantiation of ‘[01m[KSerialNode::SerialNode()::<lambda(uint8_t)>::<lambda(auto:40&&)> [with auto:40 = radar_comm::EnemyInterferenceKey&][m[K’:
[01m[K/usr/include/c++/11/type_traits:2530:26:[m[K   required by substitution of ‘[01m[Ktemplate<class _Fn, class ... _Args> static std::__result_of_success<decltype (declval<_Fn>()((declval<_Args>)()...)), std::__invoke_other> std::__result_of_other_impl::_S_test(int) [with _Fn = SerialNode::SerialNode()::<lambda(uint8_t)>::<lambda(auto:40&&)>; _Args = {radar_comm::EnemyInterferenceKey&}][m[K’
[01m[K/usr/include/c++/11/type_traits:2541:55:[m[K   required from ‘[01m[Kstruct std::__result_of_impl<false, false, SerialNode::SerialNode()::<lambda(uint8_t)>::<lambda(auto:40&&)>, radar_comm::EnemyInterferenceKey&>[m[K’
[01m[K/usr/include/c++/11/type_traits:2546:12:[m[K   required from ‘[01m[Kstruct std::__invoke_result<SerialNode::SerialNode()::<lambda(uint8_t)>::<lambda(auto:40&&)>, radar_comm::EnemyInterferenceKey&>[m[K’
[01m[K/usr/include/c++/11/type_traits:3004:12:[m[K   required from ‘[01m[Kstruct std::invoke_result<SerialNode::SerialNode()::<lambda(uint8_t)>::<lambda(auto:40&&)>, radar_comm::EnemyInterferenceKey&>[m[K’
[01m[K/usr/include/c++/11/type_traits:3016:11:[m[K   required by substitution of ‘[01m[Ktemplate<class _Fn, class ... _Args> using invoke_result_t = typename std::invoke_result::type [with _Fn = SerialNode::SerialNode()::<lambda(uint8_t)>::<lambda(auto:40&&)>; _Args = {radar_comm::EnemyInterferenceKey&}][m[K’
[01m[K/usr/include/c++/11/variant:1087:14:[m[K   required from ‘[01m[Kconstexpr bool std::__detail::__variant::__check_visitor_results(std::index_sequence<_Idx ...>) [with _Visitor = SerialNode::SerialNode()::<lambda(uint8_t)>::<lambda(auto:40&&)>; _Variant = std::variant<std::monostate, radar_comm::EnemyRobotPosition, radar_comm::EnemyRobotHP, radar_comm::EnemyRemainingAmmo, radar_comm::EnemyTeamMacroStatus, radar_comm::EnemyRobotBuffs, radar_comm::EnemyInterferenceKey>&; long unsigned int ..._Idxs = {0, 1, 2, 3, 4, 5, 6}; std::index_sequence<_Idx ...> = std::integer_sequence<long unsigned int, 0, 1, 2, 3, 4, 5, 6>][m[K’
[01m[K/usr/include/c++/11/variant:1751:44:[m[K   required from ‘[01m[Kconstexpr std::__detail::__variant::__visit_result_t<_Visitor, _Variants ...> std::visit(_Visitor&&, _Variants&& ...) [with _Visitor = SerialNode::SerialNode()::<lambda(uint8_t)>::<lambda(auto:40&&)>; _Variants = {std::variant<std::monostate, radar_comm::EnemyRobotPosition, radar_comm::EnemyRobotHP, radar_comm::EnemyRemainingAmmo, radar_comm::EnemyTeamMacroStatus, radar_comm::EnemyRobotBuffs, radar_comm::EnemyInterferenceKey>&}; std::__detail::__variant::__visit_result_t<_Visitor, _Variants ...> = void][m[K’
[01m[K/home/moci/radar_serial/src/radar_comm/src/ros/serial_node.cpp:40:23:[m[K   required from here
[01m[K/home/moci/radar_serial/src/radar_comm/src/ros/serial_node.cpp:162:29:[m[K [01;31m[Kerror: [m[Kno match for ‘[01m[Koperator=[m[K’ (operand types are ‘[01m[Kradar_interfaces::msg::InterferenceKey_<std::allocator<void> >::_key_type[m[K’ {aka ‘[01m[Kstd::__cxx11::basic_string<char>[m[K’} and ‘[01m[Kstd::array<char, 6>[m[K’)
  162 |                     [01;31m[Kmsg.key = data.key[m[K;msg.key = std::string(data.key.data(), 6);
      |                     [01;31m[K~~~~~~~~^~~~~~~~~~[m[K
In file included from [01m[K/usr/include/c++/11/string:55[m[K,
                 from [01m[K/usr/include/c++/11/stdexcept:39[m[K,
                 from [01m[K/usr/include/c++/11/system_error:41[m[K,
                 from [01m[K/usr/include/c++/11/mutex:42[m[K,
                 from [01m[K/usr/include/c++/11/future:38[m[K,
                 from [01m[K/opt/ros/humble/include/rclcpp/rclcpp/executors.hpp:18[m[K,
                 from [01m[K/opt/ros/humble/include/rclcpp/rclcpp/rclcpp.hpp:155[m[K,
                 from [01m[K/home/moci/radar_serial/src/radar_comm/src/ros/serial_node.cpp:1[m[K:
[01m[K/usr/include/c++/11/bits/basic_string.h:799:8:[m[K [01;36m[Knote: [m[Kcandidate: ‘[01m[Ktemplate<class _Tp> std::__cxx11::basic_string<_CharT, _Traits, _Alloc>::_If_sv<_Tp, std::__cxx11::basic_string<_CharT, _Traits, _Alloc>&> std::__cxx11::basic_string<_CharT, _Traits, _Alloc>::operator=(const _Tp&) [with _Tp = _Tp; _CharT = char; _Traits = std::char_traits<char>; _Alloc = std::allocator<char>][m[K’
  799 |        [01;36m[Koperator[m[K=(const _Tp& __svt)
      |        [01;36m[K^~~~~~~~[m[K
[01m[K/usr/include/c++/11/bits/basic_string.h:799:8:[m[K [01;36m[Knote: [m[K  template argument deduction/substitution failed:
In file included from [01m[K/usr/include/c++/11/bits/move.h:57[m[K,
                 from [01m[K/usr/include/c++/11/bits/stl_pair.h:59[m[K,
                 from [01m[K/usr/include/c++/11/bits/stl_algobase.h:64[m[K,
                 from [01m[K/usr/include/c++/11/memory:63[m[K,
                 from [01m[K/opt/ros/humble/include/rclcpp/rclcpp/rclcpp.hpp:153[m[K,
                 from [01m[K/home/moci/radar_serial/src/radar_comm/src/ros/serial_node.cpp:1[m[K:
/usr/include/c++/11/type_traits: In substitution of ‘[01m[Ktemplate<bool _Cond, class _Tp> using enable_if_t = typename std::enable_if::type [with bool _Cond = false; _Tp = std::__cxx11::basic_string<char>&][m[K’:
[01m[K/usr/include/c++/11/bits/basic_string.h:125:8:[m[K   required by substitution of ‘[01m[Ktemplate<class _CharT, class _Traits, class _Alloc> template<class _Tp, class _Res> using _If_sv = std::enable_if_t<std::__and_<std::is_convertible<const _Tp&, std::basic_string_view<_CharT, _Traits> >, std::__not_<std::is_convertible<const _Tp*, const std::__cxx11::basic_string<_CharT, _Traits, _Alloc>*> >, std::__not_<std::is_convertible<const _Tp&, const _CharT*> > >::value, _Res> [with _Tp = std::array<char, 6>; _Res = std::__cxx11::basic_string<char>&; _CharT = char; _Traits = std::char_traits<char>; _Alloc = std::allocator<char>][m[K’
[01m[K/usr/include/c++/11/bits/basic_string.h:799:8:[m[K   required by substitution of ‘[01m[Ktemplate<class _Tp> std::__cxx11::basic_string<char>::_If_sv<_Tp, std::__cxx11::basic_string<char>&> std::__cxx11::basic_string<char>::operator=<_Tp>(const _Tp&) [with _Tp = std::array<char, 6>][m[K’
[01m[K/home/moci/radar_serial/src/radar_comm/src/ros/serial_node.cpp:162:29:[m[K   required from ‘[01m[KSerialNode::SerialNode()::<lambda(uint8_t)>::<lambda(auto:40&&)> [with auto:40 = radar_comm::EnemyInterferenceKey&][m[K’
[01m[K/usr/include/c++/11/type_traits:2530:26:[m[K   required by substitution of ‘[01m[Ktemplate<class _Fn, class ... _Args> static std::__result_of_success<decltype (declval<_Fn>()((declval<_Args>)()...)), std::__invoke_other> std::__result_of_other_impl::_S_test(int) [with _Fn = SerialNode::SerialNode()::<lambda(uint8_t)>::<lambda(auto:40&&)>; _Args = {radar_comm::EnemyInterferenceKey&}][m[K’
[01m[K/usr/include/c++/11/type_traits:2541:55:[m[K   required from ‘[01m[Kstruct std::__result_of_impl<false, false, SerialNode::SerialNode()::<lambda(uint8_t)>::<lambda(auto:40&&)>, radar_comm::EnemyInterferenceKey&>[m[K’
[01m[K/usr/include/c++/11/type_traits:2546:12:[m[K   required from ‘[01m[Kstruct std::__invoke_result<SerialNode::SerialNode()::<lambda(uint8_t)>::<lambda(auto:40&&)>, radar_comm::EnemyInterferenceKey&>[m[K’
[01m[K/usr/include/c++/11/type_traits:3004:12:[m[K   required from ‘[01m[Kstruct std::invoke_result<SerialNode::SerialNode()::<lambda(uint8_t)>::<lambda(auto:40&&)>, radar_comm::EnemyInterferenceKey&>[m[K’
[01m[K/usr/include/c++/11/type_traits:3016:11:[m[K   required by substitution of ‘[01m[Ktemplate<class _Fn, class ... _Args> using invoke_result_t = typename std::invoke_result::type [with _Fn = SerialNode::SerialNode()::<lambda(uint8_t)>::<lambda(auto:40&&)>; _Args = {radar_comm::EnemyInterferenceKey&}][m[K’
[01m[K/usr/include/c++/11/variant:1087:14:[m[K   required from ‘[01m[Kconstexpr bool std::__detail::__variant::__check_visitor_results(std::index_sequence<_Idx ...>) [with _Visitor = SerialNode::SerialNode()::<lambda(uint8_t)>::<lambda(auto:40&&)>; _Variant = std::variant<std::monostate, radar_comm::EnemyRobotPosition, radar_comm::EnemyRobotHP, radar_comm::EnemyRemainingAmmo, radar_comm::EnemyTeamMacroStatus, radar_comm::EnemyRobotBuffs, radar_comm::EnemyInterferenceKey>&; long unsigned int ..._Idxs = {0, 1, 2, 3, 4, 5, 6}; std::index_sequence<_Idx ...> = std::integer_sequence<long unsigned int, 0, 1, 2, 3, 4, 5, 6>][m[K’
[01m[K/usr/include/c++/11/variant:1751:44:[m[K   required from ‘[01m[Kconstexpr std::__detail::__variant::__visit_result_t<_Visitor, _Variants ...> std::visit(_Visitor&&, _Variants&& ...) [with _Visitor = SerialNode::SerialNode()::<lambda(uint8_t)>::<lambda(auto:40&&)>; _Variants = {std::variant<std::monostate, radar_comm::EnemyRobotPosition, radar_comm::EnemyRobotHP, radar_comm::EnemyRemainingAmmo, radar_comm::EnemyTeamMacroStatus, radar_comm::EnemyRobotBuffs, radar_comm::EnemyInterferenceKey>&}; std::__detail::__variant::__visit_result_t<_Visitor, _Variants ...> = void][m[K’
[01m[K/home/moci/radar_serial/src/radar_comm/src/ros/serial_node.cpp:40:23:[m[K   required from here
[01m[K/usr/include/c++/11/type_traits:2579:11:[m[K [01;31m[Kerror: [m[Kno type named ‘[01m[Ktype[m[K’ in ‘[01m[Kstruct std::enable_if<false, std::__cxx11::basic_string<char>&>[m[K’
 2579 |     using [01;31m[Kenable_if_t[m[K = typename enable_if<_Cond, _Tp>::type;
      |           [01;31m[K^~~~~~~~~~~[m[K
In file included from [01m[K/usr/include/c++/11/string:55[m[K,
                 from [01m[K/usr/include/c++/11/stdexcept:39[m[K,
                 from [01m[K/usr/include/c++/11/system_error:41[m[K,
                 from [01m[K/usr/include/c++/11/mutex:42[m[K,
                 from [01m[K/usr/include/c++/11/future:38[m[K,
                 from [01m[K/opt/ros/humble/include/rclcpp/rclcpp/executors.hpp:18[m[K,
                 from [01m[K/opt/ros/humble/include/rclcpp/rclcpp/rclcpp.hpp:155[m[K,
                 from [01m[K/home/moci/radar_serial/src/radar_comm/src/ros/serial_node.cpp:1[m[K:
/home/moci/radar_serial/src/radar_comm/src/ros/serial_node.cpp: In instantiation of ‘[01m[KSerialNode::SerialNode()::<lambda(uint8_t)>::<lambda(auto:40&&)> [with auto:40 = radar_comm::EnemyInterferenceKey&][m[K’:
[01m[K/usr/include/c++/11/type_traits:2530:26:[m[K   required by substitution of ‘[01m[Ktemplate<class _Fn, class ... _Args> static std::__result_of_success<decltype (declval<_Fn>()((declval<_Args>)()...)), std::__invoke_other> std::__result_of_other_impl::_S_test(int) [with _Fn = SerialNode::SerialNode()::<lambda(uint8_t)>::<lambda(auto:40&&)>; _Args = {radar_comm::EnemyInterferenceKey&}][m[K’
[01m[K/usr/include/c++/11/type_traits:2541:55:[m[K   required from ‘[01m[Kstruct std::__result_of_impl<false, false, SerialNode::SerialNode()::<lambda(uint8_t)>::<lambda(auto:40&&)>, radar_comm::EnemyInterferenceKey&>[m[K’
[01m[K/usr/include/c++/11/type_traits:2546:12:[m[K   required from ‘[01m[Kstruct std::__invoke_result<SerialNode::SerialNode()::<lambda(uint8_t)>::<lambda(auto:40&&)>, radar_comm::EnemyInterferenceKey&>[m[K’
[01m[K/usr/include/c++/11/type_traits:3004:12:[m[K   required from ‘[01m[Kstruct std::invoke_result<SerialNode::SerialNode()::<lambda(uint8_t)>::<lambda(auto:40&&)>, radar_comm::EnemyInterferenceKey&>[m[K’
[01m[K/usr/include/c++/11/type_traits:3016:11:[m[K   required by substitution of ‘[01m[Ktemplate<class _Fn, class ... _Args> using invoke_result_t = typename std::invoke_result::type [with _Fn = SerialNode::SerialNode()::<lambda(uint8_t)>::<lambda(auto:40&&)>; _Args = {radar_comm::EnemyInterferenceKey&}][m[K’
[01m[K/usr/include/c++/11/variant:1087:14:[m[K   required from ‘[01m[Kconstexpr bool std::__detail::__variant::__check_visitor_results(std::index_sequence<_Idx ...>) [with _Visitor = SerialNode::SerialNode()::<lambda(uint8_t)>::<lambda(auto:40&&)>; _Variant = std::variant<std::monostate, radar_comm::EnemyRobotPosition, radar_comm::EnemyRobotHP, radar_comm::EnemyRemainingAmmo, radar_comm::EnemyTeamMacroStatus, radar_comm::EnemyRobotBuffs, radar_comm::EnemyInterferenceKey>&; long unsigned int ..._Idxs = {0, 1, 2, 3, 4, 5, 6}; std::index_sequence<_Idx ...> = std::integer_sequence<long unsigned int, 0, 1, 2, 3, 4, 5, 6>][m[K’
[01m[K/usr/include/c++/11/variant:1751:44:[m[K   required from ‘[01m[Kconstexpr std::__detail::__variant::__visit_result_t<_Visitor, _Variants ...> std::visit(_Visitor&&, _Variants&& ...) [with _Visitor = SerialNode::SerialNode()::<lambda(uint8_t)>::<lambda(auto:40&&)>; _Variants = {std::variant<std::monostate, radar_comm::EnemyRobotPosition, radar_comm::EnemyRobotHP, radar_comm::EnemyRemainingAmmo, radar_comm::EnemyTeamMacroStatus, radar_comm::EnemyRobotBuffs, radar_comm::EnemyInterferenceKey>&}; std::__detail::__variant::__visit_result_t<_Visitor, _Variants ...> = void][m[K’
[01m[K/home/moci/radar_serial/src/radar_comm/src/ros/serial_node.cpp:40:23:[m[K   required from here
[01m[K/usr/include/c++/11/bits/basic_string.h:679:7:[m[K [01;36m[Knote: [m[Kcandidate: ‘[01m[Kstd::__cxx11::basic_string<_CharT, _Traits, _Alloc>& std::__cxx11::basic_string<_CharT, _Traits, _Alloc>::operator=(const std::__cxx11::basic_string<_CharT, _Traits, _Alloc>&) [with _CharT = char; _Traits = std::char_traits<char>; _Alloc = std::allocator<char>][m[K’
  679 |       [01;36m[Koperator[m[K=(const basic_string& __str)
      |       [01;36m[K^~~~~~~~[m[K
[01m[K/usr/include/c++/11/bits/basic_string.h:679:37:[m[K [01;36m[Knote: [m[K  no known conversion for argument 1 from ‘[01m[Kstd::array<char, 6>[m[K’ to ‘[01m[Kconst std::__cxx11::basic_string<char>&[m[K’
  679 |       operator=([01;36m[Kconst basic_string& __str[m[K)
      |                 [01;36m[K~~~~~~~~~~~~~~~~~~~~^~~~~[m[K
[01m[K/usr/include/c++/11/bits/basic_string.h:689:7:[m[K [01;36m[Knote: [m[Kcandidate: ‘[01m[Kstd::__cxx11::basic_string<_CharT, _Traits, _Alloc>& std::__cxx11::basic_string<_CharT, _Traits, _Alloc>::operator=(const _CharT*) [with _CharT = char; _Traits = std::char_traits<char>; _Alloc = std::allocator<char>][m[K’
  689 |       [01;36m[Koperator[m[K=(const _CharT* __s)
      |       [01;36m[K^~~~~~~~[m[K
[01m[K/usr/include/c++/11/bits/basic_string.h:689:31:[m[K [01;36m[Knote: [m[K  no known conversion for argument 1 from ‘[01m[Kstd::array<char, 6>[m[K’ to ‘[01m[Kconst char*[m[K’
  689 |       operator=([01;36m[Kconst _CharT* __s[m[K)
      |                 [01;36m[K~~~~~~~~~~~~~~^~~[m[K
[01m[K/usr/include/c++/11/bits/basic_string.h:700:7:[m[K [01;36m[Knote: [m[Kcandidate: ‘[01m[Kstd::__cxx11::basic_string<_CharT, _Traits, _Alloc>& std::__cxx11::basic_string<_CharT, _Traits, _Alloc>::operator=(_CharT) [with _CharT = char; _Traits = std::char_traits<char>; _Alloc = std::allocator<char>][m[K’
  700 |       [01;36m[Koperator[m[K=(_CharT __c)
      |       [01;36m[K^~~~~~~~[m[K
[01m[K/usr/include/c++/11/bits/basic_string.h:700:24:[m[K [01;36m[Knote: [m[K  no known conversion for argument 1 from ‘[01m[Kstd::array<char, 6>[m[K’ to ‘[01m[Kchar[m[K’
  700 |       operator=([01;36m[K_CharT __c[m[K)
      |                 [01;36m[K~~~~~~~^~~[m[K
[01m[K/usr/include/c++/11/bits/basic_string.h:717:7:[m[K [01;36m[Knote: [m[Kcandidate: ‘[01m[Kstd::__cxx11::basic_string<_CharT, _Traits, _Alloc>& std::__cxx11::basic_string<_CharT, _Traits, _Alloc>::operator=(std::__cxx11::basic_string<_CharT, _Traits, _Alloc>&&) [with _CharT = char; _Traits = std::char_traits<char>; _Alloc = std::allocator<char>][m[K’
  717 |       [01;36m[Koperator[m[K=(basic_string&& __str)
      |       [01;36m[K^~~~~~~~[m[K
[01m[K/usr/include/c++/11/bits/basic_string.h:717:32:[m[K [01;36m[Knote: [m[K  no known conversion for argument 1 from ‘[01m[Kstd::array<char, 6>[m[K’ to ‘[01m[Kstd::__cxx11::basic_string<char>&&[m[K’
  717 |       operator=([01;36m[Kbasic_string&& __str[m[K)
      |                 [01;36m[K~~~~~~~~~~~~~~~^~~~~[m[K
[01m[K/usr/include/c++/11/bits/basic_string.h:785:7:[m[K [01;36m[Knote: [m[Kcandidate: ‘[01m[Kstd::__cxx11::basic_string<_CharT, _Traits, _Alloc>& std::__cxx11::basic_string<_CharT, _Traits, _Alloc>::operator=(std::initializer_list<_Tp>) [with _CharT = char; _Traits = std::char_traits<char>; _Alloc = std::allocator<char>][m[K’
  785 |       [01;36m[Koperator[m[K=(initializer_list<_CharT> __l)
      |       [01;36m[K^~~~~~~~[m[K
[01m[K/usr/include/c++/11/bits/basic_string.h:785:42:[m[K [01;36m[Knote: [m[K  no known conversion for argument 1 from ‘[01m[Kstd::array<char, 6>[m[K’ to ‘[01m[Kstd::initializer_list<char>[m[K’
  785 |       operator=([01;36m[Kinitializer_list<_CharT> __l[m[K)
      |                 [01;36m[K~~~~~~~~~~~~~~~~~~~~~~~~~^~~[m[K
gmake[2]: *** [CMakeFiles/serial_node.dir/build.make:76：CMakeFiles/serial_node.dir/src/ros/serial_node.cpp.o] 错误 1
gmake[1]: *** [CMakeFiles/Makefile2:193：CMakeFiles/serial_node.dir/all] 错误 2
gmake: *** [Makefile:146：all] 错误 2
