[0.013s] Invoking command in '/home/moci/radar_serial/build/radar_comm': CMAKE_PREFIX_PATH=${CMAKE_PREFIX_PATH}:/opt/ros/humble LD_LIBRARY_PATH=/home/moci/radar_serial/install/radar_interfaces/lib:/opt/MVS/lib/64:/opt/MVS/lib/32:/usr/local/cuda-12.2/lib64:/usr/lib/x86_64-linux-gnu/gazebo-11/plugins:/opt/ros/humble/opt/rviz_ogre_vendor/lib:/opt/ros/humble/lib/x86_64-linux-gnu:/opt/ros/humble/opt/openvdb_vendor/lib:/opt/ros/humble/lib:/opt/MVS/lib/64:/opt/MVS/lib/32:/usr/local/cuda-12.2/lib64:/opt/MVS/lib/64:/opt/MVS/lib/32:/opt/MVS/lib/64:/opt/MVS/lib/32:/opt/MVS/lib:/usr/local/TensorRT-10.6.0.26/lib:/usr/local/TensorRT-10.6.0.26/lib /usr/local/bin/cmake --build /home/moci/radar_serial/build/radar_comm -- -j16 -l16
[0.035s] [ 11%] [32mBuilding CXX object CMakeFiles/test_parser.dir/test/test_parser.cpp.o[0m
[0.035s] [ 11%] [32mBuilding CXX object CMakeFiles/test_parser.dir/src/protocol/decoder.cpp.o[0m
[0.035s] [ 16%] [32mBuilding CXX object CMakeFiles/test_parser.dir/src/protocol/parser.cpp.o[0m
[0.036s] [ 22%] [32mBuilding CXX object CMakeFiles/test_serial.dir/src/protocol/parser.cpp.o[0m
[0.036s] [ 33%] [32mBuilding CXX object CMakeFiles/test_serial.dir/src/protocol/decoder.cpp.o[0m
[0.036s] [ 33%] [32mBuilding CXX object CMakeFiles/test_serial.dir/test/test_serial.cpp.o[0m
[0.041s] [ 44%] [32mBuilding CXX object CMakeFiles/serial_node.dir/src/ros/serial_node.cpp.o[0m
[0.041s] [ 44%] [32mBuilding CXX object CMakeFiles/serial_node.dir/src/protocol/parser.cpp.o[0m
[0.041s] [ 50%] [32mBuilding CXX object CMakeFiles/serial_node.dir/src/protocol/decoder.cpp.o[0m
[0.116s] [01m[K/home/moci/radar_serial/src/radar_comm/src/protocol/decoder.cpp:[m[K In function ‘[01m[Kradar_comm::ProtocolData radar_comm::decode(uint16_t, const std::vector<unsigned char>&)[m[K’:
[0.116s] [01m[K/home/moci/radar_serial/src/radar_comm/src/protocol/decoder.cpp:60:11:[m[K [01;31m[Kerror: [m[K‘[01m[Kstruct radar_comm::EnemyTeamMacroStatus[m[K’ has no member named ‘[01m[Kstatus_bits[m[K’
[0.117s]    60 |         d.[01;31m[Kstatus_bits[m[K = read<uint32_t>(p,4);
[0.117s]       |           [01;31m[K^~~~~~~~~~~[m[K
[0.117s] [01m[K/home/moci/radar_serial/src/radar_comm/src/protocol/decoder.cpp:66:18:[m[K [01;31m[Kerror: [m[K‘[01m[Kstruct radar_comm::EnemyRobotBuffs[m[K’ has no member named ‘[01m[Kraw[m[K’
[0.117s]    66 |         memcpy(d.[01;31m[Kraw[m[K, p.data(), 36);
[0.117s]       |                  [01;31m[K^~~[m[K
[0.117s] [01m[K/home/moci/radar_serial/src/radar_comm/src/protocol/decoder.cpp:[m[K In function ‘[01m[Kradar_comm::ProtocolData radar_comm::decode(uint16_t, const std::vector<unsigned char>&)[m[K’:
[0.117s] [01m[K/home/moci/radar_serial/src/radar_comm/src/protocol/decoder.cpp:60:11:[m[K [01;31m[Kerror: [m[K‘[01m[Kstruct radar_comm::EnemyTeamMacroStatus[m[K’ has no member named ‘[01m[Kstatus_bits[m[K’
[0.117s]    60 |         d.[01;31m[Kstatus_bits[m[K = read<uint32_t>(p,4);
[0.117s]       |           [01;31m[K^~~~~~~~~~~[m[K
[0.118s] [01m[K/home/moci/radar_serial/src/radar_comm/src/protocol/decoder.cpp:66:18:[m[K [01;31m[Kerror: [m[K‘[01m[Kstruct radar_comm::EnemyRobotBuffs[m[K’ has no member named ‘[01m[Kraw[m[K’
[0.118s]    66 |         memcpy(d.[01;31m[Kraw[m[K, p.data(), 36);
[0.118s]       |                  [01;31m[K^~~[m[K
[0.134s] gmake[2]: *** [CMakeFiles/test_serial.dir/build.make:118：CMakeFiles/test_serial.dir/src/protocol/decoder.cpp.o] 错误 1
[0.134s] gmake[2]: *** 正在等待未完成的任务....
[0.135s] gmake[2]: *** [CMakeFiles/test_parser.dir/build.make:118：CMakeFiles/test_parser.dir/src/protocol/decoder.cpp.o] 错误 1
[0.135s] gmake[2]: *** 正在等待未完成的任务....
[0.153s] [01m[K/home/moci/radar_serial/src/radar_comm/src/protocol/decoder.cpp:[m[K In function ‘[01m[Kradar_comm::ProtocolData radar_comm::decode(uint16_t, const std::vector<unsigned char>&)[m[K’:
[0.153s] [01m[K/home/moci/radar_serial/src/radar_comm/src/protocol/decoder.cpp:60:11:[m[K [01;31m[Kerror: [m[K‘[01m[Kstruct radar_comm::EnemyTeamMacroStatus[m[K’ has no member named ‘[01m[Kstatus_bits[m[K’
[0.153s]    60 |         d.[01;31m[Kstatus_bits[m[K = read<uint32_t>(p,4);
[0.154s]       |           [01;31m[K^~~~~~~~~~~[m[K
[0.154s] [01m[K/home/moci/radar_serial/src/radar_comm/src/protocol/decoder.cpp:66:18:[m[K [01;31m[Kerror: [m[K‘[01m[Kstruct radar_comm::EnemyRobotBuffs[m[K’ has no member named ‘[01m[Kraw[m[K’
[0.154s]    66 |         memcpy(d.[01;31m[Kraw[m[K, p.data(), 36);
[0.154s]       |                  [01;31m[K^~~[m[K
[0.170s] gmake[2]: *** [CMakeFiles/serial_node.dir/build.make:118：CMakeFiles/serial_node.dir/src/protocol/decoder.cpp.o] 错误 1
[0.170s] gmake[2]: *** 正在等待未完成的任务....
[0.269s] gmake[1]: *** [CMakeFiles/Makefile2:141：CMakeFiles/test_parser.dir/all] 错误 2
[0.269s] gmake[1]: *** 正在等待未完成的任务....
[0.444s] gmake[1]: *** [CMakeFiles/Makefile2:167：CMakeFiles/test_serial.dir/all] 错误 2
[1.685s] /home/moci/radar_serial/src/radar_comm/src/ros/serial_node.cpp: In instantiation of ‘[01m[KSerialNode::SerialNode()::<lambda(uint8_t)>::<lambda(auto:40&&)> [with auto:40 = radar_comm::EnemyInterferenceKey&][m[K’:
[1.685s] [01m[K/usr/include/c++/11/type_traits:2530:26:[m[K   required by substitution of ‘[01m[Ktemplate<class _Fn, class ... _Args> static std::__result_of_success<decltype (declval<_Fn>()((declval<_Args>)()...)), std::__invoke_other> std::__result_of_other_impl::_S_test(int) [with _Fn = SerialNode::SerialNode()::<lambda(uint8_t)>::<lambda(auto:40&&)>; _Args = {radar_comm::EnemyInterferenceKey&}][m[K’
[1.685s] [01m[K/usr/include/c++/11/type_traits:2541:55:[m[K   required from ‘[01m[Kstruct std::__result_of_impl<false, false, SerialNode::SerialNode()::<lambda(uint8_t)>::<lambda(auto:40&&)>, radar_comm::EnemyInterferenceKey&>[m[K’
[1.685s] [01m[K/usr/include/c++/11/type_traits:2546:12:[m[K   required from ‘[01m[Kstruct std::__invoke_result<SerialNode::SerialNode()::<lambda(uint8_t)>::<lambda(auto:40&&)>, radar_comm::EnemyInterferenceKey&>[m[K’
[1.685s] [01m[K/usr/include/c++/11/type_traits:3004:12:[m[K   required from ‘[01m[Kstruct std::invoke_result<SerialNode::SerialNode()::<lambda(uint8_t)>::<lambda(auto:40&&)>, radar_comm::EnemyInterferenceKey&>[m[K’
[1.685s] [01m[K/usr/include/c++/11/type_traits:3016:11:[m[K   required by substitution of ‘[01m[Ktemplate<class _Fn, class ... _Args> using invoke_result_t = typename std::invoke_result::type [with _Fn = SerialNode::SerialNode()::<lambda(uint8_t)>::<lambda(auto:40&&)>; _Args = {radar_comm::EnemyInterferenceKey&}][m[K’
[1.685s] [01m[K/usr/include/c++/11/variant:1087:14:[m[K   required from ‘[01m[Kconstexpr bool std::__detail::__variant::__check_visitor_results(std::index_sequence<_Idx ...>) [with _Visitor = SerialNode::SerialNode()::<lambda(uint8_t)>::<lambda(auto:40&&)>; _Variant = std::variant<std::monostate, radar_comm::EnemyRobotPosition, radar_comm::EnemyRobotHP, radar_comm::EnemyRemainingAmmo, radar_comm::EnemyTeamMacroStatus, radar_comm::EnemyRobotBuffs, radar_comm::EnemyInterferenceKey>&; long unsigned int ..._Idxs = {0, 1, 2, 3, 4, 5, 6}; std::index_sequence<_Idx ...> = std::integer_sequence<long unsigned int, 0, 1, 2, 3, 4, 5, 6>][m[K’
[1.685s] [01m[K/usr/include/c++/11/variant:1751:44:[m[K   required from ‘[01m[Kconstexpr std::__detail::__variant::__visit_result_t<_Visitor, _Variants ...> std::visit(_Visitor&&, _Variants&& ...) [with _Visitor = SerialNode::SerialNode()::<lambda(uint8_t)>::<lambda(auto:40&&)>; _Variants = {std::variant<std::monostate, radar_comm::EnemyRobotPosition, radar_comm::EnemyRobotHP, radar_comm::EnemyRemainingAmmo, radar_comm::EnemyTeamMacroStatus, radar_comm::EnemyRobotBuffs, radar_comm::EnemyInterferenceKey>&}; std::__detail::__variant::__visit_result_t<_Visitor, _Variants ...> = void][m[K’
[1.686s] [01m[K/home/moci/radar_serial/src/radar_comm/src/ros/serial_node.cpp:40:23:[m[K   required from here
[1.686s] [01m[K/home/moci/radar_serial/src/radar_comm/src/ros/serial_node.cpp:162:29:[m[K [01;31m[Kerror: [m[Kno match for ‘[01m[Koperator=[m[K’ (operand types are ‘[01m[Kradar_interfaces::msg::InterferenceKey_<std::allocator<void> >::_key_type[m[K’ {aka ‘[01m[Kstd::__cxx11::basic_string<char>[m[K’} and ‘[01m[Kstd::array<char, 6>[m[K’)
[1.686s]   162 |                     [01;31m[Kmsg.key = data.key[m[K;msg.key = std::string(data.key.data(), 6);
[1.686s]       |                     [01;31m[K~~~~~~~~^~~~~~~~~~[m[K
[1.686s] In file included from [01m[K/usr/include/c++/11/string:55[m[K,
[1.686s]                  from [01m[K/usr/include/c++/11/stdexcept:39[m[K,
[1.686s]                  from [01m[K/usr/include/c++/11/system_error:41[m[K,
[1.686s]                  from [01m[K/usr/include/c++/11/mutex:42[m[K,
[1.686s]                  from [01m[K/usr/include/c++/11/future:38[m[K,
[1.686s]                  from [01m[K/opt/ros/humble/include/rclcpp/rclcpp/executors.hpp:18[m[K,
[1.686s]                  from [01m[K/opt/ros/humble/include/rclcpp/rclcpp/rclcpp.hpp:155[m[K,
[1.686s]                  from [01m[K/home/moci/radar_serial/src/radar_comm/src/ros/serial_node.cpp:1[m[K:
[1.686s] [01m[K/usr/include/c++/11/bits/basic_string.h:799:8:[m[K [01;36m[Knote: [m[Kcandidate: ‘[01m[Ktemplate<class _Tp> std::__cxx11::basic_string<_CharT, _Traits, _Alloc>::_If_sv<_Tp, std::__cxx11::basic_string<_CharT, _Traits, _Alloc>&> std::__cxx11::basic_string<_CharT, _Traits, _Alloc>::operator=(const _Tp&) [with _Tp = _Tp; _CharT = char; _Traits = std::char_traits<char>; _Alloc = std::allocator<char>][m[K’
[1.686s]   799 |        [01;36m[Koperator[m[K=(const _Tp& __svt)
[1.686s]       |        [01;36m[K^~~~~~~~[m[K
[1.686s] [01m[K/usr/include/c++/11/bits/basic_string.h:799:8:[m[K [01;36m[Knote: [m[K  template argument deduction/substitution failed:
[1.686s] In file included from [01m[K/usr/include/c++/11/bits/move.h:57[m[K,
[1.686s]                  from [01m[K/usr/include/c++/11/bits/stl_pair.h:59[m[K,
[1.686s]                  from [01m[K/usr/include/c++/11/bits/stl_algobase.h:64[m[K,
[1.686s]                  from [01m[K/usr/include/c++/11/memory:63[m[K,
[1.686s]                  from [01m[K/opt/ros/humble/include/rclcpp/rclcpp/rclcpp.hpp:153[m[K,
[1.686s]                  from [01m[K/home/moci/radar_serial/src/radar_comm/src/ros/serial_node.cpp:1[m[K:
[1.686s] /usr/include/c++/11/type_traits: In substitution of ‘[01m[Ktemplate<bool _Cond, class _Tp> using enable_if_t = typename std::enable_if::type [with bool _Cond = false; _Tp = std::__cxx11::basic_string<char>&][m[K’:
[1.686s] [01m[K/usr/include/c++/11/bits/basic_string.h:125:8:[m[K   required by substitution of ‘[01m[Ktemplate<class _CharT, class _Traits, class _Alloc> template<class _Tp, class _Res> using _If_sv = std::enable_if_t<std::__and_<std::is_convertible<const _Tp&, std::basic_string_view<_CharT, _Traits> >, std::__not_<std::is_convertible<const _Tp*, const std::__cxx11::basic_string<_CharT, _Traits, _Alloc>*> >, std::__not_<std::is_convertible<const _Tp&, const _CharT*> > >::value, _Res> [with _Tp = std::array<char, 6>; _Res = std::__cxx11::basic_string<char>&; _CharT = char; _Traits = std::char_traits<char>; _Alloc = std::allocator<char>][m[K’
[1.686s] [01m[K/usr/include/c++/11/bits/basic_string.h:799:8:[m[K   required by substitution of ‘[01m[Ktemplate<class _Tp> std::__cxx11::basic_string<char>::_If_sv<_Tp, std::__cxx11::basic_string<char>&> std::__cxx11::basic_string<char>::operator=<_Tp>(const _Tp&) [with _Tp = std::array<char, 6>][m[K’
[1.686s] [01m[K/home/moci/radar_serial/src/radar_comm/src/ros/serial_node.cpp:162:29:[m[K   required from ‘[01m[KSerialNode::SerialNode()::<lambda(uint8_t)>::<lambda(auto:40&&)> [with auto:40 = radar_comm::EnemyInterferenceKey&][m[K’
[1.686s] [01m[K/usr/include/c++/11/type_traits:2530:26:[m[K   required by substitution of ‘[01m[Ktemplate<class _Fn, class ... _Args> static std::__result_of_success<decltype (declval<_Fn>()((declval<_Args>)()...)), std::__invoke_other> std::__result_of_other_impl::_S_test(int) [with _Fn = SerialNode::SerialNode()::<lambda(uint8_t)>::<lambda(auto:40&&)>; _Args = {radar_comm::EnemyInterferenceKey&}][m[K’
[1.686s] [01m[K/usr/include/c++/11/type_traits:2541:55:[m[K   required from ‘[01m[Kstruct std::__result_of_impl<false, false, SerialNode::SerialNode()::<lambda(uint8_t)>::<lambda(auto:40&&)>, radar_comm::EnemyInterferenceKey&>[m[K’
[1.686s] [01m[K/usr/include/c++/11/type_traits:2546:12:[m[K   required from ‘[01m[Kstruct std::__invoke_result<SerialNode::SerialNode()::<lambda(uint8_t)>::<lambda(auto:40&&)>, radar_comm::EnemyInterferenceKey&>[m[K’
[1.686s] [01m[K/usr/include/c++/11/type_traits:3004:12:[m[K   required from ‘[01m[Kstruct std::invoke_result<SerialNode::SerialNode()::<lambda(uint8_t)>::<lambda(auto:40&&)>, radar_comm::EnemyInterferenceKey&>[m[K’
[1.686s] [01m[K/usr/include/c++/11/type_traits:3016:11:[m[K   required by substitution of ‘[01m[Ktemplate<class _Fn, class ... _Args> using invoke_result_t = typename std::invoke_result::type [with _Fn = SerialNode::SerialNode()::<lambda(uint8_t)>::<lambda(auto:40&&)>; _Args = {radar_comm::EnemyInterferenceKey&}][m[K’
[1.687s] [01m[K/usr/include/c++/11/variant:1087:14:[m[K   required from ‘[01m[Kconstexpr bool std::__detail::__variant::__check_visitor_results(std::index_sequence<_Idx ...>) [with _Visitor = SerialNode::SerialNode()::<lambda(uint8_t)>::<lambda(auto:40&&)>; _Variant = std::variant<std::monostate, radar_comm::EnemyRobotPosition, radar_comm::EnemyRobotHP, radar_comm::EnemyRemainingAmmo, radar_comm::EnemyTeamMacroStatus, radar_comm::EnemyRobotBuffs, radar_comm::EnemyInterferenceKey>&; long unsigned int ..._Idxs = {0, 1, 2, 3, 4, 5, 6}; std::index_sequence<_Idx ...> = std::integer_sequence<long unsigned int, 0, 1, 2, 3, 4, 5, 6>][m[K’
[1.687s] [01m[K/usr/include/c++/11/variant:1751:44:[m[K   required from ‘[01m[Kconstexpr std::__detail::__variant::__visit_result_t<_Visitor, _Variants ...> std::visit(_Visitor&&, _Variants&& ...) [with _Visitor = SerialNode::SerialNode()::<lambda(uint8_t)>::<lambda(auto:40&&)>; _Variants = {std::variant<std::monostate, radar_comm::EnemyRobotPosition, radar_comm::EnemyRobotHP, radar_comm::EnemyRemainingAmmo, radar_comm::EnemyTeamMacroStatus, radar_comm::EnemyRobotBuffs, radar_comm::EnemyInterferenceKey>&}; std::__detail::__variant::__visit_result_t<_Visitor, _Variants ...> = void][m[K’
[1.687s] [01m[K/home/moci/radar_serial/src/radar_comm/src/ros/serial_node.cpp:40:23:[m[K   required from here
[1.687s] [01m[K/usr/include/c++/11/type_traits:2579:11:[m[K [01;31m[Kerror: [m[Kno type named ‘[01m[Ktype[m[K’ in ‘[01m[Kstruct std::enable_if<false, std::__cxx11::basic_string<char>&>[m[K’
[1.687s]  2579 |     using [01;31m[Kenable_if_t[m[K = typename enable_if<_Cond, _Tp>::type;
[1.687s]       |           [01;31m[K^~~~~~~~~~~[m[K
[1.687s] In file included from [01m[K/usr/include/c++/11/string:55[m[K,
[1.687s]                  from [01m[K/usr/include/c++/11/stdexcept:39[m[K,
[1.687s]                  from [01m[K/usr/include/c++/11/system_error:41[m[K,
[1.687s]                  from [01m[K/usr/include/c++/11/mutex:42[m[K,
[1.687s]                  from [01m[K/usr/include/c++/11/future:38[m[K,
[1.687s]                  from [01m[K/opt/ros/humble/include/rclcpp/rclcpp/executors.hpp:18[m[K,
[1.687s]                  from [01m[K/opt/ros/humble/include/rclcpp/rclcpp/rclcpp.hpp:155[m[K,
[1.687s]                  from [01m[K/home/moci/radar_serial/src/radar_comm/src/ros/serial_node.cpp:1[m[K:
[1.687s] /home/moci/radar_serial/src/radar_comm/src/ros/serial_node.cpp: In instantiation of ‘[01m[KSerialNode::SerialNode()::<lambda(uint8_t)>::<lambda(auto:40&&)> [with auto:40 = radar_comm::EnemyInterferenceKey&][m[K’:
[1.687s] [01m[K/usr/include/c++/11/type_traits:2530:26:[m[K   required by substitution of ‘[01m[Ktemplate<class _Fn, class ... _Args> static std::__result_of_success<decltype (declval<_Fn>()((declval<_Args>)()...)), std::__invoke_other> std::__result_of_other_impl::_S_test(int) [with _Fn = SerialNode::SerialNode()::<lambda(uint8_t)>::<lambda(auto:40&&)>; _Args = {radar_comm::EnemyInterferenceKey&}][m[K’
[1.687s] [01m[K/usr/include/c++/11/type_traits:2541:55:[m[K   required from ‘[01m[Kstruct std::__result_of_impl<false, false, SerialNode::SerialNode()::<lambda(uint8_t)>::<lambda(auto:40&&)>, radar_comm::EnemyInterferenceKey&>[m[K’
[1.687s] [01m[K/usr/include/c++/11/type_traits:2546:12:[m[K   required from ‘[01m[Kstruct std::__invoke_result<SerialNode::SerialNode()::<lambda(uint8_t)>::<lambda(auto:40&&)>, radar_comm::EnemyInterferenceKey&>[m[K’
[1.687s] [01m[K/usr/include/c++/11/type_traits:3004:12:[m[K   required from ‘[01m[Kstruct std::invoke_result<SerialNode::SerialNode()::<lambda(uint8_t)>::<lambda(auto:40&&)>, radar_comm::EnemyInterferenceKey&>[m[K’
[1.687s] [01m[K/usr/include/c++/11/type_traits:3016:11:[m[K   required by substitution of ‘[01m[Ktemplate<class _Fn, class ... _Args> using invoke_result_t = typename std::invoke_result::type [with _Fn = SerialNode::SerialNode()::<lambda(uint8_t)>::<lambda(auto:40&&)>; _Args = {radar_comm::EnemyInterferenceKey&}][m[K’
[1.687s] [01m[K/usr/include/c++/11/variant:1087:14:[m[K   required from ‘[01m[Kconstexpr bool std::__detail::__variant::__check_visitor_results(std::index_sequence<_Idx ...>) [with _Visitor = SerialNode::SerialNode()::<lambda(uint8_t)>::<lambda(auto:40&&)>; _Variant = std::variant<std::monostate, radar_comm::EnemyRobotPosition, radar_comm::EnemyRobotHP, radar_comm::EnemyRemainingAmmo, radar_comm::EnemyTeamMacroStatus, radar_comm::EnemyRobotBuffs, radar_comm::EnemyInterferenceKey>&; long unsigned int ..._Idxs = {0, 1, 2, 3, 4, 5, 6}; std::index_sequence<_Idx ...> = std::integer_sequence<long unsigned int, 0, 1, 2, 3, 4, 5, 6>][m[K’
[1.687s] [01m[K/usr/include/c++/11/variant:1751:44:[m[K   required from ‘[01m[Kconstexpr std::__detail::__variant::__visit_result_t<_Visitor, _Variants ...> std::visit(_Visitor&&, _Variants&& ...) [with _Visitor = SerialNode::SerialNode()::<lambda(uint8_t)>::<lambda(auto:40&&)>; _Variants = {std::variant<std::monostate, radar_comm::EnemyRobotPosition, radar_comm::EnemyRobotHP, radar_comm::EnemyRemainingAmmo, radar_comm::EnemyTeamMacroStatus, radar_comm::EnemyRobotBuffs, radar_comm::EnemyInterferenceKey>&}; std::__detail::__variant::__visit_result_t<_Visitor, _Variants ...> = void][m[K’
[1.687s] [01m[K/home/moci/radar_serial/src/radar_comm/src/ros/serial_node.cpp:40:23:[m[K   required from here
[1.687s] [01m[K/usr/include/c++/11/bits/basic_string.h:679:7:[m[K [01;36m[Knote: [m[Kcandidate: ‘[01m[Kstd::__cxx11::basic_string<_CharT, _Traits, _Alloc>& std::__cxx11::basic_string<_CharT, _Traits, _Alloc>::operator=(const std::__cxx11::basic_string<_CharT, _Traits, _Alloc>&) [with _CharT = char; _Traits = std::char_traits<char>; _Alloc = std::allocator<char>][m[K’
[1.687s]   679 |       [01;36m[Koperator[m[K=(const basic_string& __str)
[1.687s]       |       [01;36m[K^~~~~~~~[m[K
[1.687s] [01m[K/usr/include/c++/11/bits/basic_string.h:679:37:[m[K [01;36m[Knote: [m[K  no known conversion for argument 1 from ‘[01m[Kstd::array<char, 6>[m[K’ to ‘[01m[Kconst std::__cxx11::basic_string<char>&[m[K’
[1.687s]   679 |       operator=([01;36m[Kconst basic_string& __str[m[K)
[1.687s]       |                 [01;36m[K~~~~~~~~~~~~~~~~~~~~^~~~~[m[K
[1.687s] [01m[K/usr/include/c++/11/bits/basic_string.h:689:7:[m[K [01;36m[Knote: [m[Kcandidate: ‘[01m[Kstd::__cxx11::basic_string<_CharT, _Traits, _Alloc>& std::__cxx11::basic_string<_CharT, _Traits, _Alloc>::operator=(const _CharT*) [with _CharT = char; _Traits = std::char_traits<char>; _Alloc = std::allocator<char>][m[K’
[1.687s]   689 |       [01;36m[Koperator[m[K=(const _CharT* __s)
[1.687s]       |       [01;36m[K^~~~~~~~[m[K
[1.688s] [01m[K/usr/include/c++/11/bits/basic_string.h:689:31:[m[K [01;36m[Knote: [m[K  no known conversion for argument 1 from ‘[01m[Kstd::array<char, 6>[m[K’ to ‘[01m[Kconst char*[m[K’
[1.688s]   689 |       operator=([01;36m[Kconst _CharT* __s[m[K)
[1.688s]       |                 [01;36m[K~~~~~~~~~~~~~~^~~[m[K
[1.688s] [01m[K/usr/include/c++/11/bits/basic_string.h:700:7:[m[K [01;36m[Knote: [m[Kcandidate: ‘[01m[Kstd::__cxx11::basic_string<_CharT, _Traits, _Alloc>& std::__cxx11::basic_string<_CharT, _Traits, _Alloc>::operator=(_CharT) [with _CharT = char; _Traits = std::char_traits<char>; _Alloc = std::allocator<char>][m[K’
[1.688s]   700 |       [01;36m[Koperator[m[K=(_CharT __c)
[1.688s]       |       [01;36m[K^~~~~~~~[m[K
[1.688s] [01m[K/usr/include/c++/11/bits/basic_string.h:700:24:[m[K [01;36m[Knote: [m[K  no known conversion for argument 1 from ‘[01m[Kstd::array<char, 6>[m[K’ to ‘[01m[Kchar[m[K’
[1.688s]   700 |       operator=([01;36m[K_CharT __c[m[K)
[1.688s]       |                 [01;36m[K~~~~~~~^~~[m[K
[1.688s] [01m[K/usr/include/c++/11/bits/basic_string.h:717:7:[m[K [01;36m[Knote: [m[Kcandidate: ‘[01m[Kstd::__cxx11::basic_string<_CharT, _Traits, _Alloc>& std::__cxx11::basic_string<_CharT, _Traits, _Alloc>::operator=(std::__cxx11::basic_string<_CharT, _Traits, _Alloc>&&) [with _CharT = char; _Traits = std::char_traits<char>; _Alloc = std::allocator<char>][m[K’
[1.688s]   717 |       [01;36m[Koperator[m[K=(basic_string&& __str)
[1.688s]       |       [01;36m[K^~~~~~~~[m[K
[1.688s] [01m[K/usr/include/c++/11/bits/basic_string.h:717:32:[m[K [01;36m[Knote: [m[K  no known conversion for argument 1 from ‘[01m[Kstd::array<char, 6>[m[K’ to ‘[01m[Kstd::__cxx11::basic_string<char>&&[m[K’
[1.688s]   717 |       operator=([01;36m[Kbasic_string&& __str[m[K)
[1.688s]       |                 [01;36m[K~~~~~~~~~~~~~~~^~~~~[m[K
[1.688s] [01m[K/usr/include/c++/11/bits/basic_string.h:785:7:[m[K [01;36m[Knote: [m[Kcandidate: ‘[01m[Kstd::__cxx11::basic_string<_CharT, _Traits, _Alloc>& std::__cxx11::basic_string<_CharT, _Traits, _Alloc>::operator=(std::initializer_list<_Tp>) [with _CharT = char; _Traits = std::char_traits<char>; _Alloc = std::allocator<char>][m[K’
[1.688s]   785 |       [01;36m[Koperator[m[K=(initializer_list<_CharT> __l)
[1.688s]       |       [01;36m[K^~~~~~~~[m[K
[1.688s] [01m[K/usr/include/c++/11/bits/basic_string.h:785:42:[m[K [01;36m[Knote: [m[K  no known conversion for argument 1 from ‘[01m[Kstd::array<char, 6>[m[K’ to ‘[01m[Kstd::initializer_list<char>[m[K’
[1.688s]   785 |       operator=([01;36m[Kinitializer_list<_CharT> __l[m[K)
[1.688s]       |                 [01;36m[K~~~~~~~~~~~~~~~~~~~~~~~~~^~~[m[K
[2.829s] gmake[2]: *** [CMakeFiles/serial_node.dir/build.make:76：CMakeFiles/serial_node.dir/src/ros/serial_node.cpp.o] 错误 1
[2.830s] gmake[1]: *** [CMakeFiles/Makefile2:193：CMakeFiles/serial_node.dir/all] 错误 2
[2.830s] gmake: *** [Makefile:146：all] 错误 2
[2.832s] Invoked command in '/home/moci/radar_serial/build/radar_comm' returned '2': CMAKE_PREFIX_PATH=${CMAKE_PREFIX_PATH}:/opt/ros/humble LD_LIBRARY_PATH=/home/moci/radar_serial/install/radar_interfaces/lib:/opt/MVS/lib/64:/opt/MVS/lib/32:/usr/local/cuda-12.2/lib64:/usr/lib/x86_64-linux-gnu/gazebo-11/plugins:/opt/ros/humble/opt/rviz_ogre_vendor/lib:/opt/ros/humble/lib/x86_64-linux-gnu:/opt/ros/humble/opt/openvdb_vendor/lib:/opt/ros/humble/lib:/opt/MVS/lib/64:/opt/MVS/lib/32:/usr/local/cuda-12.2/lib64:/opt/MVS/lib/64:/opt/MVS/lib/32:/opt/MVS/lib/64:/opt/MVS/lib/32:/opt/MVS/lib:/usr/local/TensorRT-10.6.0.26/lib:/usr/local/TensorRT-10.6.0.26/lib /usr/local/bin/cmake --build /home/moci/radar_serial/build/radar_comm -- -j16 -l16
