[0.009s] Invoking command in '/home/moci/radar_serial/build/radar_interfaces': CMAKE_PREFIX_PATH=/opt/ros/humble /usr/local/bin/cmake --build /home/moci/radar_serial/build/radar_interfaces -- -j16 -l16
[0.047s] [  1%] Built target radar_interfaces__rs
[0.048s] [  1%] Built target radar_interfaces__cpp
[0.052s] [ 13%] Built target radar_interfaces__rosidl_generator_c
[0.053s] [ 13%] Built target ament_cmake_python_copy_radar_interfaces
[0.069s] [ 24%] Built target radar_interfaces__rosidl_typesupport_c
[0.070s] [ 35%] Built target radar_interfaces__rosidl_typesupport_introspection_c
[0.070s] [ 47%] Built target radar_interfaces__rosidl_typesupport_cpp
[0.071s] [ 59%] Built target radar_interfaces__rosidl_typesupport_introspection_cpp
[0.072s] [ 71%] Built target radar_interfaces__rosidl_typesupport_fastrtps_cpp
[0.076s] [ 82%] Built target radar_interfaces__rosidl_typesupport_fastrtps_c
[0.084s] [ 82%] Built target radar_interfaces
[0.096s] [ 83%] Built target radar_interfaces__py
[0.117s] [ 94%] Built target radar_interfaces__rosidl_generator_py
[0.129s] [ 96%] Built target radar_interfaces__rosidl_typesupport_fastrtps_c__pyext
[0.129s] [ 98%] Built target radar_interfaces__rosidl_typesupport_introspection_c__pyext
[0.129s] [100%] Built target radar_interfaces__rosidl_typesupport_c__pyext
[0.230s] running egg_info
[0.230s] writing radar_interfaces.egg-info/PKG-INFO
[0.230s] writing dependency_links to radar_interfaces.egg-info/dependency_links.txt
[0.230s] writing top-level names to radar_interfaces.egg-info/top_level.txt
[0.232s] reading manifest file 'radar_interfaces.egg-info/SOURCES.txt'
[0.233s] writing manifest file 'radar_interfaces.egg-info/SOURCES.txt'
[0.254s] [100%] Built target ament_cmake_python_build_radar_interfaces_egg
[0.260s] Invoked command in '/home/moci/radar_serial/build/radar_interfaces' returned '0': CMAKE_PREFIX_PATH=/opt/ros/humble /usr/local/bin/cmake --build /home/moci/radar_serial/build/radar_interfaces -- -j16 -l16
[0.264s] Invoking command in '/home/moci/radar_serial/build/radar_interfaces': CMAKE_PREFIX_PATH=/opt/ros/humble /usr/local/bin/cmake --install /home/moci/radar_serial/build/radar_interfaces
[0.266s] -- Install configuration: ""
[0.266s] -- Up-to-date: /home/moci/radar_serial/install/radar_interfaces/share/ament_index/resource_index/rosidl_interfaces/radar_interfaces
[0.266s] -- Up-to-date: /home/moci/radar_serial/install/radar_interfaces/include/radar_interfaces/radar_interfaces
[0.266s] -- Up-to-date: /home/moci/radar_serial/install/radar_interfaces/include/radar_interfaces/radar_interfaces/msg
[0.266s] -- Up-to-date: /home/moci/radar_serial/install/radar_interfaces/include/radar_interfaces/radar_interfaces/msg/enemy_hp.h
[0.266s] -- Up-to-date: /home/moci/radar_serial/install/radar_interfaces/include/radar_interfaces/radar_interfaces/msg/radar_decision_command.h
[0.266s] -- Up-to-date: /home/moci/radar_serial/install/radar_interfaces/include/radar_interfaces/radar_interfaces/msg/detail
[0.266s] -- Up-to-date: /home/moci/radar_serial/install/radar_interfaces/include/radar_interfaces/radar_interfaces/msg/detail/macro_status__type_support.h
[0.266s] -- Up-to-date: /home/moci/radar_serial/install/radar_interfaces/include/radar_interfaces/radar_interfaces/msg/detail/enemy_hp__struct.h
[0.266s] -- Up-to-date: /home/moci/radar_serial/install/radar_interfaces/include/radar_interfaces/radar_interfaces/msg/detail/radar_info__struct.h
[0.266s] -- Up-to-date: /home/moci/radar_serial/install/radar_interfaces/include/radar_interfaces/radar_interfaces/msg/detail/macro_status__functions.c
[0.266s] -- Up-to-date: /home/moci/radar_serial/install/radar_interfaces/include/radar_interfaces/radar_interfaces/msg/detail/buffs__struct.h
[0.266s] -- Up-to-date: /home/moci/radar_serial/install/radar_interfaces/include/radar_interfaces/radar_interfaces/msg/detail/enemy_hp__type_support.h
[0.266s] -- Up-to-date: /home/moci/radar_serial/install/radar_interfaces/include/radar_interfaces/radar_interfaces/msg/detail/enemy_ammo__functions.h
[0.267s] -- Up-to-date: /home/moci/radar_serial/install/radar_interfaces/include/radar_interfaces/radar_interfaces/msg/detail/macro_status__struct.h
[0.267s] -- Up-to-date: /home/moci/radar_serial/install/radar_interfaces/include/radar_interfaces/radar_interfaces/msg/detail/enemy_position__type_support.h
[0.267s] -- Up-to-date: /home/moci/radar_serial/install/radar_interfaces/include/radar_interfaces/radar_interfaces/msg/detail/buffs__functions.h
[0.267s] -- Up-to-date: /home/moci/radar_serial/install/radar_interfaces/include/radar_interfaces/radar_interfaces/msg/detail/interference_key__type_support.h
[0.267s] -- Up-to-date: /home/moci/radar_serial/install/radar_interfaces/include/radar_interfaces/radar_interfaces/msg/detail/radar_info__functions.h
[0.267s] -- Up-to-date: /home/moci/radar_serial/install/radar_interfaces/include/radar_interfaces/radar_interfaces/msg/detail/enemy_position__functions.c
[0.267s] -- Up-to-date: /home/moci/radar_serial/install/radar_interfaces/include/radar_interfaces/radar_interfaces/msg/detail/enemy_ammo__struct.h
[0.267s] -- Up-to-date: /home/moci/radar_serial/install/radar_interfaces/include/radar_interfaces/radar_interfaces/msg/detail/radar_info__functions.c
[0.267s] -- Up-to-date: /home/moci/radar_serial/install/radar_interfaces/include/radar_interfaces/radar_interfaces/msg/detail/interference_key__functions.h
[0.267s] -- Up-to-date: /home/moci/radar_serial/install/radar_interfaces/include/radar_interfaces/radar_interfaces/msg/detail/map_robot_data__functions.h
[0.267s] -- Up-to-date: /home/moci/radar_serial/install/radar_interfaces/include/radar_interfaces/radar_interfaces/msg/detail/enemy_ammo__type_support.h
[0.267s] -- Up-to-date: /home/moci/radar_serial/install/radar_interfaces/include/radar_interfaces/radar_interfaces/msg/detail/buffs__functions.c
[0.267s] -- Up-to-date: /home/moci/radar_serial/install/radar_interfaces/include/radar_interfaces/radar_interfaces/msg/detail/radar_decision_command__functions.c
[0.267s] -- Up-to-date: /home/moci/radar_serial/install/radar_interfaces/include/radar_interfaces/radar_interfaces/msg/detail/enemy_hp__functions.c
[0.267s] -- Up-to-date: /home/moci/radar_serial/install/radar_interfaces/include/radar_interfaces/radar_interfaces/msg/detail/enemy_ammo__functions.c
[0.267s] -- Up-to-date: /home/moci/radar_serial/install/radar_interfaces/include/radar_interfaces/radar_interfaces/msg/detail/radar_mark_progress__functions.h
[0.267s] -- Up-to-date: /home/moci/radar_serial/install/radar_interfaces/include/radar_interfaces/radar_interfaces/msg/detail/radar_mark_progress__functions.c
[0.268s] -- Up-to-date: /home/moci/radar_serial/install/radar_interfaces/include/radar_interfaces/radar_interfaces/msg/detail/map_robot_data__type_support.h
[0.268s] -- Up-to-date: /home/moci/radar_serial/install/radar_interfaces/include/radar_interfaces/radar_interfaces/msg/detail/radar_decision_command__type_support.h
[0.268s] -- Up-to-date: /home/moci/radar_serial/install/radar_interfaces/include/radar_interfaces/radar_interfaces/msg/detail/map_robot_data__struct.h
[0.268s] -- Up-to-date: /home/moci/radar_serial/install/radar_interfaces/include/radar_interfaces/radar_interfaces/msg/detail/map_robot_data__functions.c
[0.268s] -- Up-to-date: /home/moci/radar_serial/install/radar_interfaces/include/radar_interfaces/radar_interfaces/msg/detail/enemy_position__struct.h
[0.268s] -- Up-to-date: /home/moci/radar_serial/install/radar_interfaces/include/radar_interfaces/radar_interfaces/msg/detail/interference_key__struct.h
[0.268s] -- Up-to-date: /home/moci/radar_serial/install/radar_interfaces/include/radar_interfaces/radar_interfaces/msg/detail/radar_decision_command__functions.h
[0.268s] -- Up-to-date: /home/moci/radar_serial/install/radar_interfaces/include/radar_interfaces/radar_interfaces/msg/detail/enemy_position__functions.h
[0.268s] -- Up-to-date: /home/moci/radar_serial/install/radar_interfaces/include/radar_interfaces/radar_interfaces/msg/detail/radar_decision_command__struct.h
[0.268s] -- Up-to-date: /home/moci/radar_serial/install/radar_interfaces/include/radar_interfaces/radar_interfaces/msg/detail/buffs__type_support.h
[0.268s] -- Up-to-date: /home/moci/radar_serial/install/radar_interfaces/include/radar_interfaces/radar_interfaces/msg/detail/interference_key__functions.c
[0.268s] -- Up-to-date: /home/moci/radar_serial/install/radar_interfaces/include/radar_interfaces/radar_interfaces/msg/detail/enemy_hp__functions.h
[0.268s] -- Up-to-date: /home/moci/radar_serial/install/radar_interfaces/include/radar_interfaces/radar_interfaces/msg/detail/macro_status__functions.h
[0.268s] -- Up-to-date: /home/moci/radar_serial/install/radar_interfaces/include/radar_interfaces/radar_interfaces/msg/detail/radar_mark_progress__type_support.h
[0.268s] -- Up-to-date: /home/moci/radar_serial/install/radar_interfaces/include/radar_interfaces/radar_interfaces/msg/detail/radar_info__type_support.h
[0.268s] -- Up-to-date: /home/moci/radar_serial/install/radar_interfaces/include/radar_interfaces/radar_interfaces/msg/detail/radar_mark_progress__struct.h
[0.268s] -- Up-to-date: /home/moci/radar_serial/install/radar_interfaces/include/radar_interfaces/radar_interfaces/msg/enemy_position.h
[0.268s] -- Up-to-date: /home/moci/radar_serial/install/radar_interfaces/include/radar_interfaces/radar_interfaces/msg/radar_info.h
[0.268s] -- Up-to-date: /home/moci/radar_serial/install/radar_interfaces/include/radar_interfaces/radar_interfaces/msg/rosidl_generator_c__visibility_control.h
[0.268s] -- Up-to-date: /home/moci/radar_serial/install/radar_interfaces/include/radar_interfaces/radar_interfaces/msg/buffs.h
[0.268s] -- Up-to-date: /home/moci/radar_serial/install/radar_interfaces/include/radar_interfaces/radar_interfaces/msg/map_robot_data.h
[0.268s] -- Up-to-date: /home/moci/radar_serial/install/radar_interfaces/include/radar_interfaces/radar_interfaces/msg/macro_status.h
[0.269s] -- Up-to-date: /home/moci/radar_serial/install/radar_interfaces/include/radar_interfaces/radar_interfaces/msg/interference_key.h
[0.269s] -- Up-to-date: /home/moci/radar_serial/install/radar_interfaces/include/radar_interfaces/radar_interfaces/msg/enemy_ammo.h
[0.269s] -- Up-to-date: /home/moci/radar_serial/install/radar_interfaces/include/radar_interfaces/radar_interfaces/msg/radar_mark_progress.h
[0.269s] -- Up-to-date: /home/moci/radar_serial/install/radar_interfaces/share/radar_interfaces/environment/library_path.sh
[0.269s] -- Up-to-date: /home/moci/radar_serial/install/radar_interfaces/share/radar_interfaces/environment/library_path.dsv
[0.269s] -- Up-to-date: /home/moci/radar_serial/install/radar_interfaces/lib/libradar_interfaces__rosidl_generator_c.so
[0.269s] -- Up-to-date: /home/moci/radar_serial/install/radar_interfaces/include/radar_interfaces/radar_interfaces
[0.269s] -- Up-to-date: /home/moci/radar_serial/install/radar_interfaces/include/radar_interfaces/radar_interfaces/msg
[0.269s] -- Up-to-date: /home/moci/radar_serial/install/radar_interfaces/include/radar_interfaces/radar_interfaces/msg/detail
[0.269s] -- Up-to-date: /home/moci/radar_serial/install/radar_interfaces/include/radar_interfaces/radar_interfaces/msg/detail/buffs__rosidl_typesupport_fastrtps_c.h
[0.269s] -- Up-to-date: /home/moci/radar_serial/install/radar_interfaces/include/radar_interfaces/radar_interfaces/msg/detail/radar_decision_command__rosidl_typesupport_fastrtps_c.h
[0.269s] -- Up-to-date: /home/moci/radar_serial/install/radar_interfaces/include/radar_interfaces/radar_interfaces/msg/detail/enemy_position__rosidl_typesupport_fastrtps_c.h
[0.269s] -- Up-to-date: /home/moci/radar_serial/install/radar_interfaces/include/radar_interfaces/radar_interfaces/msg/detail/macro_status__rosidl_typesupport_fastrtps_c.h
[0.269s] -- Up-to-date: /home/moci/radar_serial/install/radar_interfaces/include/radar_interfaces/radar_interfaces/msg/detail/radar_info__rosidl_typesupport_fastrtps_c.h
[0.269s] -- Up-to-date: /home/moci/radar_serial/install/radar_interfaces/include/radar_interfaces/radar_interfaces/msg/detail/enemy_ammo__rosidl_typesupport_fastrtps_c.h
[0.269s] -- Up-to-date: /home/moci/radar_serial/install/radar_interfaces/include/radar_interfaces/radar_interfaces/msg/detail/interference_key__rosidl_typesupport_fastrtps_c.h
[0.269s] -- Up-to-date: /home/moci/radar_serial/install/radar_interfaces/include/radar_interfaces/radar_interfaces/msg/detail/enemy_hp__rosidl_typesupport_fastrtps_c.h
[0.269s] -- Up-to-date: /home/moci/radar_serial/install/radar_interfaces/include/radar_interfaces/radar_interfaces/msg/detail/radar_mark_progress__rosidl_typesupport_fastrtps_c.h
[0.269s] -- Up-to-date: /home/moci/radar_serial/install/radar_interfaces/include/radar_interfaces/radar_interfaces/msg/detail/map_robot_data__rosidl_typesupport_fastrtps_c.h
[0.269s] -- Up-to-date: /home/moci/radar_serial/install/radar_interfaces/include/radar_interfaces/radar_interfaces/msg/rosidl_typesupport_fastrtps_c__visibility_control.h
[0.269s] -- Up-to-date: /home/moci/radar_serial/install/radar_interfaces/lib/libradar_interfaces__rosidl_typesupport_fastrtps_c.so
[0.269s] -- Up-to-date: /home/moci/radar_serial/install/radar_interfaces/include/radar_interfaces/radar_interfaces
[0.269s] -- Up-to-date: /home/moci/radar_serial/install/radar_interfaces/include/radar_interfaces/radar_interfaces/msg
[0.269s] -- Up-to-date: /home/moci/radar_serial/install/radar_interfaces/include/radar_interfaces/radar_interfaces/msg/detail
[0.270s] -- Up-to-date: /home/moci/radar_serial/install/radar_interfaces/include/radar_interfaces/radar_interfaces/msg/detail/radar_decision_command__type_support.c
[0.270s] -- Up-to-date: /home/moci/radar_serial/install/radar_interfaces/include/radar_interfaces/radar_interfaces/msg/detail/enemy_hp__type_support.c
[0.270s] -- Up-to-date: /home/moci/radar_serial/install/radar_interfaces/include/radar_interfaces/radar_interfaces/msg/detail/buffs__rosidl_typesupport_introspection_c.h
[0.270s] -- Up-to-date: /home/moci/radar_serial/install/radar_interfaces/include/radar_interfaces/radar_interfaces/msg/detail/enemy_ammo__type_support.c
[0.270s] -- Up-to-date: /home/moci/radar_serial/install/radar_interfaces/include/radar_interfaces/radar_interfaces/msg/detail/interference_key__rosidl_typesupport_introspection_c.h
[0.270s] -- Up-to-date: /home/moci/radar_serial/install/radar_interfaces/include/radar_interfaces/radar_interfaces/msg/detail/radar_info__rosidl_typesupport_introspection_c.h
[0.270s] -- Up-to-date: /home/moci/radar_serial/install/radar_interfaces/include/radar_interfaces/radar_interfaces/msg/detail/map_robot_data__type_support.c
[0.270s] -- Up-to-date: /home/moci/radar_serial/install/radar_interfaces/include/radar_interfaces/radar_interfaces/msg/detail/radar_decision_command__rosidl_typesupport_introspection_c.h
[0.270s] -- Up-to-date: /home/moci/radar_serial/install/radar_interfaces/include/radar_interfaces/radar_interfaces/msg/detail/enemy_position__type_support.c
[0.270s] -- Up-to-date: /home/moci/radar_serial/install/radar_interfaces/include/radar_interfaces/radar_interfaces/msg/detail/macro_status__rosidl_typesupport_introspection_c.h
[0.270s] -- Up-to-date: /home/moci/radar_serial/install/radar_interfaces/include/radar_interfaces/radar_interfaces/msg/detail/radar_info__type_support.c
[0.270s] -- Up-to-date: /home/moci/radar_serial/install/radar_interfaces/include/radar_interfaces/radar_interfaces/msg/detail/enemy_position__rosidl_typesupport_introspection_c.h
[0.270s] -- Up-to-date: /home/moci/radar_serial/install/radar_interfaces/include/radar_interfaces/radar_interfaces/msg/detail/enemy_ammo__rosidl_typesupport_introspection_c.h
[0.270s] -- Up-to-date: /home/moci/radar_serial/install/radar_interfaces/include/radar_interfaces/radar_interfaces/msg/detail/buffs__type_support.c
[0.270s] -- Up-to-date: /home/moci/radar_serial/install/radar_interfaces/include/radar_interfaces/radar_interfaces/msg/detail/map_robot_data__rosidl_typesupport_introspection_c.h
[0.270s] -- Up-to-date: /home/moci/radar_serial/install/radar_interfaces/include/radar_interfaces/radar_interfaces/msg/detail/macro_status__type_support.c
[0.270s] -- Up-to-date: /home/moci/radar_serial/install/radar_interfaces/include/radar_interfaces/radar_interfaces/msg/detail/radar_mark_progress__type_support.c
[0.270s] -- Up-to-date: /home/moci/radar_serial/install/radar_interfaces/include/radar_interfaces/radar_interfaces/msg/detail/radar_mark_progress__rosidl_typesupport_introspection_c.h
[0.270s] -- Up-to-date: /home/moci/radar_serial/install/radar_interfaces/include/radar_interfaces/radar_interfaces/msg/detail/enemy_hp__rosidl_typesupport_introspection_c.h
[0.270s] -- Up-to-date: /home/moci/radar_serial/install/radar_interfaces/include/radar_interfaces/radar_interfaces/msg/detail/interference_key__type_support.c
[0.270s] -- Up-to-date: /home/moci/radar_serial/install/radar_interfaces/include/radar_interfaces/radar_interfaces/msg/rosidl_typesupport_introspection_c__visibility_control.h
[0.270s] -- Up-to-date: /home/moci/radar_serial/install/radar_interfaces/lib/libradar_interfaces__rosidl_typesupport_introspection_c.so
[0.271s] -- Up-to-date: /home/moci/radar_serial/install/radar_interfaces/lib/libradar_interfaces__rosidl_typesupport_c.so
[0.271s] -- Up-to-date: /home/moci/radar_serial/install/radar_interfaces/include/radar_interfaces/radar_interfaces
[0.271s] -- Up-to-date: /home/moci/radar_serial/install/radar_interfaces/include/radar_interfaces/radar_interfaces/msg
[0.271s] -- Up-to-date: /home/moci/radar_serial/install/radar_interfaces/include/radar_interfaces/radar_interfaces/msg/radar_mark_progress.hpp
[0.271s] -- Up-to-date: /home/moci/radar_serial/install/radar_interfaces/include/radar_interfaces/radar_interfaces/msg/enemy_ammo.hpp
[0.271s] -- Up-to-date: /home/moci/radar_serial/install/radar_interfaces/include/radar_interfaces/radar_interfaces/msg/macro_status.hpp
[0.271s] -- Up-to-date: /home/moci/radar_serial/install/radar_interfaces/include/radar_interfaces/radar_interfaces/msg/interference_key.hpp
[0.271s] -- Up-to-date: /home/moci/radar_serial/install/radar_interfaces/include/radar_interfaces/radar_interfaces/msg/map_robot_data.hpp
[0.271s] -- Up-to-date: /home/moci/radar_serial/install/radar_interfaces/include/radar_interfaces/radar_interfaces/msg/detail
[0.271s] -- Up-to-date: /home/moci/radar_serial/install/radar_interfaces/include/radar_interfaces/radar_interfaces/msg/detail/map_robot_data__struct.hpp
[0.271s] -- Up-to-date: /home/moci/radar_serial/install/radar_interfaces/include/radar_interfaces/radar_interfaces/msg/detail/interference_key__struct.hpp
[0.271s] -- Up-to-date: /home/moci/radar_serial/install/radar_interfaces/include/radar_interfaces/radar_interfaces/msg/detail/radar_mark_progress__struct.hpp
[0.272s] -- Up-to-date: /home/moci/radar_serial/install/radar_interfaces/include/radar_interfaces/radar_interfaces/msg/detail/interference_key__traits.hpp
[0.272s] -- Up-to-date: /home/moci/radar_serial/install/radar_interfaces/include/radar_interfaces/radar_interfaces/msg/detail/map_robot_data__traits.hpp
[0.272s] -- Up-to-date: /home/moci/radar_serial/install/radar_interfaces/include/radar_interfaces/radar_interfaces/msg/detail/buffs__struct.hpp
[0.272s] -- Up-to-date: /home/moci/radar_serial/install/radar_interfaces/include/radar_interfaces/radar_interfaces/msg/detail/macro_status__type_support.hpp
[0.272s] -- Up-to-date: /home/moci/radar_serial/install/radar_interfaces/include/radar_interfaces/radar_interfaces/msg/detail/radar_mark_progress__builder.hpp
[0.272s] -- Up-to-date: /home/moci/radar_serial/install/radar_interfaces/include/radar_interfaces/radar_interfaces/msg/detail/buffs__type_support.hpp
[0.272s] -- Up-to-date: /home/moci/radar_serial/install/radar_interfaces/include/radar_interfaces/radar_interfaces/msg/detail/enemy_position__traits.hpp
[0.272s] -- Up-to-date: /home/moci/radar_serial/install/radar_interfaces/include/radar_interfaces/radar_interfaces/msg/detail/radar_info__type_support.hpp
[0.272s] -- Up-to-date: /home/moci/radar_serial/install/radar_interfaces/include/radar_interfaces/radar_interfaces/msg/detail/radar_decision_command__type_support.hpp
[0.272s] -- Up-to-date: /home/moci/radar_serial/install/radar_interfaces/include/radar_interfaces/radar_interfaces/msg/detail/enemy_position__builder.hpp
[0.272s] -- Up-to-date: /home/moci/radar_serial/install/radar_interfaces/include/radar_interfaces/radar_interfaces/msg/detail/macro_status__traits.hpp
[0.272s] -- Up-to-date: /home/moci/radar_serial/install/radar_interfaces/include/radar_interfaces/radar_interfaces/msg/detail/enemy_hp__traits.hpp
[0.272s] -- Up-to-date: /home/moci/radar_serial/install/radar_interfaces/include/radar_interfaces/radar_interfaces/msg/detail/radar_decision_command__builder.hpp
[0.272s] -- Up-to-date: /home/moci/radar_serial/install/radar_interfaces/include/radar_interfaces/radar_interfaces/msg/detail/radar_mark_progress__type_support.hpp
[0.272s] -- Up-to-date: /home/moci/radar_serial/install/radar_interfaces/include/radar_interfaces/radar_interfaces/msg/detail/enemy_hp__struct.hpp
[0.272s] -- Up-to-date: /home/moci/radar_serial/install/radar_interfaces/include/radar_interfaces/radar_interfaces/msg/detail/enemy_position__struct.hpp
[0.272s] -- Up-to-date: /home/moci/radar_serial/install/radar_interfaces/include/radar_interfaces/radar_interfaces/msg/detail/enemy_ammo__builder.hpp
[0.272s] -- Up-to-date: /home/moci/radar_serial/install/radar_interfaces/include/radar_interfaces/radar_interfaces/msg/detail/map_robot_data__type_support.hpp
[0.272s] -- Up-to-date: /home/moci/radar_serial/install/radar_interfaces/include/radar_interfaces/radar_interfaces/msg/detail/radar_decision_command__traits.hpp
[0.272s] -- Up-to-date: /home/moci/radar_serial/install/radar_interfaces/include/radar_interfaces/radar_interfaces/msg/detail/macro_status__builder.hpp
[0.272s] -- Up-to-date: /home/moci/radar_serial/install/radar_interfaces/include/radar_interfaces/radar_interfaces/msg/detail/radar_decision_command__struct.hpp
[0.272s] -- Up-to-date: /home/moci/radar_serial/install/radar_interfaces/include/radar_interfaces/radar_interfaces/msg/detail/interference_key__type_support.hpp
[0.273s] -- Up-to-date: /home/moci/radar_serial/install/radar_interfaces/include/radar_interfaces/radar_interfaces/msg/detail/buffs__traits.hpp
[0.273s] -- Up-to-date: /home/moci/radar_serial/install/radar_interfaces/include/radar_interfaces/radar_interfaces/msg/detail/radar_info__traits.hpp
[0.273s] -- Up-to-date: /home/moci/radar_serial/install/radar_interfaces/include/radar_interfaces/radar_interfaces/msg/detail/enemy_hp__builder.hpp
[0.273s] -- Up-to-date: /home/moci/radar_serial/install/radar_interfaces/include/radar_interfaces/radar_interfaces/msg/detail/interference_key__builder.hpp
[0.273s] -- Up-to-date: /home/moci/radar_serial/install/radar_interfaces/include/radar_interfaces/radar_interfaces/msg/detail/buffs__builder.hpp
[0.273s] -- Up-to-date: /home/moci/radar_serial/install/radar_interfaces/include/radar_interfaces/radar_interfaces/msg/detail/enemy_ammo__traits.hpp
[0.273s] -- Up-to-date: /home/moci/radar_serial/install/radar_interfaces/include/radar_interfaces/radar_interfaces/msg/detail/enemy_hp__type_support.hpp
[0.273s] -- Up-to-date: /home/moci/radar_serial/install/radar_interfaces/include/radar_interfaces/radar_interfaces/msg/detail/enemy_ammo__struct.hpp
[0.273s] -- Up-to-date: /home/moci/radar_serial/install/radar_interfaces/include/radar_interfaces/radar_interfaces/msg/detail/map_robot_data__builder.hpp
[0.273s] -- Up-to-date: /home/moci/radar_serial/install/radar_interfaces/include/radar_interfaces/radar_interfaces/msg/detail/radar_info__builder.hpp
[0.273s] -- Up-to-date: /home/moci/radar_serial/install/radar_interfaces/include/radar_interfaces/radar_interfaces/msg/detail/macro_status__struct.hpp
[0.273s] -- Up-to-date: /home/moci/radar_serial/install/radar_interfaces/include/radar_interfaces/radar_interfaces/msg/detail/enemy_ammo__type_support.hpp
[0.273s] -- Up-to-date: /home/moci/radar_serial/install/radar_interfaces/include/radar_interfaces/radar_interfaces/msg/detail/radar_mark_progress__traits.hpp
[0.273s] -- Up-to-date: /home/moci/radar_serial/install/radar_interfaces/include/radar_interfaces/radar_interfaces/msg/detail/radar_info__struct.hpp
[0.273s] -- Up-to-date: /home/moci/radar_serial/install/radar_interfaces/include/radar_interfaces/radar_interfaces/msg/detail/enemy_position__type_support.hpp
[0.273s] -- Up-to-date: /home/moci/radar_serial/install/radar_interfaces/include/radar_interfaces/radar_interfaces/msg/radar_decision_command.hpp
[0.273s] -- Up-to-date: /home/moci/radar_serial/install/radar_interfaces/include/radar_interfaces/radar_interfaces/msg/radar_info.hpp
[0.273s] -- Up-to-date: /home/moci/radar_serial/install/radar_interfaces/include/radar_interfaces/radar_interfaces/msg/enemy_position.hpp
[0.273s] -- Up-to-date: /home/moci/radar_serial/install/radar_interfaces/include/radar_interfaces/radar_interfaces/msg/enemy_hp.hpp
[0.273s] -- Up-to-date: /home/moci/radar_serial/install/radar_interfaces/include/radar_interfaces/radar_interfaces/msg/buffs.hpp
[0.273s] -- Up-to-date: /home/moci/radar_serial/install/radar_interfaces/include/radar_interfaces/radar_interfaces/msg/rosidl_generator_cpp__visibility_control.hpp
[0.273s] -- Up-to-date: /home/moci/radar_serial/install/radar_interfaces/include/radar_interfaces/radar_interfaces
[0.273s] -- Up-to-date: /home/moci/radar_serial/install/radar_interfaces/include/radar_interfaces/radar_interfaces/msg
[0.274s] -- Up-to-date: /home/moci/radar_serial/install/radar_interfaces/include/radar_interfaces/radar_interfaces/msg/rosidl_typesupport_fastrtps_cpp__visibility_control.h
[0.274s] -- Up-to-date: /home/moci/radar_serial/install/radar_interfaces/include/radar_interfaces/radar_interfaces/msg/detail
[0.274s] -- Up-to-date: /home/moci/radar_serial/install/radar_interfaces/include/radar_interfaces/radar_interfaces/msg/detail/dds_fastrtps
[0.274s] -- Up-to-date: /home/moci/radar_serial/install/radar_interfaces/include/radar_interfaces/radar_interfaces/msg/detail/enemy_ammo__rosidl_typesupport_fastrtps_cpp.hpp
[0.274s] -- Up-to-date: /home/moci/radar_serial/install/radar_interfaces/include/radar_interfaces/radar_interfaces/msg/detail/interference_key__rosidl_typesupport_fastrtps_cpp.hpp
[0.274s] -- Up-to-date: /home/moci/radar_serial/install/radar_interfaces/include/radar_interfaces/radar_interfaces/msg/detail/radar_mark_progress__rosidl_typesupport_fastrtps_cpp.hpp
[0.274s] -- Up-to-date: /home/moci/radar_serial/install/radar_interfaces/include/radar_interfaces/radar_interfaces/msg/detail/radar_decision_command__rosidl_typesupport_fastrtps_cpp.hpp
[0.274s] -- Up-to-date: /home/moci/radar_serial/install/radar_interfaces/include/radar_interfaces/radar_interfaces/msg/detail/macro_status__rosidl_typesupport_fastrtps_cpp.hpp
[0.274s] -- Up-to-date: /home/moci/radar_serial/install/radar_interfaces/include/radar_interfaces/radar_interfaces/msg/detail/enemy_position__rosidl_typesupport_fastrtps_cpp.hpp
[0.274s] -- Up-to-date: /home/moci/radar_serial/install/radar_interfaces/include/radar_interfaces/radar_interfaces/msg/detail/radar_info__rosidl_typesupport_fastrtps_cpp.hpp
[0.274s] -- Up-to-date: /home/moci/radar_serial/install/radar_interfaces/include/radar_interfaces/radar_interfaces/msg/detail/enemy_hp__rosidl_typesupport_fastrtps_cpp.hpp
[0.274s] -- Up-to-date: /home/moci/radar_serial/install/radar_interfaces/include/radar_interfaces/radar_interfaces/msg/detail/buffs__rosidl_typesupport_fastrtps_cpp.hpp
[0.274s] -- Up-to-date: /home/moci/radar_serial/install/radar_interfaces/include/radar_interfaces/radar_interfaces/msg/detail/map_robot_data__rosidl_typesupport_fastrtps_cpp.hpp
[0.274s] -- Up-to-date: /home/moci/radar_serial/install/radar_interfaces/lib/libradar_interfaces__rosidl_typesupport_fastrtps_cpp.so
[0.274s] -- Up-to-date: /home/moci/radar_serial/install/radar_interfaces/include/radar_interfaces/radar_interfaces
[0.274s] -- Up-to-date: /home/moci/radar_serial/install/radar_interfaces/include/radar_interfaces/radar_interfaces/msg
[0.274s] -- Up-to-date: /home/moci/radar_serial/install/radar_interfaces/include/radar_interfaces/radar_interfaces/msg/detail
[0.274s] -- Up-to-date: /home/moci/radar_serial/install/radar_interfaces/include/radar_interfaces/radar_interfaces/msg/detail/enemy_position__rosidl_typesupport_introspection_cpp.hpp
[0.275s] -- Up-to-date: /home/moci/radar_serial/install/radar_interfaces/include/radar_interfaces/radar_interfaces/msg/detail/radar_info__type_support.cpp
[0.275s] -- Up-to-date: /home/moci/radar_serial/install/radar_interfaces/include/radar_interfaces/radar_interfaces/msg/detail/radar_info__rosidl_typesupport_introspection_cpp.hpp
[0.275s] -- Up-to-date: /home/moci/radar_serial/install/radar_interfaces/include/radar_interfaces/radar_interfaces/msg/detail/enemy_hp__type_support.cpp
[0.275s] -- Up-to-date: /home/moci/radar_serial/install/radar_interfaces/include/radar_interfaces/radar_interfaces/msg/detail/interference_key__type_support.cpp
[0.275s] -- Up-to-date: /home/moci/radar_serial/install/radar_interfaces/include/radar_interfaces/radar_interfaces/msg/detail/radar_mark_progress__rosidl_typesupport_introspection_cpp.hpp
[0.275s] -- Up-to-date: /home/moci/radar_serial/install/radar_interfaces/include/radar_interfaces/radar_interfaces/msg/detail/interference_key__rosidl_typesupport_introspection_cpp.hpp
[0.275s] -- Up-to-date: /home/moci/radar_serial/install/radar_interfaces/include/radar_interfaces/radar_interfaces/msg/detail/buffs__rosidl_typesupport_introspection_cpp.hpp
[0.275s] -- Up-to-date: /home/moci/radar_serial/install/radar_interfaces/include/radar_interfaces/radar_interfaces/msg/detail/radar_mark_progress__type_support.cpp
[0.275s] -- Up-to-date: /home/moci/radar_serial/install/radar_interfaces/include/radar_interfaces/radar_interfaces/msg/detail/map_robot_data__type_support.cpp
[0.275s] -- Up-to-date: /home/moci/radar_serial/install/radar_interfaces/include/radar_interfaces/radar_interfaces/msg/detail/macro_status__type_support.cpp
[0.275s] -- Up-to-date: /home/moci/radar_serial/install/radar_interfaces/include/radar_interfaces/radar_interfaces/msg/detail/macro_status__rosidl_typesupport_introspection_cpp.hpp
[0.275s] -- Up-to-date: /home/moci/radar_serial/install/radar_interfaces/include/radar_interfaces/radar_interfaces/msg/detail/enemy_ammo__type_support.cpp
[0.275s] -- Up-to-date: /home/moci/radar_serial/install/radar_interfaces/include/radar_interfaces/radar_interfaces/msg/detail/radar_decision_command__rosidl_typesupport_introspection_cpp.hpp
[0.275s] -- Up-to-date: /home/moci/radar_serial/install/radar_interfaces/include/radar_interfaces/radar_interfaces/msg/detail/enemy_hp__rosidl_typesupport_introspection_cpp.hpp
[0.275s] -- Up-to-date: /home/moci/radar_serial/install/radar_interfaces/include/radar_interfaces/radar_interfaces/msg/detail/enemy_ammo__rosidl_typesupport_introspection_cpp.hpp
[0.275s] -- Up-to-date: /home/moci/radar_serial/install/radar_interfaces/include/radar_interfaces/radar_interfaces/msg/detail/enemy_position__type_support.cpp
[0.275s] -- Up-to-date: /home/moci/radar_serial/install/radar_interfaces/include/radar_interfaces/radar_interfaces/msg/detail/buffs__type_support.cpp
[0.276s] -- Up-to-date: /home/moci/radar_serial/install/radar_interfaces/include/radar_interfaces/radar_interfaces/msg/detail/radar_decision_command__type_support.cpp
[0.276s] -- Up-to-date: /home/moci/radar_serial/install/radar_interfaces/include/radar_interfaces/radar_interfaces/msg/detail/map_robot_data__rosidl_typesupport_introspection_cpp.hpp
[0.276s] -- Up-to-date: /home/moci/radar_serial/install/radar_interfaces/lib/libradar_interfaces__rosidl_typesupport_introspection_cpp.so
[0.276s] -- Up-to-date: /home/moci/radar_serial/install/radar_interfaces/lib/libradar_interfaces__rosidl_typesupport_cpp.so
[0.276s] -- Up-to-date: /home/moci/radar_serial/install/radar_interfaces/share/radar_interfaces/environment/pythonpath.sh
[0.276s] -- Up-to-date: /home/moci/radar_serial/install/radar_interfaces/share/radar_interfaces/environment/pythonpath.dsv
[0.276s] -- Up-to-date: /home/moci/radar_serial/install/radar_interfaces/local/lib/python3.10/dist-packages/radar_interfaces-0.1.0-py3.10.egg-info
[0.276s] -- Installing: /home/moci/radar_serial/install/radar_interfaces/local/lib/python3.10/dist-packages/radar_interfaces-0.1.0-py3.10.egg-info/SOURCES.txt
[0.276s] -- Installing: /home/moci/radar_serial/install/radar_interfaces/local/lib/python3.10/dist-packages/radar_interfaces-0.1.0-py3.10.egg-info/PKG-INFO
[0.276s] -- Installing: /home/moci/radar_serial/install/radar_interfaces/local/lib/python3.10/dist-packages/radar_interfaces-0.1.0-py3.10.egg-info/dependency_links.txt
[0.276s] -- Installing: /home/moci/radar_serial/install/radar_interfaces/local/lib/python3.10/dist-packages/radar_interfaces-0.1.0-py3.10.egg-info/top_level.txt
[0.276s] -- Up-to-date: /home/moci/radar_serial/install/radar_interfaces/local/lib/python3.10/dist-packages/radar_interfaces
[0.276s] -- Up-to-date: /home/moci/radar_serial/install/radar_interfaces/local/lib/python3.10/dist-packages/radar_interfaces/_radar_interfaces_s.ep.rosidl_typesupport_fastrtps_c.c
[0.276s] -- Up-to-date: /home/moci/radar_serial/install/radar_interfaces/local/lib/python3.10/dist-packages/radar_interfaces/_radar_interfaces_s.ep.rosidl_typesupport_c.c
[0.276s] -- Up-to-date: /home/moci/radar_serial/install/radar_interfaces/local/lib/python3.10/dist-packages/radar_interfaces/radar_interfaces_s__rosidl_typesupport_introspection_c.cpython-310-x86_64-linux-gnu.so
[0.276s] -- Up-to-date: /home/moci/radar_serial/install/radar_interfaces/local/lib/python3.10/dist-packages/radar_interfaces/libradar_interfaces__rosidl_generator_py.so
[0.276s] -- Up-to-date: /home/moci/radar_serial/install/radar_interfaces/local/lib/python3.10/dist-packages/radar_interfaces/radar_interfaces_s__rosidl_typesupport_c.cpython-310-x86_64-linux-gnu.so
[0.276s] -- Up-to-date: /home/moci/radar_serial/install/radar_interfaces/local/lib/python3.10/dist-packages/radar_interfaces/radar_interfaces_s__rosidl_typesupport_fastrtps_c.cpython-310-x86_64-linux-gnu.so
[0.276s] -- Up-to-date: /home/moci/radar_serial/install/radar_interfaces/local/lib/python3.10/dist-packages/radar_interfaces/__init__.py
[0.276s] -- Up-to-date: /home/moci/radar_serial/install/radar_interfaces/local/lib/python3.10/dist-packages/radar_interfaces/msg
[0.276s] -- Up-to-date: /home/moci/radar_serial/install/radar_interfaces/local/lib/python3.10/dist-packages/radar_interfaces/msg/_enemy_ammo.py
[0.276s] -- Up-to-date: /home/moci/radar_serial/install/radar_interfaces/local/lib/python3.10/dist-packages/radar_interfaces/msg/_radar_decision_command.py
[0.277s] -- Up-to-date: /home/moci/radar_serial/install/radar_interfaces/local/lib/python3.10/dist-packages/radar_interfaces/msg/_interference_key_s.c
[0.277s] -- Up-to-date: /home/moci/radar_serial/install/radar_interfaces/local/lib/python3.10/dist-packages/radar_interfaces/msg/_interference_key.py
[0.277s] -- Up-to-date: /home/moci/radar_serial/install/radar_interfaces/local/lib/python3.10/dist-packages/radar_interfaces/msg/_radar_mark_progress_s.c
[0.277s] -- Up-to-date: /home/moci/radar_serial/install/radar_interfaces/local/lib/python3.10/dist-packages/radar_interfaces/msg/_radar_decision_command_s.c
[0.277s] -- Up-to-date: /home/moci/radar_serial/install/radar_interfaces/local/lib/python3.10/dist-packages/radar_interfaces/msg/_buffs_s.c
[0.277s] -- Up-to-date: /home/moci/radar_serial/install/radar_interfaces/local/lib/python3.10/dist-packages/radar_interfaces/msg/_enemy_position.py
[0.277s] -- Up-to-date: /home/moci/radar_serial/install/radar_interfaces/local/lib/python3.10/dist-packages/radar_interfaces/msg/_enemy_hp.py
[0.277s] -- Up-to-date: /home/moci/radar_serial/install/radar_interfaces/local/lib/python3.10/dist-packages/radar_interfaces/msg/_map_robot_data.py
[0.277s] -- Up-to-date: /home/moci/radar_serial/install/radar_interfaces/local/lib/python3.10/dist-packages/radar_interfaces/msg/_radar_info_s.c
[0.277s] -- Up-to-date: /home/moci/radar_serial/install/radar_interfaces/local/lib/python3.10/dist-packages/radar_interfaces/msg/_macro_status.py
[0.277s] -- Up-to-date: /home/moci/radar_serial/install/radar_interfaces/local/lib/python3.10/dist-packages/radar_interfaces/msg/_buffs.py
[0.277s] -- Up-to-date: /home/moci/radar_serial/install/radar_interfaces/local/lib/python3.10/dist-packages/radar_interfaces/msg/_radar_info.py
[0.277s] -- Up-to-date: /home/moci/radar_serial/install/radar_interfaces/local/lib/python3.10/dist-packages/radar_interfaces/msg/_radar_mark_progress.py
[0.277s] -- Up-to-date: /home/moci/radar_serial/install/radar_interfaces/local/lib/python3.10/dist-packages/radar_interfaces/msg/_enemy_ammo_s.c
[0.277s] -- Up-to-date: /home/moci/radar_serial/install/radar_interfaces/local/lib/python3.10/dist-packages/radar_interfaces/msg/__init__.py
[0.277s] -- Up-to-date: /home/moci/radar_serial/install/radar_interfaces/local/lib/python3.10/dist-packages/radar_interfaces/msg/_enemy_hp_s.c
[0.277s] -- Up-to-date: /home/moci/radar_serial/install/radar_interfaces/local/lib/python3.10/dist-packages/radar_interfaces/msg/_map_robot_data_s.c
[0.277s] -- Up-to-date: /home/moci/radar_serial/install/radar_interfaces/local/lib/python3.10/dist-packages/radar_interfaces/msg/_enemy_position_s.c
[0.277s] -- Up-to-date: /home/moci/radar_serial/install/radar_interfaces/local/lib/python3.10/dist-packages/radar_interfaces/msg/_macro_status_s.c
[0.278s] -- Up-to-date: /home/moci/radar_serial/install/radar_interfaces/local/lib/python3.10/dist-packages/radar_interfaces/_radar_interfaces_s.ep.rosidl_typesupport_introspection_c.c
[0.305s] Listing '/home/moci/radar_serial/install/radar_interfaces/local/lib/python3.10/dist-packages/radar_interfaces'...
[0.305s] Listing '/home/moci/radar_serial/install/radar_interfaces/local/lib/python3.10/dist-packages/radar_interfaces/msg'...
[0.308s] -- Up-to-date: /home/moci/radar_serial/install/radar_interfaces/local/lib/python3.10/dist-packages/radar_interfaces/radar_interfaces_s__rosidl_typesupport_fastrtps_c.cpython-310-x86_64-linux-gnu.so
[0.309s] -- Up-to-date: /home/moci/radar_serial/install/radar_interfaces/local/lib/python3.10/dist-packages/radar_interfaces/radar_interfaces_s__rosidl_typesupport_introspection_c.cpython-310-x86_64-linux-gnu.so
[0.309s] -- Up-to-date: /home/moci/radar_serial/install/radar_interfaces/local/lib/python3.10/dist-packages/radar_interfaces/radar_interfaces_s__rosidl_typesupport_c.cpython-310-x86_64-linux-gnu.so
[0.310s] -- Up-to-date: /home/moci/radar_serial/install/radar_interfaces/lib/libradar_interfaces__rosidl_generator_py.so
[0.310s] -- Up-to-date: /home/moci/radar_serial/install/radar_interfaces/share/ament_index/resource_index/rust_packages/radar_interfaces
[0.310s] -- Up-to-date: /home/moci/radar_serial/install/radar_interfaces/share/radar_interfaces/rust
[0.310s] -- Up-to-date: /home/moci/radar_serial/install/radar_interfaces/share/radar_interfaces/rust/Cargo.toml
[0.310s] -- Up-to-date: /home/moci/radar_serial/install/radar_interfaces/share/radar_interfaces/rust/build.rs
[0.310s] -- Up-to-date: /home/moci/radar_serial/install/radar_interfaces/share/radar_interfaces/rust/src
[0.310s] -- Up-to-date: /home/moci/radar_serial/install/radar_interfaces/share/radar_interfaces/rust/src/msg.rs
[0.310s] -- Up-to-date: /home/moci/radar_serial/install/radar_interfaces/share/radar_interfaces/rust/src/lib.rs
[0.310s] -- Up-to-date: /home/moci/radar_serial/install/radar_interfaces/share/radar_interfaces/rust/src/msg
[0.311s] -- Up-to-date: /home/moci/radar_serial/install/radar_interfaces/share/radar_interfaces/rust/src/msg/rmw.rs
[0.311s] -- Up-to-date: /home/moci/radar_serial/install/radar_interfaces/share/radar_interfaces/msg/EnemyPosition.idl
[0.311s] -- Up-to-date: /home/moci/radar_serial/install/radar_interfaces/share/radar_interfaces/msg/EnemyHP.idl
[0.311s] -- Up-to-date: /home/moci/radar_serial/install/radar_interfaces/share/radar_interfaces/msg/EnemyAmmo.idl
[0.311s] -- Up-to-date: /home/moci/radar_serial/install/radar_interfaces/share/radar_interfaces/msg/MacroStatus.idl
[0.311s] -- Up-to-date: /home/moci/radar_serial/install/radar_interfaces/share/radar_interfaces/msg/Buffs.idl
[0.311s] -- Up-to-date: /home/moci/radar_serial/install/radar_interfaces/share/radar_interfaces/msg/InterferenceKey.idl
[0.311s] -- Up-to-date: /home/moci/radar_serial/install/radar_interfaces/share/radar_interfaces/msg/RadarMarkProgress.idl
[0.311s] -- Up-to-date: /home/moci/radar_serial/install/radar_interfaces/share/radar_interfaces/msg/RadarInfo.idl
[0.311s] -- Up-to-date: /home/moci/radar_serial/install/radar_interfaces/share/radar_interfaces/msg/MapRobotData.idl
[0.311s] -- Up-to-date: /home/moci/radar_serial/install/radar_interfaces/share/radar_interfaces/msg/RadarDecisionCommand.idl
[0.311s] -- Up-to-date: /home/moci/radar_serial/install/radar_interfaces/share/radar_interfaces/msg/EnemyPosition.msg
[0.311s] -- Up-to-date: /home/moci/radar_serial/install/radar_interfaces/share/radar_interfaces/msg/EnemyHP.msg
[0.312s] -- Up-to-date: /home/moci/radar_serial/install/radar_interfaces/share/radar_interfaces/msg/EnemyAmmo.msg
[0.312s] -- Up-to-date: /home/moci/radar_serial/install/radar_interfaces/share/radar_interfaces/msg/MacroStatus.msg
[0.312s] -- Up-to-date: /home/moci/radar_serial/install/radar_interfaces/share/radar_interfaces/msg/Buffs.msg
[0.312s] -- Up-to-date: /home/moci/radar_serial/install/radar_interfaces/share/radar_interfaces/msg/InterferenceKey.msg
[0.312s] -- Up-to-date: /home/moci/radar_serial/install/radar_interfaces/share/radar_interfaces/msg/RadarMarkProgress.msg
[0.312s] -- Up-to-date: /home/moci/radar_serial/install/radar_interfaces/share/radar_interfaces/msg/RadarInfo.msg
[0.312s] -- Up-to-date: /home/moci/radar_serial/install/radar_interfaces/share/radar_interfaces/msg/MapRobotData.msg
[0.312s] -- Up-to-date: /home/moci/radar_serial/install/radar_interfaces/share/radar_interfaces/msg/RadarDecisionCommand.msg
[0.312s] -- Up-to-date: /home/moci/radar_serial/install/radar_interfaces/share/ament_index/resource_index/package_run_dependencies/radar_interfaces
[0.312s] -- Up-to-date: /home/moci/radar_serial/install/radar_interfaces/share/ament_index/resource_index/parent_prefix_path/radar_interfaces
[0.312s] -- Up-to-date: /home/moci/radar_serial/install/radar_interfaces/share/radar_interfaces/environment/ament_prefix_path.sh
[0.312s] -- Up-to-date: /home/moci/radar_serial/install/radar_interfaces/share/radar_interfaces/environment/ament_prefix_path.dsv
[0.312s] -- Up-to-date: /home/moci/radar_serial/install/radar_interfaces/share/radar_interfaces/environment/path.sh
[0.312s] -- Up-to-date: /home/moci/radar_serial/install/radar_interfaces/share/radar_interfaces/environment/path.dsv
[0.312s] -- Up-to-date: /home/moci/radar_serial/install/radar_interfaces/share/radar_interfaces/local_setup.bash
[0.312s] -- Up-to-date: /home/moci/radar_serial/install/radar_interfaces/share/radar_interfaces/local_setup.sh
[0.313s] -- Up-to-date: /home/moci/radar_serial/install/radar_interfaces/share/radar_interfaces/local_setup.zsh
[0.313s] -- Up-to-date: /home/moci/radar_serial/install/radar_interfaces/share/radar_interfaces/local_setup.dsv
[0.313s] -- Installing: /home/moci/radar_serial/install/radar_interfaces/share/radar_interfaces/package.dsv
[0.313s] -- Up-to-date: /home/moci/radar_serial/install/radar_interfaces/share/ament_index/resource_index/packages/radar_interfaces
[0.313s] -- Up-to-date: /home/moci/radar_serial/install/radar_interfaces/share/radar_interfaces/cmake/export_radar_interfaces__rosidl_generator_cExport.cmake
[0.313s] -- Up-to-date: /home/moci/radar_serial/install/radar_interfaces/share/radar_interfaces/cmake/export_radar_interfaces__rosidl_generator_cExport-noconfig.cmake
[0.313s] -- Up-to-date: /home/moci/radar_serial/install/radar_interfaces/share/radar_interfaces/cmake/export_radar_interfaces__rosidl_typesupport_fastrtps_cExport.cmake
[0.313s] -- Up-to-date: /home/moci/radar_serial/install/radar_interfaces/share/radar_interfaces/cmake/export_radar_interfaces__rosidl_typesupport_fastrtps_cExport-noconfig.cmake
[0.313s] -- Up-to-date: /home/moci/radar_serial/install/radar_interfaces/share/radar_interfaces/cmake/radar_interfaces__rosidl_typesupport_introspection_cExport.cmake
[0.313s] -- Up-to-date: /home/moci/radar_serial/install/radar_interfaces/share/radar_interfaces/cmake/radar_interfaces__rosidl_typesupport_introspection_cExport-noconfig.cmake
[0.313s] -- Up-to-date: /home/moci/radar_serial/install/radar_interfaces/share/radar_interfaces/cmake/radar_interfaces__rosidl_typesupport_cExport.cmake
[0.313s] -- Up-to-date: /home/moci/radar_serial/install/radar_interfaces/share/radar_interfaces/cmake/radar_interfaces__rosidl_typesupport_cExport-noconfig.cmake
[0.313s] -- Up-to-date: /home/moci/radar_serial/install/radar_interfaces/share/radar_interfaces/cmake/export_radar_interfaces__rosidl_generator_cppExport.cmake
[0.313s] -- Up-to-date: /home/moci/radar_serial/install/radar_interfaces/share/radar_interfaces/cmake/export_radar_interfaces__rosidl_typesupport_fastrtps_cppExport.cmake
[0.313s] -- Up-to-date: /home/moci/radar_serial/install/radar_interfaces/share/radar_interfaces/cmake/export_radar_interfaces__rosidl_typesupport_fastrtps_cppExport-noconfig.cmake
[0.313s] -- Up-to-date: /home/moci/radar_serial/install/radar_interfaces/share/radar_interfaces/cmake/radar_interfaces__rosidl_typesupport_introspection_cppExport.cmake
[0.313s] -- Up-to-date: /home/moci/radar_serial/install/radar_interfaces/share/radar_interfaces/cmake/radar_interfaces__rosidl_typesupport_introspection_cppExport-noconfig.cmake
[0.313s] -- Up-to-date: /home/moci/radar_serial/install/radar_interfaces/share/radar_interfaces/cmake/radar_interfaces__rosidl_typesupport_cppExport.cmake
[0.313s] -- Up-to-date: /home/moci/radar_serial/install/radar_interfaces/share/radar_interfaces/cmake/radar_interfaces__rosidl_typesupport_cppExport-noconfig.cmake
[0.314s] -- Up-to-date: /home/moci/radar_serial/install/radar_interfaces/share/radar_interfaces/cmake/export_radar_interfaces__rosidl_generator_pyExport.cmake
[0.314s] -- Up-to-date: /home/moci/radar_serial/install/radar_interfaces/share/radar_interfaces/cmake/export_radar_interfaces__rosidl_generator_pyExport-noconfig.cmake
[0.314s] -- Up-to-date: /home/moci/radar_serial/install/radar_interfaces/share/radar_interfaces/cmake/rosidl_cmake-extras.cmake
[0.314s] -- Up-to-date: /home/moci/radar_serial/install/radar_interfaces/share/radar_interfaces/cmake/ament_cmake_export_include_directories-extras.cmake
[0.314s] -- Up-to-date: /home/moci/radar_serial/install/radar_interfaces/share/radar_interfaces/cmake/ament_cmake_export_libraries-extras.cmake
[0.314s] -- Up-to-date: /home/moci/radar_serial/install/radar_interfaces/share/radar_interfaces/cmake/ament_cmake_export_targets-extras.cmake
[0.314s] -- Up-to-date: /home/moci/radar_serial/install/radar_interfaces/share/radar_interfaces/cmake/rosidl_cmake_export_typesupport_targets-extras.cmake
[0.314s] -- Up-to-date: /home/moci/radar_serial/install/radar_interfaces/share/radar_interfaces/cmake/ament_cmake_export_dependencies-extras.cmake
[0.314s] -- Up-to-date: /home/moci/radar_serial/install/radar_interfaces/share/radar_interfaces/cmake/rosidl_cmake_export_typesupport_libraries-extras.cmake
[0.314s] -- Up-to-date: /home/moci/radar_serial/install/radar_interfaces/share/radar_interfaces/cmake/radar_interfacesConfig.cmake
[0.314s] -- Up-to-date: /home/moci/radar_serial/install/radar_interfaces/share/radar_interfaces/cmake/radar_interfacesConfig-version.cmake
[0.314s] -- Up-to-date: /home/moci/radar_serial/install/radar_interfaces/share/radar_interfaces/package.xml
[0.316s] Invoked command in '/home/moci/radar_serial/build/radar_interfaces' returned '0': CMAKE_PREFIX_PATH=/opt/ros/humble /usr/local/bin/cmake --install /home/moci/radar_serial/build/radar_interfaces
