[ 44%] Built target fake_sender
[ 48%] Built target test_serial
[ 70%] Built target test_parser
[100%] Built target serial_node
-- Install configuration: ""
-- Up-to-date: /home/moci/radar_serial/install/radar_comm/lib/radar_comm/test_parser
-- Up-to-date: /home/moci/radar_serial/install/radar_comm/lib/radar_comm/test_serial
-- Up-to-date: /home/moci/radar_serial/install/radar_comm/lib/radar_comm/serial_node
-- Up-to-date: /home/moci/radar_serial/install/radar_comm/lib/radar_comm/fake_sender
-- Up-to-date: /home/moci/radar_serial/install/radar_comm/share/radar_comm/config
-- Up-to-date: /home/moci/radar_serial/install/radar_comm/share/radar_comm/config/serial_node.yaml
-- Up-to-date: /home/moci/radar_serial/install/radar_comm/share/radar_comm/docs
-- Installing: /home/moci/radar_serial/install/radar_comm/share/radar_comm/docs/README.md
-- Up-to-date: /home/moci/radar_serial/install/radar_comm/share/ament_index/resource_index/package_run_dependencies/radar_comm
-- Up-to-date: /home/moci/radar_serial/install/radar_comm/share/ament_index/resource_index/parent_prefix_path/radar_comm
-- Up-to-date: /home/moci/radar_serial/install/radar_comm/share/radar_comm/environment/ament_prefix_path.sh
-- Up-to-date: /home/moci/radar_serial/install/radar_comm/share/radar_comm/environment/ament_prefix_path.dsv
-- Up-to-date: /home/moci/radar_serial/install/radar_comm/share/radar_comm/environment/path.sh
-- Up-to-date: /home/moci/radar_serial/install/radar_comm/share/radar_comm/environment/path.dsv
-- Up-to-date: /home/moci/radar_serial/install/radar_comm/share/radar_comm/local_setup.bash
-- Up-to-date: /home/moci/radar_serial/install/radar_comm/share/radar_comm/local_setup.sh
-- Up-to-date: /home/moci/radar_serial/install/radar_comm/share/radar_comm/local_setup.zsh
-- Up-to-date: /home/moci/radar_serial/install/radar_comm/share/radar_comm/local_setup.dsv
-- Installing: /home/moci/radar_serial/install/radar_comm/share/radar_comm/package.dsv
-- Up-to-date: /home/moci/radar_serial/install/radar_comm/share/ament_index/resource_index/packages/radar_comm
-- Up-to-date: /home/moci/radar_serial/install/radar_comm/share/radar_comm/cmake/radar_commConfig.cmake
-- Up-to-date: /home/moci/radar_serial/install/radar_comm/share/radar_comm/cmake/radar_commConfig-version.cmake
-- Up-to-date: /home/moci/radar_serial/install/radar_comm/share/radar_comm/package.xml
