[ 11%] Building CXX object CMakeFiles/test_serial.dir/src/protocol/parser.cpp.o
[ 11%] Building CXX object CMakeFiles/test_parser.dir/src/protocol/decoder.cpp.o
[ 16%] Building CXX object CMakeFiles/test_parser.dir/src/protocol/parser.cpp.o
[ 22%] Building CXX object CMakeFiles/test_serial.dir/src/protocol/decoder.cpp.o
[ 27%] Building CXX object CMakeFiles/serial_node.dir/src/ros/serial_node.cpp.o
[ 33%] Building CXX object CMakeFiles/serial_node.dir/src/protocol/decoder.cpp.o
[ 38%] Building CXX object CMakeFiles/serial_node.dir/src/protocol/parser.cpp.o
[ 44%] Linking CXX executable test_serial
[ 50%] Linking CXX executable test_parser
[ 66%] Built target test_parser
[ 83%] Built target test_serial
[ 88%] Linking CXX executable serial_node
[100%] Built target serial_node
-- Install configuration: ""
-- Installing: /home/moci/radar_serial/install/radar_comm/lib/radar_comm/test_parser
-- Set runtime path of "/home/moci/radar_serial/install/radar_comm/lib/radar_comm/test_parser" to ""
-- Installing: /home/moci/radar_serial/install/radar_comm/lib/radar_comm/test_serial
-- Set runtime path of "/home/moci/radar_serial/install/radar_comm/lib/radar_comm/test_serial" to ""
-- Installing: /home/moci/radar_serial/install/radar_comm/lib/radar_comm/serial_node
-- Set runtime path of "/home/moci/radar_serial/install/radar_comm/lib/radar_comm/serial_node" to ""
-- Installing: /home/moci/radar_serial/install/radar_comm/share/ament_index/resource_index/package_run_dependencies/radar_comm
-- Installing: /home/moci/radar_serial/install/radar_comm/share/ament_index/resource_index/parent_prefix_path/radar_comm
-- Installing: /home/moci/radar_serial/install/radar_comm/share/radar_comm/environment/ament_prefix_path.sh
-- Installing: /home/moci/radar_serial/install/radar_comm/share/radar_comm/environment/ament_prefix_path.dsv
-- Installing: /home/moci/radar_serial/install/radar_comm/share/radar_comm/environment/path.sh
-- Installing: /home/moci/radar_serial/install/radar_comm/share/radar_comm/environment/path.dsv
-- Installing: /home/moci/radar_serial/install/radar_comm/share/radar_comm/local_setup.bash
-- Installing: /home/moci/radar_serial/install/radar_comm/share/radar_comm/local_setup.sh
-- Installing: /home/moci/radar_serial/install/radar_comm/share/radar_comm/local_setup.zsh
-- Installing: /home/moci/radar_serial/install/radar_comm/share/radar_comm/local_setup.dsv
-- Installing: /home/moci/radar_serial/install/radar_comm/share/radar_comm/package.dsv
-- Installing: /home/moci/radar_serial/install/radar_comm/share/ament_index/resource_index/packages/radar_comm
-- Installing: /home/moci/radar_serial/install/radar_comm/share/radar_comm/cmake/radar_commConfig.cmake
-- Installing: /home/moci/radar_serial/install/radar_comm/share/radar_comm/cmake/radar_commConfig-version.cmake
-- Installing: /home/moci/radar_serial/install/radar_comm/share/radar_comm/package.xml
