[0.014s] Invoking command in '/home/moci/radar_serial/build/radar_comm': AMENT_PREFIX_PATH=/home/moci/radar_serial/install/radar_interfaces:${AMENT_PREFIX_PATH} CMAKE_PREFIX_PATH=/home/moci/radar_serial/install/radar_interfaces:/opt/ros/humble LD_LIBRARY_PATH=/home/moci/radar_serial/install/radar_interfaces/lib:/opt/MVS/lib/64:/opt/MVS/lib/32:/opt/MVS/lib/64:/opt/MVS/lib/32:/opt/MVS/lib:/usr/lib/x86_64-linux-gnu/gazebo-11/plugins:/opt/ros/humble/opt/rviz_ogre_vendor/lib:/opt/ros/humble/lib/x86_64-linux-gnu:/opt/ros/humble/opt/openvdb_vendor/lib:/opt/ros/humble/lib:/opt/MVS/lib/64:/opt/MVS/lib/32:/usr/local/cuda-12.2/lib64:/opt/MVS/lib/64:/opt/MVS/lib/32:/opt/MVS/lib/64:/opt/MVS/lib/32:/opt/MVS/lib:/usr/local/TensorRT-10.6.0.26/lib PYTHONPATH=/home/moci/radar_serial/install/radar_interfaces/local/lib/python3.10/dist-packages:${PYTHONPATH} /usr/local/bin/cmake --build /home/moci/radar_serial/build/radar_comm -- -j16 -l16
[0.054s] [ 11%] Building CXX object CMakeFiles/test_serial.dir/src/protocol/parser.cpp.o
[0.054s] [ 11%] Building CXX object CMakeFiles/test_parser.dir/src/protocol/decoder.cpp.o
[0.054s] [ 16%] Building CXX object CMakeFiles/test_parser.dir/src/protocol/parser.cpp.o
[0.054s] [ 22%] Building CXX object CMakeFiles/test_serial.dir/src/protocol/decoder.cpp.o
[0.064s] [ 27%] Building CXX object CMakeFiles/serial_node.dir/src/ros/serial_node.cpp.o
[0.064s] [ 33%] Building CXX object CMakeFiles/serial_node.dir/src/protocol/decoder.cpp.o
[0.064s] [ 38%] Building CXX object CMakeFiles/serial_node.dir/src/protocol/parser.cpp.o
[0.198s] [ 44%] Linking CXX executable test_serial
[0.199s] [ 50%] Linking CXX executable test_parser
[0.281s] [ 66%] Built target test_parser
[0.282s] [ 83%] Built target test_serial
[4.101s] [ 88%] Linking CXX executable serial_node
[4.276s] [100%] Built target serial_node
[4.280s] Invoked command in '/home/moci/radar_serial/build/radar_comm' returned '0': AMENT_PREFIX_PATH=/home/moci/radar_serial/install/radar_interfaces:${AMENT_PREFIX_PATH} CMAKE_PREFIX_PATH=/home/moci/radar_serial/install/radar_interfaces:/opt/ros/humble LD_LIBRARY_PATH=/home/moci/radar_serial/install/radar_interfaces/lib:/opt/MVS/lib/64:/opt/MVS/lib/32:/opt/MVS/lib/64:/opt/MVS/lib/32:/opt/MVS/lib:/usr/lib/x86_64-linux-gnu/gazebo-11/plugins:/opt/ros/humble/opt/rviz_ogre_vendor/lib:/opt/ros/humble/lib/x86_64-linux-gnu:/opt/ros/humble/opt/openvdb_vendor/lib:/opt/ros/humble/lib:/opt/MVS/lib/64:/opt/MVS/lib/32:/usr/local/cuda-12.2/lib64:/opt/MVS/lib/64:/opt/MVS/lib/32:/opt/MVS/lib/64:/opt/MVS/lib/32:/opt/MVS/lib:/usr/local/TensorRT-10.6.0.26/lib PYTHONPATH=/home/moci/radar_serial/install/radar_interfaces/local/lib/python3.10/dist-packages:${PYTHONPATH} /usr/local/bin/cmake --build /home/moci/radar_serial/build/radar_comm -- -j16 -l16
[4.285s] Invoking command in '/home/moci/radar_serial/build/radar_comm': AMENT_PREFIX_PATH=/home/moci/radar_serial/install/radar_interfaces:${AMENT_PREFIX_PATH} CMAKE_PREFIX_PATH=/home/moci/radar_serial/install/radar_interfaces:/opt/ros/humble LD_LIBRARY_PATH=/home/moci/radar_serial/install/radar_interfaces/lib:/opt/MVS/lib/64:/opt/MVS/lib/32:/opt/MVS/lib/64:/opt/MVS/lib/32:/opt/MVS/lib:/usr/lib/x86_64-linux-gnu/gazebo-11/plugins:/opt/ros/humble/opt/rviz_ogre_vendor/lib:/opt/ros/humble/lib/x86_64-linux-gnu:/opt/ros/humble/opt/openvdb_vendor/lib:/opt/ros/humble/lib:/opt/MVS/lib/64:/opt/MVS/lib/32:/usr/local/cuda-12.2/lib64:/opt/MVS/lib/64:/opt/MVS/lib/32:/opt/MVS/lib/64:/opt/MVS/lib/32:/opt/MVS/lib:/usr/local/TensorRT-10.6.0.26/lib PYTHONPATH=/home/moci/radar_serial/install/radar_interfaces/local/lib/python3.10/dist-packages:${PYTHONPATH} /usr/local/bin/cmake --install /home/moci/radar_serial/build/radar_comm
[4.287s] -- Install configuration: ""
[4.287s] -- Installing: /home/moci/radar_serial/install/radar_comm/lib/radar_comm/test_parser
[4.288s] -- Set runtime path of "/home/moci/radar_serial/install/radar_comm/lib/radar_comm/test_parser" to ""
[4.288s] -- Installing: /home/moci/radar_serial/install/radar_comm/lib/radar_comm/test_serial
[4.288s] -- Set runtime path of "/home/moci/radar_serial/install/radar_comm/lib/radar_comm/test_serial" to ""
[4.288s] -- Installing: /home/moci/radar_serial/install/radar_comm/lib/radar_comm/serial_node
[4.290s] -- Set runtime path of "/home/moci/radar_serial/install/radar_comm/lib/radar_comm/serial_node" to ""
[4.290s] -- Installing: /home/moci/radar_serial/install/radar_comm/share/ament_index/resource_index/package_run_dependencies/radar_comm
[4.290s] -- Installing: /home/moci/radar_serial/install/radar_comm/share/ament_index/resource_index/parent_prefix_path/radar_comm
[4.290s] -- Installing: /home/moci/radar_serial/install/radar_comm/share/radar_comm/environment/ament_prefix_path.sh
[4.291s] -- Installing: /home/moci/radar_serial/install/radar_comm/share/radar_comm/environment/ament_prefix_path.dsv
[4.291s] -- Installing: /home/moci/radar_serial/install/radar_comm/share/radar_comm/environment/path.sh
[4.291s] -- Installing: /home/moci/radar_serial/install/radar_comm/share/radar_comm/environment/path.dsv
[4.291s] -- Installing: /home/moci/radar_serial/install/radar_comm/share/radar_comm/local_setup.bash
[4.291s] -- Installing: /home/moci/radar_serial/install/radar_comm/share/radar_comm/local_setup.sh
[4.291s] -- Installing: /home/moci/radar_serial/install/radar_comm/share/radar_comm/local_setup.zsh
[4.291s] -- Installing: /home/moci/radar_serial/install/radar_comm/share/radar_comm/local_setup.dsv
[4.291s] -- Installing: /home/moci/radar_serial/install/radar_comm/share/radar_comm/package.dsv
[4.291s] -- Installing: /home/moci/radar_serial/install/radar_comm/share/ament_index/resource_index/packages/radar_comm
[4.291s] -- Installing: /home/moci/radar_serial/install/radar_comm/share/radar_comm/cmake/radar_commConfig.cmake
[4.291s] -- Installing: /home/moci/radar_serial/install/radar_comm/share/radar_comm/cmake/radar_commConfig-version.cmake
[4.292s] -- Installing: /home/moci/radar_serial/install/radar_comm/share/radar_comm/package.xml
[4.293s] Invoked command in '/home/moci/radar_serial/build/radar_comm' returned '0': AMENT_PREFIX_PATH=/home/moci/radar_serial/install/radar_interfaces:${AMENT_PREFIX_PATH} CMAKE_PREFIX_PATH=/home/moci/radar_serial/install/radar_interfaces:/opt/ros/humble LD_LIBRARY_PATH=/home/moci/radar_serial/install/radar_interfaces/lib:/opt/MVS/lib/64:/opt/MVS/lib/32:/opt/MVS/lib/64:/opt/MVS/lib/32:/opt/MVS/lib:/usr/lib/x86_64-linux-gnu/gazebo-11/plugins:/opt/ros/humble/opt/rviz_ogre_vendor/lib:/opt/ros/humble/lib/x86_64-linux-gnu:/opt/ros/humble/opt/openvdb_vendor/lib:/opt/ros/humble/lib:/opt/MVS/lib/64:/opt/MVS/lib/32:/usr/local/cuda-12.2/lib64:/opt/MVS/lib/64:/opt/MVS/lib/32:/opt/MVS/lib/64:/opt/MVS/lib/32:/opt/MVS/lib:/usr/local/TensorRT-10.6.0.26/lib PYTHONPATH=/home/moci/radar_serial/install/radar_interfaces/local/lib/python3.10/dist-packages:${PYTHONPATH} /usr/local/bin/cmake --install /home/moci/radar_serial/build/radar_comm
