[ 20%] [32mBuilding CXX object CMakeFiles/test_parser.dir/src/protocol/parser.cpp.o[0m
[01m[K/home/moci/wust_rm/radar_serial/src/radar_comm/src/protocol/parser.cpp:[m[K In member function ‘[01m[Kstd::optional<std::variant<EnemyRobotPosition> > ProtocolParser::input(uint8_t)[m[K’:
[01m[K/home/moci/wust_rm/radar_serial/src/radar_comm/src/protocol/parser.cpp:29:12:[m[K [01;31m[Kerror: [m[K‘[01m[Kverify_crc8[m[K’ was not declared in this scope; did you mean ‘[01m[Kradar_comm::verify_crc8[m[K’?
   29 |       if (![01;31m[Kverify_crc8[m[K(buffer_.data(), 5)) {
      |            [01;31m[K^~~~~~~~~~~[m[K
      |            [32m[Kradar_comm::verify_crc8[m[K
In file included from [01m[K/home/moci/wust_rm/radar_serial/src/radar_comm/src/protocol/parser.cpp:2[m[K:
[01m[K/home/moci/wust_rm/radar_serial/src/radar_comm/include/radar_comm/protocol/crc.hpp:8:6:[m[K [01;36m[Knote: [m[K‘[01m[Kradar_comm::verify_crc8[m[K’ declared here
    8 | bool [01;36m[Kverify_crc8[m[K(uint8_t *data, uint32_t len);
      |      [01;36m[K^~~~~~~~~~~[m[K
[01m[K/home/moci/wust_rm/radar_serial/src/radar_comm/src/protocol/parser.cpp:58:12:[m[K [01;31m[Kerror: [m[K‘[01m[Kverify_crc16[m[K’ was not declared in this scope; did you mean ‘[01m[Kradar_comm::verify_crc16[m[K’?
   58 |       if (![01;31m[Kverify_crc16[m[K(buffer_.data(), expected_length_)) {
      |            [01;31m[K^~~~~~~~~~~~[m[K
      |            [32m[Kradar_comm::verify_crc16[m[K
In file included from [01m[K/home/moci/wust_rm/radar_serial/src/radar_comm/src/protocol/parser.cpp:2[m[K:
[01m[K/home/moci/wust_rm/radar_serial/src/radar_comm/include/radar_comm/protocol/crc.hpp:11:6:[m[K [01;36m[Knote: [m[K‘[01m[Kradar_comm::verify_crc16[m[K’ declared here
   11 | bool [01;36m[Kverify_crc16[m[K(uint8_t *data, uint32_t len);
      |      [01;36m[K^~~~~~~~~~~~[m[K
gmake[2]: *** [CMakeFiles/test_parser.dir/build.make:90：CMakeFiles/test_parser.dir/src/protocol/parser.cpp.o] 错误 1
gmake[1]: *** [CMakeFiles/Makefile2:137：CMakeFiles/test_parser.dir/all] 错误 2
gmake: *** [Makefile:146：all] 错误 2
