[0.009s] Invoking command in '/home/moci/wust_rm/radar_serial/build/radar_comm': CMAKE_PREFIX_PATH=${CMAKE_PREFIX_PATH}:/opt/ros/humble /usr/local/bin/cmake --build /home/moci/wust_rm/radar_serial/build/radar_comm -- -j16 -l16
[0.031s] [ 20%] [32mBuilding CXX object CMakeFiles/test_parser.dir/src/protocol/crc.cpp.o[0m
[0.032s] [ 40%] [32mBuilding CXX object CMakeFiles/test_parser.dir/src/protocol/parser.cpp.o[0m
[0.032s] [ 60%] [32mBuilding CXX object CMakeFiles/test_parser.dir/src/protocol/decoder.cpp.o[0m
[0.038s] [01m[K/home/moci/wust_rm/radar_serial/src/radar_comm/src/protocol/parser.cpp:1:10:[m[K [01;31m[Kfatal error: [m[Kparser.hpp: 没有那个文件或目录
[0.038s]     1 | #include [01;31m[K"parser.hpp"[m[K
[0.038s]       |          [01;31m[K^~~~~~~~~~~~[m[K
[0.038s] compilation terminated.
[0.038s] [01m[K/home/moci/wust_rm/radar_serial/src/radar_comm/src/protocol/decoder.cpp:1:10:[m[K [01;31m[Kfatal error: [m[Kdecoder.hpp: 没有那个文件或目录
[0.038s]     1 | #include [01;31m[K"decoder.hpp"[m[K
[0.038s]       |          [01;31m[K^~~~~~~~~~~~~[m[K
[0.038s] compilation terminated.
[0.038s] gmake[2]: *** [CMakeFiles/test_parser.dir/build.make:90：CMakeFiles/test_parser.dir/src/protocol/parser.cpp.o] 错误 1
[0.038s] gmake[2]: *** 正在等待未完成的任务....
[0.038s] gmake[2]: *** [CMakeFiles/test_parser.dir/build.make:118：CMakeFiles/test_parser.dir/src/protocol/decoder.cpp.o] 错误 1
[0.043s] [01m[K/home/moci/wust_rm/radar_serial/src/radar_comm/src/protocol/crc.cpp:76:27:[m[K [01;31m[Kerror: [m[Kexpected ‘[01m[K}[m[K’ before ‘[01m[K;[m[K’ token
[0.043s]    76 |     0x2c6a, 0x1ef1, 0x0f78[01;31m[K;[m[K
[0.043s]       |                           [01;31m[K^[m[K
[0.043s] [01m[K/home/moci/wust_rm/radar_serial/src/radar_comm/src/protocol/crc.cpp:47:40:[m[K [01;36m[Knote: [m[Kto match this ‘[01m[K{[m[K’
[0.043s]    47 | static const uint16_t CRC16_TAB[256] = [01;36m[K{[m[K
[0.043s]       |                                        [01;36m[K^[m[K
[0.043s] [01m[K/home/moci/wust_rm/radar_serial/src/radar_comm/src/protocol/crc.cpp:[m[K In function ‘[01m[Kuint16_t get_crc16(uint8_t*, uint32_t)[m[K’:
[0.043s] [01m[K/home/moci/wust_rm/radar_serial/src/radar_comm/src/protocol/crc.cpp:80:18:[m[K [01;31m[Kerror: [m[K‘[01m[KCRC16_INIT[m[K’ was not declared in this scope; did you mean ‘[01m[Kradar_comm::CRC16_INIT[m[K’?
[0.044s]    80 |   uint16_t crc = [01;31m[KCRC16_INIT[m[K;
[0.044s]       |                  [01;31m[K^~~~~~~~~~[m[K
[0.044s]       |                  [32m[Kradar_comm::CRC16_INIT[m[K
[0.044s] [01m[K/home/moci/wust_rm/radar_serial/src/radar_comm/src/protocol/crc.cpp:46:23:[m[K [01;36m[Knote: [m[K‘[01m[Kradar_comm::CRC16_INIT[m[K’ declared here
[0.044s]    46 | static const uint16_t [01;36m[KCRC16_INIT[m[K = 0xffff;
[0.044s]       |                       [01;36m[K^~~~~~~~~~[m[K
[0.044s] [01m[K/home/moci/wust_rm/radar_serial/src/radar_comm/src/protocol/crc.cpp:82:24:[m[K [01;31m[Kerror: [m[K‘[01m[KCRC16_TAB[m[K’ was not declared in this scope; did you mean ‘[01m[Kradar_comm::CRC16_TAB[m[K’?
[0.044s]    82 |     crc = (crc >> 8) ^ [01;31m[KCRC16_TAB[m[K[(crc ^ *data++) & 0xff];
[0.044s]       |                        [01;31m[K^~~~~~~~~[m[K
[0.044s]       |                        [32m[Kradar_comm::CRC16_TAB[m[K
[0.044s] [01m[K/home/moci/wust_rm/radar_serial/src/radar_comm/src/protocol/crc.cpp:47:23:[m[K [01;36m[Knote: [m[K‘[01m[Kradar_comm::CRC16_TAB[m[K’ declared here
[0.044s]    47 | static const uint16_t [01;36m[KCRC16_TAB[m[K[256] = {
[0.044s]       |                       [01;36m[K^~~~~~~~~[m[K
[0.044s] [01m[K/home/moci/wust_rm/radar_serial/src/radar_comm/src/protocol/crc.cpp:[m[K At global scope:
[0.044s] [01m[K/home/moci/wust_rm/radar_serial/src/radar_comm/src/protocol/crc.cpp:93:1:[m[K [01;31m[Kerror: [m[Kexpected declaration before ‘[01m[K}[m[K’ token
[0.044s]    93 | [01;31m[K}[m[K // namespace radar_comm
[0.044s]       | [01;31m[K^[m[K
[0.044s] gmake[2]: *** [CMakeFiles/test_parser.dir/build.make:104：CMakeFiles/test_parser.dir/src/protocol/crc.cpp.o] 错误 1
[0.045s] gmake[1]: *** [CMakeFiles/Makefile2:137：CMakeFiles/test_parser.dir/all] 错误 2
[0.045s] gmake: *** [Makefile:146：all] 错误 2
[0.046s] Invoked command in '/home/moci/wust_rm/radar_serial/build/radar_comm' returned '2': CMAKE_PREFIX_PATH=${CMAKE_PREFIX_PATH}:/opt/ros/humble /usr/local/bin/cmake --build /home/moci/wust_rm/radar_serial/build/radar_comm -- -j16 -l16
