-- Found ament_cmake: 1.3.14 (/opt/ros/humble/share/ament_cmake/cmake)
-- Found rosidl_default_generators: 1.2.1 (/opt/ros/humble/share/rosidl_default_generators/cmake)
-- Using all available rosidl_typesupport_c: rosidl_typesupport_fastrtps_c;rosidl_typesupport_introspection_c
-- Found rosidl_adapter: 3.1.8 (/opt/ros/humble/share/rosidl_adapter/cmake)
-- Using all available rosidl_typesupport_cpp: rosidl_typesupport_fastrtps_cpp;rosidl_typesupport_introspection_cpp
-- Found ament_cmake_ros: 0.10.0 (/opt/ros/humble/share/ament_cmake_ros/cmake)
-- Using all available rosidl_typesupport_c: rosidl_typesupport_fastrtps_c;rosidl_typesupport_introspection_c
-- Using all available rosidl_typesupport_cpp: rosidl_typesupport_fastrtps_cpp;rosidl_typesupport_introspection_cpp
-- Found python_cmake_module: 0.10.0 (/opt/ros/humble/share/python_cmake_module/cmake)
-- Using PYTHON_EXECUTABLE: /usr/bin/python3
-- Using PYTHON_INCLUDE_DIRS: /usr/include/python3.10
-- Using PYTHON_LIBRARIES: /usr/lib/x86_64-linux-gnu/libpython3.10.so
-- Configuring done (1.3s)
-- Generating done (0.0s)
-- Build files have been written to: /home/moci/radar_serial/build/radar_interfaces
[  1%] Generating C code for ROS interfaces
[  2%] Generating Rust code for ROS interfaces
[  2%] Generating C++ code for ROS interfaces
[  2%] Built target ament_cmake_python_copy_radar_interfaces
running egg_info
writing radar_interfaces.egg-info/PKG-INFO
writing dependency_links to radar_interfaces.egg-info/dependency_links.txt
writing top-level names to radar_interfaces.egg-info/top_level.txt
reading manifest file 'radar_interfaces.egg-info/SOURCES.txt'
writing manifest file 'radar_interfaces.egg-info/SOURCES.txt'
[  2%] Built target ament_cmake_python_build_radar_interfaces_egg
[  2%] Built target radar_interfaces__rs
[  2%] Built target radar_interfaces__cpp
[  3%] Generating C++ introspection for ROS interfaces
[  4%] Generating C++ type support for eProsima Fast-RTPS
[  5%] Generating C++ type support dispatch for ROS interfaces
[  7%] Building C object CMakeFiles/radar_interfaces__rosidl_generator_c.dir/rosidl_generator_c/radar_interfaces/msg/detail/enemy_position__functions.c.o
[  7%] Building C object CMakeFiles/radar_interfaces__rosidl_generator_c.dir/rosidl_generator_c/radar_interfaces/msg/detail/enemy_hp__functions.c.o
[  8%] Building C object CMakeFiles/radar_interfaces__rosidl_generator_c.dir/rosidl_generator_c/radar_interfaces/msg/detail/enemy_ammo__functions.c.o
[ 10%] Building C object CMakeFiles/radar_interfaces__rosidl_generator_c.dir/rosidl_generator_c/radar_interfaces/msg/detail/macro_status__functions.c.o
[ 10%] Building C object CMakeFiles/radar_interfaces__rosidl_generator_c.dir/rosidl_generator_c/radar_interfaces/msg/detail/buffs__functions.c.o
[ 11%] Building C object CMakeFiles/radar_interfaces__rosidl_generator_c.dir/rosidl_generator_c/radar_interfaces/msg/detail/interference_key__functions.c.o
[ 12%] Building C object CMakeFiles/radar_interfaces__rosidl_generator_c.dir/rosidl_generator_c/radar_interfaces/msg/detail/radar_mark_progress__functions.c.o
[ 13%] Building C object CMakeFiles/radar_interfaces__rosidl_generator_c.dir/rosidl_generator_c/radar_interfaces/msg/detail/radar_info__functions.c.o
[ 14%] Building C object CMakeFiles/radar_interfaces__rosidl_generator_c.dir/rosidl_generator_c/radar_interfaces/msg/detail/map_robot_data__functions.c.o
[ 15%] Building C object CMakeFiles/radar_interfaces__rosidl_generator_c.dir/rosidl_generator_c/radar_interfaces/msg/detail/radar_decision_command__functions.c.o
[ 16%] Linking C shared library libradar_interfaces__rosidl_generator_c.so
[ 16%] Built target radar_interfaces__rosidl_generator_c
[ 18%] Generating C type support for eProsima Fast-RTPS
[ 18%] Generating C type support dispatch for ROS interfaces
[ 19%] Generating C introspection for ROS interfaces
[ 21%] Building CXX object CMakeFiles/radar_interfaces__rosidl_typesupport_cpp.dir/rosidl_typesupport_cpp/radar_interfaces/msg/enemy_ammo__type_support.cpp.o
[ 21%] Building CXX object CMakeFiles/radar_interfaces__rosidl_typesupport_cpp.dir/rosidl_typesupport_cpp/radar_interfaces/msg/enemy_position__type_support.cpp.o
[ 22%] Building CXX object CMakeFiles/radar_interfaces__rosidl_typesupport_cpp.dir/rosidl_typesupport_cpp/radar_interfaces/msg/enemy_hp__type_support.cpp.o
[ 23%] Building CXX object CMakeFiles/radar_interfaces__rosidl_typesupport_cpp.dir/rosidl_typesupport_cpp/radar_interfaces/msg/macro_status__type_support.cpp.o
[ 24%] Building CXX object CMakeFiles/radar_interfaces__rosidl_typesupport_cpp.dir/rosidl_typesupport_cpp/radar_interfaces/msg/buffs__type_support.cpp.o
[ 25%] Building CXX object CMakeFiles/radar_interfaces__rosidl_typesupport_cpp.dir/rosidl_typesupport_cpp/radar_interfaces/msg/interference_key__type_support.cpp.o
[ 26%] Building CXX object CMakeFiles/radar_interfaces__rosidl_typesupport_cpp.dir/rosidl_typesupport_cpp/radar_interfaces/msg/radar_mark_progress__type_support.cpp.o
[ 27%] Building CXX object CMakeFiles/radar_interfaces__rosidl_typesupport_cpp.dir/rosidl_typesupport_cpp/radar_interfaces/msg/map_robot_data__type_support.cpp.o
[ 28%] Building CXX object CMakeFiles/radar_interfaces__rosidl_typesupport_cpp.dir/rosidl_typesupport_cpp/radar_interfaces/msg/radar_info__type_support.cpp.o
[ 29%] Building CXX object CMakeFiles/radar_interfaces__rosidl_typesupport_cpp.dir/rosidl_typesupport_cpp/radar_interfaces/msg/radar_decision_command__type_support.cpp.o
[ 30%] Building CXX object CMakeFiles/radar_interfaces__rosidl_typesupport_introspection_cpp.dir/rosidl_typesupport_introspection_cpp/radar_interfaces/msg/detail/enemy_position__type_support.cpp.o
[ 31%] Building CXX object CMakeFiles/radar_interfaces__rosidl_typesupport_introspection_cpp.dir/rosidl_typesupport_introspection_cpp/radar_interfaces/msg/detail/enemy_hp__type_support.cpp.o
[ 31%] Building CXX object CMakeFiles/radar_interfaces__rosidl_typesupport_c.dir/rosidl_typesupport_c/radar_interfaces/msg/enemy_position__type_support.cpp.o
[ 32%] Building CXX object CMakeFiles/radar_interfaces__rosidl_typesupport_c.dir/rosidl_typesupport_c/radar_interfaces/msg/enemy_hp__type_support.cpp.o
[ 33%] Building CXX object CMakeFiles/radar_interfaces__rosidl_typesupport_c.dir/rosidl_typesupport_c/radar_interfaces/msg/enemy_ammo__type_support.cpp.o
[ 34%] Building CXX object CMakeFiles/radar_interfaces__rosidl_typesupport_c.dir/rosidl_typesupport_c/radar_interfaces/msg/macro_status__type_support.cpp.o
[ 35%] Building CXX object CMakeFiles/radar_interfaces__rosidl_typesupport_fastrtps_cpp.dir/rosidl_typesupport_fastrtps_cpp/radar_interfaces/msg/detail/dds_fastrtps/enemy_position__type_support.cpp.o
[ 36%] Building CXX object CMakeFiles/radar_interfaces__rosidl_typesupport_introspection_cpp.dir/rosidl_typesupport_introspection_cpp/radar_interfaces/msg/detail/enemy_ammo__type_support.cpp.o
[ 37%] Building CXX object CMakeFiles/radar_interfaces__rosidl_typesupport_c.dir/rosidl_typesupport_c/radar_interfaces/msg/buffs__type_support.cpp.o
[ 38%] Building CXX object CMakeFiles/radar_interfaces__rosidl_typesupport_introspection_cpp.dir/rosidl_typesupport_introspection_cpp/radar_interfaces/msg/detail/macro_status__type_support.cpp.o
[ 39%] Building CXX object CMakeFiles/radar_interfaces__rosidl_typesupport_fastrtps_cpp.dir/rosidl_typesupport_fastrtps_cpp/radar_interfaces/msg/detail/dds_fastrtps/enemy_hp__type_support.cpp.o
[ 40%] Building CXX object CMakeFiles/radar_interfaces__rosidl_typesupport_fastrtps_cpp.dir/rosidl_typesupport_fastrtps_cpp/radar_interfaces/msg/detail/dds_fastrtps/enemy_ammo__type_support.cpp.o
[ 41%] Building CXX object CMakeFiles/radar_interfaces__rosidl_typesupport_c.dir/rosidl_typesupport_c/radar_interfaces/msg/interference_key__type_support.cpp.o
[ 42%] Building CXX object CMakeFiles/radar_interfaces__rosidl_typesupport_c.dir/rosidl_typesupport_c/radar_interfaces/msg/radar_mark_progress__type_support.cpp.o
[ 43%] Building CXX object CMakeFiles/radar_interfaces__rosidl_typesupport_introspection_cpp.dir/rosidl_typesupport_introspection_cpp/radar_interfaces/msg/detail/buffs__type_support.cpp.o
[ 44%] Building CXX object CMakeFiles/radar_interfaces__rosidl_typesupport_c.dir/rosidl_typesupport_c/radar_interfaces/msg/radar_info__type_support.cpp.o
[ 44%] Building C object CMakeFiles/radar_interfaces__rosidl_typesupport_introspection_c.dir/rosidl_typesupport_introspection_c/radar_interfaces/msg/detail/enemy_position__type_support.c.o
[ 45%] Building CXX object CMakeFiles/radar_interfaces__rosidl_typesupport_introspection_cpp.dir/rosidl_typesupport_introspection_cpp/radar_interfaces/msg/detail/interference_key__type_support.cpp.o
[ 46%] Building CXX object CMakeFiles/radar_interfaces__rosidl_typesupport_introspection_cpp.dir/rosidl_typesupport_introspection_cpp/radar_interfaces/msg/detail/radar_mark_progress__type_support.cpp.o
[ 47%] Building CXX object CMakeFiles/radar_interfaces__rosidl_typesupport_introspection_cpp.dir/rosidl_typesupport_introspection_cpp/radar_interfaces/msg/detail/radar_info__type_support.cpp.o
[ 48%] Linking CXX shared library libradar_interfaces__rosidl_typesupport_cpp.so
[ 49%] Building CXX object CMakeFiles/radar_interfaces__rosidl_typesupport_fastrtps_cpp.dir/rosidl_typesupport_fastrtps_cpp/radar_interfaces/msg/detail/dds_fastrtps/macro_status__type_support.cpp.o
[ 50%] Building CXX object CMakeFiles/radar_interfaces__rosidl_typesupport_c.dir/rosidl_typesupport_c/radar_interfaces/msg/map_robot_data__type_support.cpp.o
[ 51%] Building C object CMakeFiles/radar_interfaces__rosidl_typesupport_introspection_c.dir/rosidl_typesupport_introspection_c/radar_interfaces/msg/detail/enemy_hp__type_support.c.o
[ 51%] Building CXX object CMakeFiles/radar_interfaces__rosidl_typesupport_fastrtps_c.dir/rosidl_typesupport_fastrtps_c/radar_interfaces/msg/detail/enemy_position__type_support_c.cpp.o
[ 52%] Building C object CMakeFiles/radar_interfaces__rosidl_typesupport_introspection_c.dir/rosidl_typesupport_introspection_c/radar_interfaces/msg/detail/enemy_ammo__type_support.c.o
[ 53%] Building CXX object CMakeFiles/radar_interfaces__rosidl_typesupport_c.dir/rosidl_typesupport_c/radar_interfaces/msg/radar_decision_command__type_support.cpp.o
[ 53%] Built target radar_interfaces__rosidl_typesupport_cpp
[ 54%] Building CXX object CMakeFiles/radar_interfaces__rosidl_typesupport_fastrtps_cpp.dir/rosidl_typesupport_fastrtps_cpp/radar_interfaces/msg/detail/dds_fastrtps/buffs__type_support.cpp.o
[ 55%] Linking CXX shared library libradar_interfaces__rosidl_typesupport_c.so
[ 56%] Building C object CMakeFiles/radar_interfaces__rosidl_typesupport_introspection_c.dir/rosidl_typesupport_introspection_c/radar_interfaces/msg/detail/macro_status__type_support.c.o
[ 57%] Building C object CMakeFiles/radar_interfaces__rosidl_typesupport_introspection_c.dir/rosidl_typesupport_introspection_c/radar_interfaces/msg/detail/buffs__type_support.c.o
[ 57%] Built target radar_interfaces__rosidl_typesupport_c
[ 58%] Building CXX object CMakeFiles/radar_interfaces__rosidl_typesupport_fastrtps_c.dir/rosidl_typesupport_fastrtps_c/radar_interfaces/msg/detail/enemy_hp__type_support_c.cpp.o
[ 59%] Building C object CMakeFiles/radar_interfaces__rosidl_typesupport_introspection_c.dir/rosidl_typesupport_introspection_c/radar_interfaces/msg/detail/interference_key__type_support.c.o
[ 60%] Building CXX object CMakeFiles/radar_interfaces__rosidl_typesupport_fastrtps_c.dir/rosidl_typesupport_fastrtps_c/radar_interfaces/msg/detail/enemy_ammo__type_support_c.cpp.o
[ 61%] Building C object CMakeFiles/radar_interfaces__rosidl_typesupport_introspection_c.dir/rosidl_typesupport_introspection_c/radar_interfaces/msg/detail/radar_mark_progress__type_support.c.o
[ 62%] Building CXX object CMakeFiles/radar_interfaces__rosidl_typesupport_fastrtps_c.dir/rosidl_typesupport_fastrtps_c/radar_interfaces/msg/detail/macro_status__type_support_c.cpp.o
[ 63%] Building C object CMakeFiles/radar_interfaces__rosidl_typesupport_introspection_c.dir/rosidl_typesupport_introspection_c/radar_interfaces/msg/detail/radar_info__type_support.c.o
[ 64%] Building C object CMakeFiles/radar_interfaces__rosidl_typesupport_introspection_c.dir/rosidl_typesupport_introspection_c/radar_interfaces/msg/detail/map_robot_data__type_support.c.o
[ 65%] Building C object CMakeFiles/radar_interfaces__rosidl_typesupport_introspection_c.dir/rosidl_typesupport_introspection_c/radar_interfaces/msg/detail/radar_decision_command__type_support.c.o
[ 66%] Linking C shared library libradar_interfaces__rosidl_typesupport_introspection_c.so
[ 67%] Building CXX object CMakeFiles/radar_interfaces__rosidl_typesupport_fastrtps_cpp.dir/rosidl_typesupport_fastrtps_cpp/radar_interfaces/msg/detail/dds_fastrtps/interference_key__type_support.cpp.o
[ 68%] Building CXX object CMakeFiles/radar_interfaces__rosidl_typesupport_fastrtps_c.dir/rosidl_typesupport_fastrtps_c/radar_interfaces/msg/detail/buffs__type_support_c.cpp.o
[ 69%] Building CXX object CMakeFiles/radar_interfaces__rosidl_typesupport_fastrtps_cpp.dir/rosidl_typesupport_fastrtps_cpp/radar_interfaces/msg/detail/dds_fastrtps/radar_mark_progress__type_support.cpp.o
[ 69%] Built target radar_interfaces__rosidl_typesupport_introspection_c
[ 70%] Building CXX object CMakeFiles/radar_interfaces__rosidl_typesupport_fastrtps_cpp.dir/rosidl_typesupport_fastrtps_cpp/radar_interfaces/msg/detail/dds_fastrtps/radar_info__type_support.cpp.o
[ 71%] Building CXX object CMakeFiles/radar_interfaces__rosidl_typesupport_fastrtps_cpp.dir/rosidl_typesupport_fastrtps_cpp/radar_interfaces/msg/detail/dds_fastrtps/map_robot_data__type_support.cpp.o
[ 72%] Building CXX object CMakeFiles/radar_interfaces__rosidl_typesupport_fastrtps_c.dir/rosidl_typesupport_fastrtps_c/radar_interfaces/msg/detail/interference_key__type_support_c.cpp.o
[ 73%] Building CXX object CMakeFiles/radar_interfaces__rosidl_typesupport_fastrtps_c.dir/rosidl_typesupport_fastrtps_c/radar_interfaces/msg/detail/radar_mark_progress__type_support_c.cpp.o
[ 74%] Building CXX object CMakeFiles/radar_interfaces__rosidl_typesupport_fastrtps_c.dir/rosidl_typesupport_fastrtps_c/radar_interfaces/msg/detail/radar_info__type_support_c.cpp.o
[ 75%] Building CXX object CMakeFiles/radar_interfaces__rosidl_typesupport_fastrtps_c.dir/rosidl_typesupport_fastrtps_c/radar_interfaces/msg/detail/map_robot_data__type_support_c.cpp.o
[ 76%] Building CXX object CMakeFiles/radar_interfaces__rosidl_typesupport_fastrtps_cpp.dir/rosidl_typesupport_fastrtps_cpp/radar_interfaces/msg/detail/dds_fastrtps/radar_decision_command__type_support.cpp.o
[ 77%] Building CXX object CMakeFiles/radar_interfaces__rosidl_typesupport_introspection_cpp.dir/rosidl_typesupport_introspection_cpp/radar_interfaces/msg/detail/map_robot_data__type_support.cpp.o
[ 78%] Building CXX object CMakeFiles/radar_interfaces__rosidl_typesupport_fastrtps_c.dir/rosidl_typesupport_fastrtps_c/radar_interfaces/msg/detail/radar_decision_command__type_support_c.cpp.o
[ 79%] Building CXX object CMakeFiles/radar_interfaces__rosidl_typesupport_introspection_cpp.dir/rosidl_typesupport_introspection_cpp/radar_interfaces/msg/detail/radar_decision_command__type_support.cpp.o
[ 80%] Linking CXX shared library libradar_interfaces__rosidl_typesupport_fastrtps_cpp.so
[ 81%] Linking CXX shared library libradar_interfaces__rosidl_typesupport_fastrtps_c.so
[ 82%] Linking CXX shared library libradar_interfaces__rosidl_typesupport_introspection_cpp.so
[ 82%] Built target radar_interfaces__rosidl_typesupport_fastrtps_cpp
[ 82%] Built target radar_interfaces__rosidl_typesupport_fastrtps_c
[ 82%] Built target radar_interfaces__rosidl_typesupport_introspection_cpp
[ 82%] Built target radar_interfaces
[ 83%] Generating Python code for ROS interfaces
[ 83%] Built target radar_interfaces__py
[ 86%] Building C object CMakeFiles/radar_interfaces__rosidl_generator_py.dir/rosidl_generator_py/radar_interfaces/msg/_buffs_s.c.o
[ 86%] Building C object CMakeFiles/radar_interfaces__rosidl_generator_py.dir/rosidl_generator_py/radar_interfaces/msg/_enemy_position_s.c.o
[ 87%] Building C object CMakeFiles/radar_interfaces__rosidl_generator_py.dir/rosidl_generator_py/radar_interfaces/msg/_enemy_hp_s.c.o
[ 87%] Building C object CMakeFiles/radar_interfaces__rosidl_generator_py.dir/rosidl_generator_py/radar_interfaces/msg/_interference_key_s.c.o
[ 88%] Building C object CMakeFiles/radar_interfaces__rosidl_generator_py.dir/rosidl_generator_py/radar_interfaces/msg/_enemy_ammo_s.c.o
[ 90%] Building C object CMakeFiles/radar_interfaces__rosidl_generator_py.dir/rosidl_generator_py/radar_interfaces/msg/_macro_status_s.c.o
[ 90%] Building C object CMakeFiles/radar_interfaces__rosidl_generator_py.dir/rosidl_generator_py/radar_interfaces/msg/_radar_mark_progress_s.c.o
[ 92%] Building C object CMakeFiles/radar_interfaces__rosidl_generator_py.dir/rosidl_generator_py/radar_interfaces/msg/_radar_info_s.c.o
[ 92%] Building C object CMakeFiles/radar_interfaces__rosidl_generator_py.dir/rosidl_generator_py/radar_interfaces/msg/_map_robot_data_s.c.o
[ 93%] Building C object CMakeFiles/radar_interfaces__rosidl_generator_py.dir/rosidl_generator_py/radar_interfaces/msg/_radar_decision_command_s.c.o
[ 94%] Linking C shared library rosidl_generator_py/radar_interfaces/libradar_interfaces__rosidl_generator_py.so
[ 94%] Built target radar_interfaces__rosidl_generator_py
[ 97%] Building C object CMakeFiles/radar_interfaces__rosidl_typesupport_fastrtps_c__pyext.dir/rosidl_generator_py/radar_interfaces/_radar_interfaces_s.ep.rosidl_typesupport_fastrtps_c.c.o
[ 97%] Building C object CMakeFiles/radar_interfaces__rosidl_typesupport_c__pyext.dir/rosidl_generator_py/radar_interfaces/_radar_interfaces_s.ep.rosidl_typesupport_c.c.o
[ 97%] Building C object CMakeFiles/radar_interfaces__rosidl_typesupport_introspection_c__pyext.dir/rosidl_generator_py/radar_interfaces/_radar_interfaces_s.ep.rosidl_typesupport_introspection_c.c.o
[ 98%] Linking C shared library rosidl_generator_py/radar_interfaces/radar_interfaces_s__rosidl_typesupport_introspection_c.cpython-310-x86_64-linux-gnu.so
[ 99%] Linking C shared library rosidl_generator_py/radar_interfaces/radar_interfaces_s__rosidl_typesupport_c.cpython-310-x86_64-linux-gnu.so
[100%] Linking C shared library rosidl_generator_py/radar_interfaces/radar_interfaces_s__rosidl_typesupport_fastrtps_c.cpython-310-x86_64-linux-gnu.so
[100%] Built target radar_interfaces__rosidl_typesupport_c__pyext
[100%] Built target radar_interfaces__rosidl_typesupport_introspection_c__pyext
[100%] Built target radar_interfaces__rosidl_typesupport_fastrtps_c__pyext
-- Install configuration: ""
-- Installing: /home/moci/radar_serial/install/radar_interfaces/share/ament_index/resource_index/rosidl_interfaces/radar_interfaces
-- Up-to-date: /home/moci/radar_serial/install/radar_interfaces/include/radar_interfaces/radar_interfaces
-- Up-to-date: /home/moci/radar_serial/install/radar_interfaces/include/radar_interfaces/radar_interfaces/msg
-- Installing: /home/moci/radar_serial/install/radar_interfaces/include/radar_interfaces/radar_interfaces/msg/enemy_hp.h
-- Installing: /home/moci/radar_serial/install/radar_interfaces/include/radar_interfaces/radar_interfaces/msg/radar_decision_command.h
-- Up-to-date: /home/moci/radar_serial/install/radar_interfaces/include/radar_interfaces/radar_interfaces/msg/detail
-- Installing: /home/moci/radar_serial/install/radar_interfaces/include/radar_interfaces/radar_interfaces/msg/detail/macro_status__type_support.h
-- Installing: /home/moci/radar_serial/install/radar_interfaces/include/radar_interfaces/radar_interfaces/msg/detail/enemy_hp__struct.h
-- Installing: /home/moci/radar_serial/install/radar_interfaces/include/radar_interfaces/radar_interfaces/msg/detail/radar_info__struct.h
-- Installing: /home/moci/radar_serial/install/radar_interfaces/include/radar_interfaces/radar_interfaces/msg/detail/macro_status__functions.c
-- Installing: /home/moci/radar_serial/install/radar_interfaces/include/radar_interfaces/radar_interfaces/msg/detail/buffs__struct.h
-- Installing: /home/moci/radar_serial/install/radar_interfaces/include/radar_interfaces/radar_interfaces/msg/detail/enemy_hp__type_support.h
-- Installing: /home/moci/radar_serial/install/radar_interfaces/include/radar_interfaces/radar_interfaces/msg/detail/enemy_ammo__functions.h
-- Installing: /home/moci/radar_serial/install/radar_interfaces/include/radar_interfaces/radar_interfaces/msg/detail/macro_status__struct.h
-- Installing: /home/moci/radar_serial/install/radar_interfaces/include/radar_interfaces/radar_interfaces/msg/detail/enemy_position__type_support.h
-- Installing: /home/moci/radar_serial/install/radar_interfaces/include/radar_interfaces/radar_interfaces/msg/detail/buffs__functions.h
-- Installing: /home/moci/radar_serial/install/radar_interfaces/include/radar_interfaces/radar_interfaces/msg/detail/interference_key__type_support.h
-- Installing: /home/moci/radar_serial/install/radar_interfaces/include/radar_interfaces/radar_interfaces/msg/detail/radar_info__functions.h
-- Installing: /home/moci/radar_serial/install/radar_interfaces/include/radar_interfaces/radar_interfaces/msg/detail/enemy_position__functions.c
-- Installing: /home/moci/radar_serial/install/radar_interfaces/include/radar_interfaces/radar_interfaces/msg/detail/enemy_ammo__struct.h
-- Installing: /home/moci/radar_serial/install/radar_interfaces/include/radar_interfaces/radar_interfaces/msg/detail/radar_info__functions.c
-- Installing: /home/moci/radar_serial/install/radar_interfaces/include/radar_interfaces/radar_interfaces/msg/detail/interference_key__functions.h
-- Installing: /home/moci/radar_serial/install/radar_interfaces/include/radar_interfaces/radar_interfaces/msg/detail/map_robot_data__functions.h
-- Installing: /home/moci/radar_serial/install/radar_interfaces/include/radar_interfaces/radar_interfaces/msg/detail/enemy_ammo__type_support.h
-- Installing: /home/moci/radar_serial/install/radar_interfaces/include/radar_interfaces/radar_interfaces/msg/detail/buffs__functions.c
-- Installing: /home/moci/radar_serial/install/radar_interfaces/include/radar_interfaces/radar_interfaces/msg/detail/radar_decision_command__functions.c
-- Installing: /home/moci/radar_serial/install/radar_interfaces/include/radar_interfaces/radar_interfaces/msg/detail/enemy_hp__functions.c
-- Installing: /home/moci/radar_serial/install/radar_interfaces/include/radar_interfaces/radar_interfaces/msg/detail/enemy_ammo__functions.c
-- Installing: /home/moci/radar_serial/install/radar_interfaces/include/radar_interfaces/radar_interfaces/msg/detail/radar_mark_progress__functions.h
-- Installing: /home/moci/radar_serial/install/radar_interfaces/include/radar_interfaces/radar_interfaces/msg/detail/radar_mark_progress__functions.c
-- Installing: /home/moci/radar_serial/install/radar_interfaces/include/radar_interfaces/radar_interfaces/msg/detail/map_robot_data__type_support.h
-- Installing: /home/moci/radar_serial/install/radar_interfaces/include/radar_interfaces/radar_interfaces/msg/detail/radar_decision_command__type_support.h
-- Installing: /home/moci/radar_serial/install/radar_interfaces/include/radar_interfaces/radar_interfaces/msg/detail/map_robot_data__struct.h
-- Installing: /home/moci/radar_serial/install/radar_interfaces/include/radar_interfaces/radar_interfaces/msg/detail/map_robot_data__functions.c
-- Installing: /home/moci/radar_serial/install/radar_interfaces/include/radar_interfaces/radar_interfaces/msg/detail/enemy_position__struct.h
-- Installing: /home/moci/radar_serial/install/radar_interfaces/include/radar_interfaces/radar_interfaces/msg/detail/interference_key__struct.h
-- Installing: /home/moci/radar_serial/install/radar_interfaces/include/radar_interfaces/radar_interfaces/msg/detail/radar_decision_command__functions.h
-- Installing: /home/moci/radar_serial/install/radar_interfaces/include/radar_interfaces/radar_interfaces/msg/detail/enemy_position__functions.h
-- Installing: /home/moci/radar_serial/install/radar_interfaces/include/radar_interfaces/radar_interfaces/msg/detail/radar_decision_command__struct.h
-- Installing: /home/moci/radar_serial/install/radar_interfaces/include/radar_interfaces/radar_interfaces/msg/detail/buffs__type_support.h
-- Installing: /home/moci/radar_serial/install/radar_interfaces/include/radar_interfaces/radar_interfaces/msg/detail/interference_key__functions.c
-- Installing: /home/moci/radar_serial/install/radar_interfaces/include/radar_interfaces/radar_interfaces/msg/detail/enemy_hp__functions.h
-- Installing: /home/moci/radar_serial/install/radar_interfaces/include/radar_interfaces/radar_interfaces/msg/detail/macro_status__functions.h
-- Installing: /home/moci/radar_serial/install/radar_interfaces/include/radar_interfaces/radar_interfaces/msg/detail/radar_mark_progress__type_support.h
-- Installing: /home/moci/radar_serial/install/radar_interfaces/include/radar_interfaces/radar_interfaces/msg/detail/radar_info__type_support.h
-- Installing: /home/moci/radar_serial/install/radar_interfaces/include/radar_interfaces/radar_interfaces/msg/detail/radar_mark_progress__struct.h
-- Installing: /home/moci/radar_serial/install/radar_interfaces/include/radar_interfaces/radar_interfaces/msg/enemy_position.h
-- Installing: /home/moci/radar_serial/install/radar_interfaces/include/radar_interfaces/radar_interfaces/msg/radar_info.h
-- Up-to-date: /home/moci/radar_serial/install/radar_interfaces/include/radar_interfaces/radar_interfaces/msg/rosidl_generator_c__visibility_control.h
-- Installing: /home/moci/radar_serial/install/radar_interfaces/include/radar_interfaces/radar_interfaces/msg/buffs.h
-- Installing: /home/moci/radar_serial/install/radar_interfaces/include/radar_interfaces/radar_interfaces/msg/map_robot_data.h
-- Installing: /home/moci/radar_serial/install/radar_interfaces/include/radar_interfaces/radar_interfaces/msg/macro_status.h
-- Installing: /home/moci/radar_serial/install/radar_interfaces/include/radar_interfaces/radar_interfaces/msg/interference_key.h
-- Installing: /home/moci/radar_serial/install/radar_interfaces/include/radar_interfaces/radar_interfaces/msg/enemy_ammo.h
-- Installing: /home/moci/radar_serial/install/radar_interfaces/include/radar_interfaces/radar_interfaces/msg/radar_mark_progress.h
-- Up-to-date: /home/moci/radar_serial/install/radar_interfaces/share/radar_interfaces/environment/library_path.sh
-- Installing: /home/moci/radar_serial/install/radar_interfaces/share/radar_interfaces/environment/library_path.dsv
-- Installing: /home/moci/radar_serial/install/radar_interfaces/lib/libradar_interfaces__rosidl_generator_c.so
-- Set runtime path of "/home/moci/radar_serial/install/radar_interfaces/lib/libradar_interfaces__rosidl_generator_c.so" to ""
-- Up-to-date: /home/moci/radar_serial/install/radar_interfaces/include/radar_interfaces/radar_interfaces
-- Up-to-date: /home/moci/radar_serial/install/radar_interfaces/include/radar_interfaces/radar_interfaces/msg
-- Up-to-date: /home/moci/radar_serial/install/radar_interfaces/include/radar_interfaces/radar_interfaces/msg/detail
-- Installing: /home/moci/radar_serial/install/radar_interfaces/include/radar_interfaces/radar_interfaces/msg/detail/buffs__rosidl_typesupport_fastrtps_c.h
-- Installing: /home/moci/radar_serial/install/radar_interfaces/include/radar_interfaces/radar_interfaces/msg/detail/radar_decision_command__rosidl_typesupport_fastrtps_c.h
-- Installing: /home/moci/radar_serial/install/radar_interfaces/include/radar_interfaces/radar_interfaces/msg/detail/enemy_position__rosidl_typesupport_fastrtps_c.h
-- Installing: /home/moci/radar_serial/install/radar_interfaces/include/radar_interfaces/radar_interfaces/msg/detail/macro_status__rosidl_typesupport_fastrtps_c.h
-- Installing: /home/moci/radar_serial/install/radar_interfaces/include/radar_interfaces/radar_interfaces/msg/detail/radar_info__rosidl_typesupport_fastrtps_c.h
-- Installing: /home/moci/radar_serial/install/radar_interfaces/include/radar_interfaces/radar_interfaces/msg/detail/enemy_ammo__rosidl_typesupport_fastrtps_c.h
-- Installing: /home/moci/radar_serial/install/radar_interfaces/include/radar_interfaces/radar_interfaces/msg/detail/interference_key__rosidl_typesupport_fastrtps_c.h
-- Installing: /home/moci/radar_serial/install/radar_interfaces/include/radar_interfaces/radar_interfaces/msg/detail/enemy_hp__rosidl_typesupport_fastrtps_c.h
-- Installing: /home/moci/radar_serial/install/radar_interfaces/include/radar_interfaces/radar_interfaces/msg/detail/radar_mark_progress__rosidl_typesupport_fastrtps_c.h
-- Installing: /home/moci/radar_serial/install/radar_interfaces/include/radar_interfaces/radar_interfaces/msg/detail/map_robot_data__rosidl_typesupport_fastrtps_c.h
-- Up-to-date: /home/moci/radar_serial/install/radar_interfaces/include/radar_interfaces/radar_interfaces/msg/rosidl_typesupport_fastrtps_c__visibility_control.h
-- Installing: /home/moci/radar_serial/install/radar_interfaces/lib/libradar_interfaces__rosidl_typesupport_fastrtps_c.so
-- Set runtime path of "/home/moci/radar_serial/install/radar_interfaces/lib/libradar_interfaces__rosidl_typesupport_fastrtps_c.so" to ""
-- Up-to-date: /home/moci/radar_serial/install/radar_interfaces/include/radar_interfaces/radar_interfaces
-- Up-to-date: /home/moci/radar_serial/install/radar_interfaces/include/radar_interfaces/radar_interfaces/msg
-- Up-to-date: /home/moci/radar_serial/install/radar_interfaces/include/radar_interfaces/radar_interfaces/msg/detail
-- Installing: /home/moci/radar_serial/install/radar_interfaces/include/radar_interfaces/radar_interfaces/msg/detail/radar_decision_command__type_support.c
-- Installing: /home/moci/radar_serial/install/radar_interfaces/include/radar_interfaces/radar_interfaces/msg/detail/enemy_hp__type_support.c
-- Installing: /home/moci/radar_serial/install/radar_interfaces/include/radar_interfaces/radar_interfaces/msg/detail/buffs__rosidl_typesupport_introspection_c.h
-- Installing: /home/moci/radar_serial/install/radar_interfaces/include/radar_interfaces/radar_interfaces/msg/detail/enemy_ammo__type_support.c
-- Installing: /home/moci/radar_serial/install/radar_interfaces/include/radar_interfaces/radar_interfaces/msg/detail/interference_key__rosidl_typesupport_introspection_c.h
-- Installing: /home/moci/radar_serial/install/radar_interfaces/include/radar_interfaces/radar_interfaces/msg/detail/radar_info__rosidl_typesupport_introspection_c.h
-- Installing: /home/moci/radar_serial/install/radar_interfaces/include/radar_interfaces/radar_interfaces/msg/detail/map_robot_data__type_support.c
-- Installing: /home/moci/radar_serial/install/radar_interfaces/include/radar_interfaces/radar_interfaces/msg/detail/radar_decision_command__rosidl_typesupport_introspection_c.h
-- Installing: /home/moci/radar_serial/install/radar_interfaces/include/radar_interfaces/radar_interfaces/msg/detail/enemy_position__type_support.c
-- Installing: /home/moci/radar_serial/install/radar_interfaces/include/radar_interfaces/radar_interfaces/msg/detail/macro_status__rosidl_typesupport_introspection_c.h
-- Installing: /home/moci/radar_serial/install/radar_interfaces/include/radar_interfaces/radar_interfaces/msg/detail/radar_info__type_support.c
-- Installing: /home/moci/radar_serial/install/radar_interfaces/include/radar_interfaces/radar_interfaces/msg/detail/enemy_position__rosidl_typesupport_introspection_c.h
-- Installing: /home/moci/radar_serial/install/radar_interfaces/include/radar_interfaces/radar_interfaces/msg/detail/enemy_ammo__rosidl_typesupport_introspection_c.h
-- Installing: /home/moci/radar_serial/install/radar_interfaces/include/radar_interfaces/radar_interfaces/msg/detail/buffs__type_support.c
-- Installing: /home/moci/radar_serial/install/radar_interfaces/include/radar_interfaces/radar_interfaces/msg/detail/map_robot_data__rosidl_typesupport_introspection_c.h
-- Installing: /home/moci/radar_serial/install/radar_interfaces/include/radar_interfaces/radar_interfaces/msg/detail/macro_status__type_support.c
-- Installing: /home/moci/radar_serial/install/radar_interfaces/include/radar_interfaces/radar_interfaces/msg/detail/radar_mark_progress__type_support.c
-- Installing: /home/moci/radar_serial/install/radar_interfaces/include/radar_interfaces/radar_interfaces/msg/detail/radar_mark_progress__rosidl_typesupport_introspection_c.h
-- Installing: /home/moci/radar_serial/install/radar_interfaces/include/radar_interfaces/radar_interfaces/msg/detail/enemy_hp__rosidl_typesupport_introspection_c.h
-- Installing: /home/moci/radar_serial/install/radar_interfaces/include/radar_interfaces/radar_interfaces/msg/detail/interference_key__type_support.c
-- Up-to-date: /home/moci/radar_serial/install/radar_interfaces/include/radar_interfaces/radar_interfaces/msg/rosidl_typesupport_introspection_c__visibility_control.h
-- Installing: /home/moci/radar_serial/install/radar_interfaces/lib/libradar_interfaces__rosidl_typesupport_introspection_c.so
-- Set runtime path of "/home/moci/radar_serial/install/radar_interfaces/lib/libradar_interfaces__rosidl_typesupport_introspection_c.so" to ""
-- Installing: /home/moci/radar_serial/install/radar_interfaces/lib/libradar_interfaces__rosidl_typesupport_c.so
-- Set runtime path of "/home/moci/radar_serial/install/radar_interfaces/lib/libradar_interfaces__rosidl_typesupport_c.so" to ""
-- Up-to-date: /home/moci/radar_serial/install/radar_interfaces/include/radar_interfaces/radar_interfaces
-- Up-to-date: /home/moci/radar_serial/install/radar_interfaces/include/radar_interfaces/radar_interfaces/msg
-- Installing: /home/moci/radar_serial/install/radar_interfaces/include/radar_interfaces/radar_interfaces/msg/radar_mark_progress.hpp
-- Installing: /home/moci/radar_serial/install/radar_interfaces/include/radar_interfaces/radar_interfaces/msg/enemy_ammo.hpp
-- Installing: /home/moci/radar_serial/install/radar_interfaces/include/radar_interfaces/radar_interfaces/msg/macro_status.hpp
-- Installing: /home/moci/radar_serial/install/radar_interfaces/include/radar_interfaces/radar_interfaces/msg/interference_key.hpp
-- Installing: /home/moci/radar_serial/install/radar_interfaces/include/radar_interfaces/radar_interfaces/msg/map_robot_data.hpp
-- Up-to-date: /home/moci/radar_serial/install/radar_interfaces/include/radar_interfaces/radar_interfaces/msg/detail
-- Installing: /home/moci/radar_serial/install/radar_interfaces/include/radar_interfaces/radar_interfaces/msg/detail/map_robot_data__struct.hpp
-- Installing: /home/moci/radar_serial/install/radar_interfaces/include/radar_interfaces/radar_interfaces/msg/detail/interference_key__struct.hpp
-- Installing: /home/moci/radar_serial/install/radar_interfaces/include/radar_interfaces/radar_interfaces/msg/detail/radar_mark_progress__struct.hpp
-- Installing: /home/moci/radar_serial/install/radar_interfaces/include/radar_interfaces/radar_interfaces/msg/detail/interference_key__traits.hpp
-- Installing: /home/moci/radar_serial/install/radar_interfaces/include/radar_interfaces/radar_interfaces/msg/detail/map_robot_data__traits.hpp
-- Installing: /home/moci/radar_serial/install/radar_interfaces/include/radar_interfaces/radar_interfaces/msg/detail/buffs__struct.hpp
-- Installing: /home/moci/radar_serial/install/radar_interfaces/include/radar_interfaces/radar_interfaces/msg/detail/macro_status__type_support.hpp
-- Installing: /home/moci/radar_serial/install/radar_interfaces/include/radar_interfaces/radar_interfaces/msg/detail/radar_mark_progress__builder.hpp
-- Installing: /home/moci/radar_serial/install/radar_interfaces/include/radar_interfaces/radar_interfaces/msg/detail/buffs__type_support.hpp
-- Installing: /home/moci/radar_serial/install/radar_interfaces/include/radar_interfaces/radar_interfaces/msg/detail/enemy_position__traits.hpp
-- Installing: /home/moci/radar_serial/install/radar_interfaces/include/radar_interfaces/radar_interfaces/msg/detail/radar_info__type_support.hpp
-- Installing: /home/moci/radar_serial/install/radar_interfaces/include/radar_interfaces/radar_interfaces/msg/detail/radar_decision_command__type_support.hpp
-- Installing: /home/moci/radar_serial/install/radar_interfaces/include/radar_interfaces/radar_interfaces/msg/detail/enemy_position__builder.hpp
-- Installing: /home/moci/radar_serial/install/radar_interfaces/include/radar_interfaces/radar_interfaces/msg/detail/macro_status__traits.hpp
-- Installing: /home/moci/radar_serial/install/radar_interfaces/include/radar_interfaces/radar_interfaces/msg/detail/enemy_hp__traits.hpp
-- Installing: /home/moci/radar_serial/install/radar_interfaces/include/radar_interfaces/radar_interfaces/msg/detail/radar_decision_command__builder.hpp
-- Installing: /home/moci/radar_serial/install/radar_interfaces/include/radar_interfaces/radar_interfaces/msg/detail/radar_mark_progress__type_support.hpp
-- Installing: /home/moci/radar_serial/install/radar_interfaces/include/radar_interfaces/radar_interfaces/msg/detail/enemy_hp__struct.hpp
-- Installing: /home/moci/radar_serial/install/radar_interfaces/include/radar_interfaces/radar_interfaces/msg/detail/enemy_position__struct.hpp
-- Installing: /home/moci/radar_serial/install/radar_interfaces/include/radar_interfaces/radar_interfaces/msg/detail/enemy_ammo__builder.hpp
-- Installing: /home/moci/radar_serial/install/radar_interfaces/include/radar_interfaces/radar_interfaces/msg/detail/map_robot_data__type_support.hpp
-- Installing: /home/moci/radar_serial/install/radar_interfaces/include/radar_interfaces/radar_interfaces/msg/detail/radar_decision_command__traits.hpp
-- Installing: /home/moci/radar_serial/install/radar_interfaces/include/radar_interfaces/radar_interfaces/msg/detail/macro_status__builder.hpp
-- Installing: /home/moci/radar_serial/install/radar_interfaces/include/radar_interfaces/radar_interfaces/msg/detail/radar_decision_command__struct.hpp
-- Installing: /home/moci/radar_serial/install/radar_interfaces/include/radar_interfaces/radar_interfaces/msg/detail/interference_key__type_support.hpp
-- Installing: /home/moci/radar_serial/install/radar_interfaces/include/radar_interfaces/radar_interfaces/msg/detail/buffs__traits.hpp
-- Installing: /home/moci/radar_serial/install/radar_interfaces/include/radar_interfaces/radar_interfaces/msg/detail/radar_info__traits.hpp
-- Installing: /home/moci/radar_serial/install/radar_interfaces/include/radar_interfaces/radar_interfaces/msg/detail/enemy_hp__builder.hpp
-- Installing: /home/moci/radar_serial/install/radar_interfaces/include/radar_interfaces/radar_interfaces/msg/detail/interference_key__builder.hpp
-- Installing: /home/moci/radar_serial/install/radar_interfaces/include/radar_interfaces/radar_interfaces/msg/detail/buffs__builder.hpp
-- Installing: /home/moci/radar_serial/install/radar_interfaces/include/radar_interfaces/radar_interfaces/msg/detail/enemy_ammo__traits.hpp
-- Installing: /home/moci/radar_serial/install/radar_interfaces/include/radar_interfaces/radar_interfaces/msg/detail/enemy_hp__type_support.hpp
-- Installing: /home/moci/radar_serial/install/radar_interfaces/include/radar_interfaces/radar_interfaces/msg/detail/enemy_ammo__struct.hpp
-- Installing: /home/moci/radar_serial/install/radar_interfaces/include/radar_interfaces/radar_interfaces/msg/detail/map_robot_data__builder.hpp
-- Installing: /home/moci/radar_serial/install/radar_interfaces/include/radar_interfaces/radar_interfaces/msg/detail/radar_info__builder.hpp
-- Installing: /home/moci/radar_serial/install/radar_interfaces/include/radar_interfaces/radar_interfaces/msg/detail/macro_status__struct.hpp
-- Installing: /home/moci/radar_serial/install/radar_interfaces/include/radar_interfaces/radar_interfaces/msg/detail/enemy_ammo__type_support.hpp
-- Installing: /home/moci/radar_serial/install/radar_interfaces/include/radar_interfaces/radar_interfaces/msg/detail/radar_mark_progress__traits.hpp
-- Installing: /home/moci/radar_serial/install/radar_interfaces/include/radar_interfaces/radar_interfaces/msg/detail/radar_info__struct.hpp
-- Installing: /home/moci/radar_serial/install/radar_interfaces/include/radar_interfaces/radar_interfaces/msg/detail/enemy_position__type_support.hpp
-- Installing: /home/moci/radar_serial/install/radar_interfaces/include/radar_interfaces/radar_interfaces/msg/radar_decision_command.hpp
-- Installing: /home/moci/radar_serial/install/radar_interfaces/include/radar_interfaces/radar_interfaces/msg/radar_info.hpp
-- Installing: /home/moci/radar_serial/install/radar_interfaces/include/radar_interfaces/radar_interfaces/msg/enemy_position.hpp
-- Installing: /home/moci/radar_serial/install/radar_interfaces/include/radar_interfaces/radar_interfaces/msg/enemy_hp.hpp
-- Installing: /home/moci/radar_serial/install/radar_interfaces/include/radar_interfaces/radar_interfaces/msg/buffs.hpp
-- Up-to-date: /home/moci/radar_serial/install/radar_interfaces/include/radar_interfaces/radar_interfaces/msg/rosidl_generator_cpp__visibility_control.hpp
-- Up-to-date: /home/moci/radar_serial/install/radar_interfaces/include/radar_interfaces/radar_interfaces
-- Up-to-date: /home/moci/radar_serial/install/radar_interfaces/include/radar_interfaces/radar_interfaces/msg
-- Up-to-date: /home/moci/radar_serial/install/radar_interfaces/include/radar_interfaces/radar_interfaces/msg/rosidl_typesupport_fastrtps_cpp__visibility_control.h
-- Up-to-date: /home/moci/radar_serial/install/radar_interfaces/include/radar_interfaces/radar_interfaces/msg/detail
-- Up-to-date: /home/moci/radar_serial/install/radar_interfaces/include/radar_interfaces/radar_interfaces/msg/detail/dds_fastrtps
-- Installing: /home/moci/radar_serial/install/radar_interfaces/include/radar_interfaces/radar_interfaces/msg/detail/enemy_ammo__rosidl_typesupport_fastrtps_cpp.hpp
-- Installing: /home/moci/radar_serial/install/radar_interfaces/include/radar_interfaces/radar_interfaces/msg/detail/interference_key__rosidl_typesupport_fastrtps_cpp.hpp
-- Installing: /home/moci/radar_serial/install/radar_interfaces/include/radar_interfaces/radar_interfaces/msg/detail/radar_mark_progress__rosidl_typesupport_fastrtps_cpp.hpp
-- Installing: /home/moci/radar_serial/install/radar_interfaces/include/radar_interfaces/radar_interfaces/msg/detail/radar_decision_command__rosidl_typesupport_fastrtps_cpp.hpp
-- Installing: /home/moci/radar_serial/install/radar_interfaces/include/radar_interfaces/radar_interfaces/msg/detail/macro_status__rosidl_typesupport_fastrtps_cpp.hpp
-- Installing: /home/moci/radar_serial/install/radar_interfaces/include/radar_interfaces/radar_interfaces/msg/detail/enemy_position__rosidl_typesupport_fastrtps_cpp.hpp
-- Installing: /home/moci/radar_serial/install/radar_interfaces/include/radar_interfaces/radar_interfaces/msg/detail/radar_info__rosidl_typesupport_fastrtps_cpp.hpp
-- Installing: /home/moci/radar_serial/install/radar_interfaces/include/radar_interfaces/radar_interfaces/msg/detail/enemy_hp__rosidl_typesupport_fastrtps_cpp.hpp
-- Installing: /home/moci/radar_serial/install/radar_interfaces/include/radar_interfaces/radar_interfaces/msg/detail/buffs__rosidl_typesupport_fastrtps_cpp.hpp
-- Installing: /home/moci/radar_serial/install/radar_interfaces/include/radar_interfaces/radar_interfaces/msg/detail/map_robot_data__rosidl_typesupport_fastrtps_cpp.hpp
-- Installing: /home/moci/radar_serial/install/radar_interfaces/lib/libradar_interfaces__rosidl_typesupport_fastrtps_cpp.so
-- Set runtime path of "/home/moci/radar_serial/install/radar_interfaces/lib/libradar_interfaces__rosidl_typesupport_fastrtps_cpp.so" to ""
-- Up-to-date: /home/moci/radar_serial/install/radar_interfaces/include/radar_interfaces/radar_interfaces
-- Up-to-date: /home/moci/radar_serial/install/radar_interfaces/include/radar_interfaces/radar_interfaces/msg
-- Up-to-date: /home/moci/radar_serial/install/radar_interfaces/include/radar_interfaces/radar_interfaces/msg/detail
-- Installing: /home/moci/radar_serial/install/radar_interfaces/include/radar_interfaces/radar_interfaces/msg/detail/enemy_position__rosidl_typesupport_introspection_cpp.hpp
-- Installing: /home/moci/radar_serial/install/radar_interfaces/include/radar_interfaces/radar_interfaces/msg/detail/radar_info__type_support.cpp
-- Installing: /home/moci/radar_serial/install/radar_interfaces/include/radar_interfaces/radar_interfaces/msg/detail/radar_info__rosidl_typesupport_introspection_cpp.hpp
-- Installing: /home/moci/radar_serial/install/radar_interfaces/include/radar_interfaces/radar_interfaces/msg/detail/enemy_hp__type_support.cpp
-- Installing: /home/moci/radar_serial/install/radar_interfaces/include/radar_interfaces/radar_interfaces/msg/detail/interference_key__type_support.cpp
-- Installing: /home/moci/radar_serial/install/radar_interfaces/include/radar_interfaces/radar_interfaces/msg/detail/radar_mark_progress__rosidl_typesupport_introspection_cpp.hpp
-- Installing: /home/moci/radar_serial/install/radar_interfaces/include/radar_interfaces/radar_interfaces/msg/detail/interference_key__rosidl_typesupport_introspection_cpp.hpp
-- Installing: /home/moci/radar_serial/install/radar_interfaces/include/radar_interfaces/radar_interfaces/msg/detail/buffs__rosidl_typesupport_introspection_cpp.hpp
-- Installing: /home/moci/radar_serial/install/radar_interfaces/include/radar_interfaces/radar_interfaces/msg/detail/radar_mark_progress__type_support.cpp
-- Installing: /home/moci/radar_serial/install/radar_interfaces/include/radar_interfaces/radar_interfaces/msg/detail/map_robot_data__type_support.cpp
-- Installing: /home/moci/radar_serial/install/radar_interfaces/include/radar_interfaces/radar_interfaces/msg/detail/macro_status__type_support.cpp
-- Installing: /home/moci/radar_serial/install/radar_interfaces/include/radar_interfaces/radar_interfaces/msg/detail/macro_status__rosidl_typesupport_introspection_cpp.hpp
-- Installing: /home/moci/radar_serial/install/radar_interfaces/include/radar_interfaces/radar_interfaces/msg/detail/enemy_ammo__type_support.cpp
-- Installing: /home/moci/radar_serial/install/radar_interfaces/include/radar_interfaces/radar_interfaces/msg/detail/radar_decision_command__rosidl_typesupport_introspection_cpp.hpp
-- Installing: /home/moci/radar_serial/install/radar_interfaces/include/radar_interfaces/radar_interfaces/msg/detail/enemy_hp__rosidl_typesupport_introspection_cpp.hpp
-- Installing: /home/moci/radar_serial/install/radar_interfaces/include/radar_interfaces/radar_interfaces/msg/detail/enemy_ammo__rosidl_typesupport_introspection_cpp.hpp
-- Installing: /home/moci/radar_serial/install/radar_interfaces/include/radar_interfaces/radar_interfaces/msg/detail/enemy_position__type_support.cpp
-- Installing: /home/moci/radar_serial/install/radar_interfaces/include/radar_interfaces/radar_interfaces/msg/detail/buffs__type_support.cpp
-- Installing: /home/moci/radar_serial/install/radar_interfaces/include/radar_interfaces/radar_interfaces/msg/detail/radar_decision_command__type_support.cpp
-- Installing: /home/moci/radar_serial/install/radar_interfaces/include/radar_interfaces/radar_interfaces/msg/detail/map_robot_data__rosidl_typesupport_introspection_cpp.hpp
-- Installing: /home/moci/radar_serial/install/radar_interfaces/lib/libradar_interfaces__rosidl_typesupport_introspection_cpp.so
-- Set runtime path of "/home/moci/radar_serial/install/radar_interfaces/lib/libradar_interfaces__rosidl_typesupport_introspection_cpp.so" to ""
-- Installing: /home/moci/radar_serial/install/radar_interfaces/lib/libradar_interfaces__rosidl_typesupport_cpp.so
-- Set runtime path of "/home/moci/radar_serial/install/radar_interfaces/lib/libradar_interfaces__rosidl_typesupport_cpp.so" to ""
-- Up-to-date: /home/moci/radar_serial/install/radar_interfaces/share/radar_interfaces/environment/pythonpath.sh
-- Installing: /home/moci/radar_serial/install/radar_interfaces/share/radar_interfaces/environment/pythonpath.dsv
-- Up-to-date: /home/moci/radar_serial/install/radar_interfaces/local/lib/python3.10/dist-packages/radar_interfaces-0.1.0-py3.10.egg-info
-- Installing: /home/moci/radar_serial/install/radar_interfaces/local/lib/python3.10/dist-packages/radar_interfaces-0.1.0-py3.10.egg-info/SOURCES.txt
-- Installing: /home/moci/radar_serial/install/radar_interfaces/local/lib/python3.10/dist-packages/radar_interfaces-0.1.0-py3.10.egg-info/PKG-INFO
-- Installing: /home/moci/radar_serial/install/radar_interfaces/local/lib/python3.10/dist-packages/radar_interfaces-0.1.0-py3.10.egg-info/dependency_links.txt
-- Installing: /home/moci/radar_serial/install/radar_interfaces/local/lib/python3.10/dist-packages/radar_interfaces-0.1.0-py3.10.egg-info/top_level.txt
-- Up-to-date: /home/moci/radar_serial/install/radar_interfaces/local/lib/python3.10/dist-packages/radar_interfaces
-- Installing: /home/moci/radar_serial/install/radar_interfaces/local/lib/python3.10/dist-packages/radar_interfaces/_radar_interfaces_s.ep.rosidl_typesupport_fastrtps_c.c
-- Installing: /home/moci/radar_serial/install/radar_interfaces/local/lib/python3.10/dist-packages/radar_interfaces/_radar_interfaces_s.ep.rosidl_typesupport_c.c
-- Installing: /home/moci/radar_serial/install/radar_interfaces/local/lib/python3.10/dist-packages/radar_interfaces/radar_interfaces_s__rosidl_typesupport_introspection_c.cpython-310-x86_64-linux-gnu.so
-- Installing: /home/moci/radar_serial/install/radar_interfaces/local/lib/python3.10/dist-packages/radar_interfaces/libradar_interfaces__rosidl_generator_py.so
-- Installing: /home/moci/radar_serial/install/radar_interfaces/local/lib/python3.10/dist-packages/radar_interfaces/radar_interfaces_s__rosidl_typesupport_c.cpython-310-x86_64-linux-gnu.so
-- Installing: /home/moci/radar_serial/install/radar_interfaces/local/lib/python3.10/dist-packages/radar_interfaces/radar_interfaces_s__rosidl_typesupport_fastrtps_c.cpython-310-x86_64-linux-gnu.so
-- Installing: /home/moci/radar_serial/install/radar_interfaces/local/lib/python3.10/dist-packages/radar_interfaces/__init__.py
-- Up-to-date: /home/moci/radar_serial/install/radar_interfaces/local/lib/python3.10/dist-packages/radar_interfaces/msg
-- Installing: /home/moci/radar_serial/install/radar_interfaces/local/lib/python3.10/dist-packages/radar_interfaces/msg/_enemy_ammo.py
-- Installing: /home/moci/radar_serial/install/radar_interfaces/local/lib/python3.10/dist-packages/radar_interfaces/msg/_radar_decision_command.py
-- Installing: /home/moci/radar_serial/install/radar_interfaces/local/lib/python3.10/dist-packages/radar_interfaces/msg/_interference_key_s.c
-- Installing: /home/moci/radar_serial/install/radar_interfaces/local/lib/python3.10/dist-packages/radar_interfaces/msg/_interference_key.py
-- Installing: /home/moci/radar_serial/install/radar_interfaces/local/lib/python3.10/dist-packages/radar_interfaces/msg/_radar_mark_progress_s.c
-- Installing: /home/moci/radar_serial/install/radar_interfaces/local/lib/python3.10/dist-packages/radar_interfaces/msg/_radar_decision_command_s.c
-- Installing: /home/moci/radar_serial/install/radar_interfaces/local/lib/python3.10/dist-packages/radar_interfaces/msg/_buffs_s.c
-- Installing: /home/moci/radar_serial/install/radar_interfaces/local/lib/python3.10/dist-packages/radar_interfaces/msg/_enemy_position.py
-- Installing: /home/moci/radar_serial/install/radar_interfaces/local/lib/python3.10/dist-packages/radar_interfaces/msg/_enemy_hp.py
-- Installing: /home/moci/radar_serial/install/radar_interfaces/local/lib/python3.10/dist-packages/radar_interfaces/msg/_map_robot_data.py
-- Installing: /home/moci/radar_serial/install/radar_interfaces/local/lib/python3.10/dist-packages/radar_interfaces/msg/_radar_info_s.c
-- Installing: /home/moci/radar_serial/install/radar_interfaces/local/lib/python3.10/dist-packages/radar_interfaces/msg/_macro_status.py
-- Installing: /home/moci/radar_serial/install/radar_interfaces/local/lib/python3.10/dist-packages/radar_interfaces/msg/_buffs.py
-- Installing: /home/moci/radar_serial/install/radar_interfaces/local/lib/python3.10/dist-packages/radar_interfaces/msg/_radar_info.py
-- Installing: /home/moci/radar_serial/install/radar_interfaces/local/lib/python3.10/dist-packages/radar_interfaces/msg/_radar_mark_progress.py
-- Installing: /home/moci/radar_serial/install/radar_interfaces/local/lib/python3.10/dist-packages/radar_interfaces/msg/_enemy_ammo_s.c
-- Installing: /home/moci/radar_serial/install/radar_interfaces/local/lib/python3.10/dist-packages/radar_interfaces/msg/__init__.py
-- Installing: /home/moci/radar_serial/install/radar_interfaces/local/lib/python3.10/dist-packages/radar_interfaces/msg/_enemy_hp_s.c
-- Installing: /home/moci/radar_serial/install/radar_interfaces/local/lib/python3.10/dist-packages/radar_interfaces/msg/_map_robot_data_s.c
-- Installing: /home/moci/radar_serial/install/radar_interfaces/local/lib/python3.10/dist-packages/radar_interfaces/msg/_enemy_position_s.c
-- Installing: /home/moci/radar_serial/install/radar_interfaces/local/lib/python3.10/dist-packages/radar_interfaces/msg/_macro_status_s.c
-- Installing: /home/moci/radar_serial/install/radar_interfaces/local/lib/python3.10/dist-packages/radar_interfaces/_radar_interfaces_s.ep.rosidl_typesupport_introspection_c.c
Listing '/home/moci/radar_serial/install/radar_interfaces/local/lib/python3.10/dist-packages/radar_interfaces'...
Compiling '/home/moci/radar_serial/install/radar_interfaces/local/lib/python3.10/dist-packages/radar_interfaces/__init__.py'...
Listing '/home/moci/radar_serial/install/radar_interfaces/local/lib/python3.10/dist-packages/radar_interfaces/msg'...
Compiling '/home/moci/radar_serial/install/radar_interfaces/local/lib/python3.10/dist-packages/radar_interfaces/msg/__init__.py'...
Compiling '/home/moci/radar_serial/install/radar_interfaces/local/lib/python3.10/dist-packages/radar_interfaces/msg/_buffs.py'...
Compiling '/home/moci/radar_serial/install/radar_interfaces/local/lib/python3.10/dist-packages/radar_interfaces/msg/_enemy_ammo.py'...
Compiling '/home/moci/radar_serial/install/radar_interfaces/local/lib/python3.10/dist-packages/radar_interfaces/msg/_enemy_hp.py'...
Compiling '/home/moci/radar_serial/install/radar_interfaces/local/lib/python3.10/dist-packages/radar_interfaces/msg/_enemy_position.py'...
Compiling '/home/moci/radar_serial/install/radar_interfaces/local/lib/python3.10/dist-packages/radar_interfaces/msg/_interference_key.py'...
Compiling '/home/moci/radar_serial/install/radar_interfaces/local/lib/python3.10/dist-packages/radar_interfaces/msg/_macro_status.py'...
Compiling '/home/moci/radar_serial/install/radar_interfaces/local/lib/python3.10/dist-packages/radar_interfaces/msg/_map_robot_data.py'...
Compiling '/home/moci/radar_serial/install/radar_interfaces/local/lib/python3.10/dist-packages/radar_interfaces/msg/_radar_decision_command.py'...
Compiling '/home/moci/radar_serial/install/radar_interfaces/local/lib/python3.10/dist-packages/radar_interfaces/msg/_radar_info.py'...
Compiling '/home/moci/radar_serial/install/radar_interfaces/local/lib/python3.10/dist-packages/radar_interfaces/msg/_radar_mark_progress.py'...
-- Installing: /home/moci/radar_serial/install/radar_interfaces/local/lib/python3.10/dist-packages/radar_interfaces/radar_interfaces_s__rosidl_typesupport_fastrtps_c.cpython-310-x86_64-linux-gnu.so
-- Set runtime path of "/home/moci/radar_serial/install/radar_interfaces/local/lib/python3.10/dist-packages/radar_interfaces/radar_interfaces_s__rosidl_typesupport_fastrtps_c.cpython-310-x86_64-linux-gnu.so" to ""
-- Installing: /home/moci/radar_serial/install/radar_interfaces/local/lib/python3.10/dist-packages/radar_interfaces/radar_interfaces_s__rosidl_typesupport_introspection_c.cpython-310-x86_64-linux-gnu.so
-- Set runtime path of "/home/moci/radar_serial/install/radar_interfaces/local/lib/python3.10/dist-packages/radar_interfaces/radar_interfaces_s__rosidl_typesupport_introspection_c.cpython-310-x86_64-linux-gnu.so" to ""
-- Installing: /home/moci/radar_serial/install/radar_interfaces/local/lib/python3.10/dist-packages/radar_interfaces/radar_interfaces_s__rosidl_typesupport_c.cpython-310-x86_64-linux-gnu.so
-- Set runtime path of "/home/moci/radar_serial/install/radar_interfaces/local/lib/python3.10/dist-packages/radar_interfaces/radar_interfaces_s__rosidl_typesupport_c.cpython-310-x86_64-linux-gnu.so" to ""
-- Installing: /home/moci/radar_serial/install/radar_interfaces/lib/libradar_interfaces__rosidl_generator_py.so
-- Set runtime path of "/home/moci/radar_serial/install/radar_interfaces/lib/libradar_interfaces__rosidl_generator_py.so" to ""
-- Up-to-date: /home/moci/radar_serial/install/radar_interfaces/share/ament_index/resource_index/rust_packages/radar_interfaces
-- Up-to-date: /home/moci/radar_serial/install/radar_interfaces/share/radar_interfaces/rust
-- Installing: /home/moci/radar_serial/install/radar_interfaces/share/radar_interfaces/rust/Cargo.toml
-- Installing: /home/moci/radar_serial/install/radar_interfaces/share/radar_interfaces/rust/build.rs
-- Up-to-date: /home/moci/radar_serial/install/radar_interfaces/share/radar_interfaces/rust/src
-- Installing: /home/moci/radar_serial/install/radar_interfaces/share/radar_interfaces/rust/src/msg.rs
-- Installing: /home/moci/radar_serial/install/radar_interfaces/share/radar_interfaces/rust/src/lib.rs
-- Up-to-date: /home/moci/radar_serial/install/radar_interfaces/share/radar_interfaces/rust/src/msg
-- Installing: /home/moci/radar_serial/install/radar_interfaces/share/radar_interfaces/rust/src/msg/rmw.rs
-- Up-to-date: /home/moci/radar_serial/install/radar_interfaces/share/radar_interfaces/msg/EnemyPosition.idl
-- Up-to-date: /home/moci/radar_serial/install/radar_interfaces/share/radar_interfaces/msg/EnemyHP.idl
-- Up-to-date: /home/moci/radar_serial/install/radar_interfaces/share/radar_interfaces/msg/EnemyAmmo.idl
-- Up-to-date: /home/moci/radar_serial/install/radar_interfaces/share/radar_interfaces/msg/MacroStatus.idl
-- Up-to-date: /home/moci/radar_serial/install/radar_interfaces/share/radar_interfaces/msg/Buffs.idl
-- Up-to-date: /home/moci/radar_serial/install/radar_interfaces/share/radar_interfaces/msg/InterferenceKey.idl
-- Installing: /home/moci/radar_serial/install/radar_interfaces/share/radar_interfaces/msg/RadarMarkProgress.idl
-- Installing: /home/moci/radar_serial/install/radar_interfaces/share/radar_interfaces/msg/RadarInfo.idl
-- Installing: /home/moci/radar_serial/install/radar_interfaces/share/radar_interfaces/msg/MapRobotData.idl
-- Installing: /home/moci/radar_serial/install/radar_interfaces/share/radar_interfaces/msg/RadarDecisionCommand.idl
-- Up-to-date: /home/moci/radar_serial/install/radar_interfaces/share/radar_interfaces/msg/EnemyPosition.msg
-- Up-to-date: /home/moci/radar_serial/install/radar_interfaces/share/radar_interfaces/msg/EnemyHP.msg
-- Up-to-date: /home/moci/radar_serial/install/radar_interfaces/share/radar_interfaces/msg/EnemyAmmo.msg
-- Up-to-date: /home/moci/radar_serial/install/radar_interfaces/share/radar_interfaces/msg/MacroStatus.msg
-- Up-to-date: /home/moci/radar_serial/install/radar_interfaces/share/radar_interfaces/msg/Buffs.msg
-- Up-to-date: /home/moci/radar_serial/install/radar_interfaces/share/radar_interfaces/msg/InterferenceKey.msg
-- Installing: /home/moci/radar_serial/install/radar_interfaces/share/radar_interfaces/msg/RadarMarkProgress.msg
-- Installing: /home/moci/radar_serial/install/radar_interfaces/share/radar_interfaces/msg/RadarInfo.msg
-- Installing: /home/moci/radar_serial/install/radar_interfaces/share/radar_interfaces/msg/MapRobotData.msg
-- Installing: /home/moci/radar_serial/install/radar_interfaces/share/radar_interfaces/msg/RadarDecisionCommand.msg
-- Up-to-date: /home/moci/radar_serial/install/radar_interfaces/share/ament_index/resource_index/package_run_dependencies/radar_interfaces
-- Up-to-date: /home/moci/radar_serial/install/radar_interfaces/share/ament_index/resource_index/parent_prefix_path/radar_interfaces
-- Up-to-date: /home/moci/radar_serial/install/radar_interfaces/share/radar_interfaces/environment/ament_prefix_path.sh
-- Installing: /home/moci/radar_serial/install/radar_interfaces/share/radar_interfaces/environment/ament_prefix_path.dsv
-- Up-to-date: /home/moci/radar_serial/install/radar_interfaces/share/radar_interfaces/environment/path.sh
-- Installing: /home/moci/radar_serial/install/radar_interfaces/share/radar_interfaces/environment/path.dsv
-- Up-to-date: /home/moci/radar_serial/install/radar_interfaces/share/radar_interfaces/local_setup.bash
-- Up-to-date: /home/moci/radar_serial/install/radar_interfaces/share/radar_interfaces/local_setup.sh
-- Up-to-date: /home/moci/radar_serial/install/radar_interfaces/share/radar_interfaces/local_setup.zsh
-- Installing: /home/moci/radar_serial/install/radar_interfaces/share/radar_interfaces/local_setup.dsv
-- Installing: /home/moci/radar_serial/install/radar_interfaces/share/radar_interfaces/package.dsv
-- Up-to-date: /home/moci/radar_serial/install/radar_interfaces/share/ament_index/resource_index/packages/radar_interfaces
-- Up-to-date: /home/moci/radar_serial/install/radar_interfaces/share/radar_interfaces/cmake/export_radar_interfaces__rosidl_generator_cExport.cmake
-- Up-to-date: /home/moci/radar_serial/install/radar_interfaces/share/radar_interfaces/cmake/export_radar_interfaces__rosidl_generator_cExport-noconfig.cmake
-- Up-to-date: /home/moci/radar_serial/install/radar_interfaces/share/radar_interfaces/cmake/export_radar_interfaces__rosidl_typesupport_fastrtps_cExport.cmake
-- Up-to-date: /home/moci/radar_serial/install/radar_interfaces/share/radar_interfaces/cmake/export_radar_interfaces__rosidl_typesupport_fastrtps_cExport-noconfig.cmake
-- Up-to-date: /home/moci/radar_serial/install/radar_interfaces/share/radar_interfaces/cmake/radar_interfaces__rosidl_typesupport_introspection_cExport.cmake
-- Up-to-date: /home/moci/radar_serial/install/radar_interfaces/share/radar_interfaces/cmake/radar_interfaces__rosidl_typesupport_introspection_cExport-noconfig.cmake
-- Up-to-date: /home/moci/radar_serial/install/radar_interfaces/share/radar_interfaces/cmake/radar_interfaces__rosidl_typesupport_cExport.cmake
-- Up-to-date: /home/moci/radar_serial/install/radar_interfaces/share/radar_interfaces/cmake/radar_interfaces__rosidl_typesupport_cExport-noconfig.cmake
-- Up-to-date: /home/moci/radar_serial/install/radar_interfaces/share/radar_interfaces/cmake/export_radar_interfaces__rosidl_generator_cppExport.cmake
-- Up-to-date: /home/moci/radar_serial/install/radar_interfaces/share/radar_interfaces/cmake/export_radar_interfaces__rosidl_typesupport_fastrtps_cppExport.cmake
-- Up-to-date: /home/moci/radar_serial/install/radar_interfaces/share/radar_interfaces/cmake/export_radar_interfaces__rosidl_typesupport_fastrtps_cppExport-noconfig.cmake
-- Up-to-date: /home/moci/radar_serial/install/radar_interfaces/share/radar_interfaces/cmake/radar_interfaces__rosidl_typesupport_introspection_cppExport.cmake
-- Up-to-date: /home/moci/radar_serial/install/radar_interfaces/share/radar_interfaces/cmake/radar_interfaces__rosidl_typesupport_introspection_cppExport-noconfig.cmake
-- Up-to-date: /home/moci/radar_serial/install/radar_interfaces/share/radar_interfaces/cmake/radar_interfaces__rosidl_typesupport_cppExport.cmake
-- Up-to-date: /home/moci/radar_serial/install/radar_interfaces/share/radar_interfaces/cmake/radar_interfaces__rosidl_typesupport_cppExport-noconfig.cmake
-- Up-to-date: /home/moci/radar_serial/install/radar_interfaces/share/radar_interfaces/cmake/export_radar_interfaces__rosidl_generator_pyExport.cmake
-- Up-to-date: /home/moci/radar_serial/install/radar_interfaces/share/radar_interfaces/cmake/export_radar_interfaces__rosidl_generator_pyExport-noconfig.cmake
-- Installing: /home/moci/radar_serial/install/radar_interfaces/share/radar_interfaces/cmake/rosidl_cmake-extras.cmake
-- Up-to-date: /home/moci/radar_serial/install/radar_interfaces/share/radar_interfaces/cmake/ament_cmake_export_include_directories-extras.cmake
-- Up-to-date: /home/moci/radar_serial/install/radar_interfaces/share/radar_interfaces/cmake/ament_cmake_export_libraries-extras.cmake
-- Up-to-date: /home/moci/radar_serial/install/radar_interfaces/share/radar_interfaces/cmake/ament_cmake_export_targets-extras.cmake
-- Up-to-date: /home/moci/radar_serial/install/radar_interfaces/share/radar_interfaces/cmake/rosidl_cmake_export_typesupport_targets-extras.cmake
-- Up-to-date: /home/moci/radar_serial/install/radar_interfaces/share/radar_interfaces/cmake/ament_cmake_export_dependencies-extras.cmake
-- Up-to-date: /home/moci/radar_serial/install/radar_interfaces/share/radar_interfaces/cmake/rosidl_cmake_export_typesupport_libraries-extras.cmake
-- Up-to-date: /home/moci/radar_serial/install/radar_interfaces/share/radar_interfaces/cmake/radar_interfacesConfig.cmake
-- Up-to-date: /home/moci/radar_serial/install/radar_interfaces/share/radar_interfaces/cmake/radar_interfacesConfig-version.cmake
-- Up-to-date: /home/moci/radar_serial/install/radar_interfaces/share/radar_interfaces/package.xml
