[0.011s] Invoking command in '/home/moci/radar_serial/build/radar_interfaces': CMAKE_PREFIX_PATH=/opt/ros/humble /usr/local/bin/cmake --build /home/moci/radar_serial/build/radar_interfaces -- -j16 -l16
[0.035s] -- Found ament_cmake: 1.3.14 (/opt/ros/humble/share/ament_cmake/cmake)
[0.186s] -- Found rosidl_default_generators: 1.2.1 (/opt/ros/humble/share/rosidl_default_generators/cmake)
[0.188s] -- Using all available rosidl_typesupport_c: rosidl_typesupport_fastrtps_c;rosidl_typesupport_introspection_c
[0.191s] -- Found rosidl_adapter: 3.1.8 (/opt/ros/humble/share/rosidl_adapter/cmake)
[0.223s] -- Using all available rosidl_typesupport_cpp: rosidl_typesupport_fastrtps_cpp;rosidl_typesupport_introspection_cpp
[0.547s] -- Found ament_cmake_ros: 0.10.0 (/opt/ros/humble/share/ament_cmake_ros/cmake)
[0.824s] -- Using all available rosidl_typesupport_c: rosidl_typesupport_fastrtps_c;rosidl_typesupport_introspection_c
[1.194s] -- Using all available rosidl_typesupport_cpp: rosidl_typesupport_fastrtps_cpp;rosidl_typesupport_introspection_cpp
[1.196s] CMake Warning (dev) at /opt/ros/humble/share/rosidl_generator_py/cmake/rosidl_generator_py_generate_interfaces.cmake:20 (find_package):
[1.196s]   Policy CMP0148 is not set: The FindPythonInterp and FindPythonLibs modules
[1.196s]   are removed.  Run "cmake --help-policy CMP0148" for policy details.  Use
[1.196s]   the cmake_policy command to set the policy and suppress this warning.
[1.196s] 
[1.196s] Call Stack (most recent call first):
[1.196s]   /opt/ros/humble/share/ament_cmake_core/cmake/core/ament_execute_extensions.cmake:48 (include)
[1.196s]   /opt/ros/humble/share/rosidl_cmake/cmake/rosidl_generate_interfaces.cmake:286 (ament_execute_extensions)
[1.196s]   CMakeLists.txt:26 (rosidl_generate_interfaces)
[1.196s] This warning is for project developers.  Use -Wno-dev to suppress it.
[1.196s] 
[1.210s] -- Found python_cmake_module: 0.10.0 (/opt/ros/humble/share/python_cmake_module/cmake)
[1.210s] CMake Warning (dev) at /opt/ros/humble/share/python_cmake_module/cmake/Modules/FindPythonExtra.cmake:52 (find_package):
[1.210s]   Policy CMP0148 is not set: The FindPythonInterp and FindPythonLibs modules
[1.210s]   are removed.  Run "cmake --help-policy CMP0148" for policy details.  Use
[1.211s]   the cmake_policy command to set the policy and suppress this warning.
[1.211s] 
[1.211s] Call Stack (most recent call first):
[1.211s]   /opt/ros/humble/share/rosidl_generator_py/cmake/rosidl_generator_py_generate_interfaces.cmake:23 (find_package)
[1.211s]   /opt/ros/humble/share/ament_cmake_core/cmake/core/ament_execute_extensions.cmake:48 (include)
[1.211s]   /opt/ros/humble/share/rosidl_cmake/cmake/rosidl_generate_interfaces.cmake:286 (ament_execute_extensions)
[1.211s]   CMakeLists.txt:26 (rosidl_generate_interfaces)
[1.211s] This warning is for project developers.  Use -Wno-dev to suppress it.
[1.211s] 
[1.225s] CMake Warning (dev) at /opt/ros/humble/share/python_cmake_module/cmake/Modules/FindPythonExtra.cmake:140 (find_package):
[1.225s]   Policy CMP0148 is not set: The FindPythonInterp and FindPythonLibs modules
[1.225s]   are removed.  Run "cmake --help-policy CMP0148" for policy details.  Use
[1.225s]   the cmake_policy command to set the policy and suppress this warning.
[1.225s] 
[1.225s] Call Stack (most recent call first):
[1.225s]   /opt/ros/humble/share/rosidl_generator_py/cmake/rosidl_generator_py_generate_interfaces.cmake:23 (find_package)
[1.225s]   /opt/ros/humble/share/ament_cmake_core/cmake/core/ament_execute_extensions.cmake:48 (include)
[1.225s]   /opt/ros/humble/share/rosidl_cmake/cmake/rosidl_generate_interfaces.cmake:286 (ament_execute_extensions)
[1.225s]   CMakeLists.txt:26 (rosidl_generate_interfaces)
[1.226s] This warning is for project developers.  Use -Wno-dev to suppress it.
[1.226s] 
[1.227s] -- Using PYTHON_EXECUTABLE: /usr/bin/python3
[1.227s] -- Using PYTHON_INCLUDE_DIRS: /usr/include/python3.10
[1.227s] -- Using PYTHON_LIBRARIES: /usr/lib/x86_64-linux-gnu/libpython3.10.so
[1.334s] -- Configuring done (1.3s)
[1.370s] -- Generating done (0.0s)
[1.378s] -- Build files have been written to: /home/moci/radar_serial/build/radar_interfaces
[1.390s] [  1%] Generating C code for ROS interfaces
[1.394s] [  2%] Generating Rust code for ROS interfaces
[1.395s] [  2%] Generating C++ code for ROS interfaces
[1.397s] [  2%] Built target ament_cmake_python_copy_radar_interfaces
[1.551s] running egg_info
[1.551s] writing radar_interfaces.egg-info/PKG-INFO
[1.551s] writing dependency_links to radar_interfaces.egg-info/dependency_links.txt
[1.551s] writing top-level names to radar_interfaces.egg-info/top_level.txt
[1.553s] reading manifest file 'radar_interfaces.egg-info/SOURCES.txt'
[1.554s] writing manifest file 'radar_interfaces.egg-info/SOURCES.txt'
[1.573s] [  2%] Built target ament_cmake_python_build_radar_interfaces_egg
[1.750s] [  2%] Built target radar_interfaces__rs
[1.925s] [  2%] Built target radar_interfaces__cpp
[1.929s] [  3%] Generating C++ introspection for ROS interfaces
[1.929s] [  4%] Generating C++ type support for eProsima Fast-RTPS
[1.929s] [  5%] Generating C++ type support dispatch for ROS interfaces
[1.933s] [  7%] Building C object CMakeFiles/radar_interfaces__rosidl_generator_c.dir/rosidl_generator_c/radar_interfaces/msg/detail/enemy_position__functions.c.o
[1.933s] [  7%] Building C object CMakeFiles/radar_interfaces__rosidl_generator_c.dir/rosidl_generator_c/radar_interfaces/msg/detail/enemy_hp__functions.c.o
[1.933s] [  8%] Building C object CMakeFiles/radar_interfaces__rosidl_generator_c.dir/rosidl_generator_c/radar_interfaces/msg/detail/enemy_ammo__functions.c.o
[1.934s] [ 10%] Building C object CMakeFiles/radar_interfaces__rosidl_generator_c.dir/rosidl_generator_c/radar_interfaces/msg/detail/macro_status__functions.c.o
[1.934s] [ 10%] Building C object CMakeFiles/radar_interfaces__rosidl_generator_c.dir/rosidl_generator_c/radar_interfaces/msg/detail/buffs__functions.c.o
[1.934s] [ 11%] Building C object CMakeFiles/radar_interfaces__rosidl_generator_c.dir/rosidl_generator_c/radar_interfaces/msg/detail/interference_key__functions.c.o
[1.935s] [ 12%] Building C object CMakeFiles/radar_interfaces__rosidl_generator_c.dir/rosidl_generator_c/radar_interfaces/msg/detail/radar_mark_progress__functions.c.o
[1.935s] [ 13%] Building C object CMakeFiles/radar_interfaces__rosidl_generator_c.dir/rosidl_generator_c/radar_interfaces/msg/detail/radar_info__functions.c.o
[1.935s] [ 14%] Building C object CMakeFiles/radar_interfaces__rosidl_generator_c.dir/rosidl_generator_c/radar_interfaces/msg/detail/map_robot_data__functions.c.o
[1.935s] [ 15%] Building C object CMakeFiles/radar_interfaces__rosidl_generator_c.dir/rosidl_generator_c/radar_interfaces/msg/detail/radar_decision_command__functions.c.o
[1.991s] [ 16%] Linking C shared library libradar_interfaces__rosidl_generator_c.so
[2.015s] [ 16%] Built target radar_interfaces__rosidl_generator_c
[2.019s] [ 18%] Generating C type support for eProsima Fast-RTPS
[2.019s] [ 18%] Generating C type support dispatch for ROS interfaces
[2.019s] [ 19%] Generating C introspection for ROS interfaces
[2.338s] [ 21%] Building CXX object CMakeFiles/radar_interfaces__rosidl_typesupport_cpp.dir/rosidl_typesupport_cpp/radar_interfaces/msg/enemy_ammo__type_support.cpp.o
[2.339s] [ 21%] Building CXX object CMakeFiles/radar_interfaces__rosidl_typesupport_cpp.dir/rosidl_typesupport_cpp/radar_interfaces/msg/enemy_position__type_support.cpp.o
[2.339s] [ 22%] Building CXX object CMakeFiles/radar_interfaces__rosidl_typesupport_cpp.dir/rosidl_typesupport_cpp/radar_interfaces/msg/enemy_hp__type_support.cpp.o
[2.339s] [ 23%] Building CXX object CMakeFiles/radar_interfaces__rosidl_typesupport_cpp.dir/rosidl_typesupport_cpp/radar_interfaces/msg/macro_status__type_support.cpp.o
[2.339s] [ 24%] Building CXX object CMakeFiles/radar_interfaces__rosidl_typesupport_cpp.dir/rosidl_typesupport_cpp/radar_interfaces/msg/buffs__type_support.cpp.o
[2.339s] [ 25%] Building CXX object CMakeFiles/radar_interfaces__rosidl_typesupport_cpp.dir/rosidl_typesupport_cpp/radar_interfaces/msg/interference_key__type_support.cpp.o
[2.339s] [ 26%] Building CXX object CMakeFiles/radar_interfaces__rosidl_typesupport_cpp.dir/rosidl_typesupport_cpp/radar_interfaces/msg/radar_mark_progress__type_support.cpp.o
[2.340s] [ 27%] Building CXX object CMakeFiles/radar_interfaces__rosidl_typesupport_cpp.dir/rosidl_typesupport_cpp/radar_interfaces/msg/map_robot_data__type_support.cpp.o
[2.340s] [ 28%] Building CXX object CMakeFiles/radar_interfaces__rosidl_typesupport_cpp.dir/rosidl_typesupport_cpp/radar_interfaces/msg/radar_info__type_support.cpp.o
[2.340s] [ 29%] Building CXX object CMakeFiles/radar_interfaces__rosidl_typesupport_cpp.dir/rosidl_typesupport_cpp/radar_interfaces/msg/radar_decision_command__type_support.cpp.o
[2.432s] [ 30%] Building CXX object CMakeFiles/radar_interfaces__rosidl_typesupport_introspection_cpp.dir/rosidl_typesupport_introspection_cpp/radar_interfaces/msg/detail/enemy_position__type_support.cpp.o
[2.432s] [ 31%] Building CXX object CMakeFiles/radar_interfaces__rosidl_typesupport_introspection_cpp.dir/rosidl_typesupport_introspection_cpp/radar_interfaces/msg/detail/enemy_hp__type_support.cpp.o
[2.472s] [ 31%] Building CXX object CMakeFiles/radar_interfaces__rosidl_typesupport_c.dir/rosidl_typesupport_c/radar_interfaces/msg/enemy_position__type_support.cpp.o
[2.523s] [ 32%] Building CXX object CMakeFiles/radar_interfaces__rosidl_typesupport_c.dir/rosidl_typesupport_c/radar_interfaces/msg/enemy_hp__type_support.cpp.o
[2.556s] [ 33%] Building CXX object CMakeFiles/radar_interfaces__rosidl_typesupport_c.dir/rosidl_typesupport_c/radar_interfaces/msg/enemy_ammo__type_support.cpp.o
[2.600s] [ 34%] Building CXX object CMakeFiles/radar_interfaces__rosidl_typesupport_c.dir/rosidl_typesupport_c/radar_interfaces/msg/macro_status__type_support.cpp.o
[2.620s] [ 35%] Building CXX object CMakeFiles/radar_interfaces__rosidl_typesupport_fastrtps_cpp.dir/rosidl_typesupport_fastrtps_cpp/radar_interfaces/msg/detail/dds_fastrtps/enemy_position__type_support.cpp.o
[2.634s] [ 36%] Building CXX object CMakeFiles/radar_interfaces__rosidl_typesupport_introspection_cpp.dir/rosidl_typesupport_introspection_cpp/radar_interfaces/msg/detail/enemy_ammo__type_support.cpp.o
[2.644s] [ 37%] Building CXX object CMakeFiles/radar_interfaces__rosidl_typesupport_c.dir/rosidl_typesupport_c/radar_interfaces/msg/buffs__type_support.cpp.o
[2.644s] [ 38%] Building CXX object CMakeFiles/radar_interfaces__rosidl_typesupport_introspection_cpp.dir/rosidl_typesupport_introspection_cpp/radar_interfaces/msg/detail/macro_status__type_support.cpp.o
[2.647s] [ 39%] Building CXX object CMakeFiles/radar_interfaces__rosidl_typesupport_fastrtps_cpp.dir/rosidl_typesupport_fastrtps_cpp/radar_interfaces/msg/detail/dds_fastrtps/enemy_hp__type_support.cpp.o
[2.647s] [ 40%] Building CXX object CMakeFiles/radar_interfaces__rosidl_typesupport_fastrtps_cpp.dir/rosidl_typesupport_fastrtps_cpp/radar_interfaces/msg/detail/dds_fastrtps/enemy_ammo__type_support.cpp.o
[2.648s] [ 41%] Building CXX object CMakeFiles/radar_interfaces__rosidl_typesupport_c.dir/rosidl_typesupport_c/radar_interfaces/msg/interference_key__type_support.cpp.o
[2.648s] [ 42%] Building CXX object CMakeFiles/radar_interfaces__rosidl_typesupport_c.dir/rosidl_typesupport_c/radar_interfaces/msg/radar_mark_progress__type_support.cpp.o
[2.648s] [ 43%] Building CXX object CMakeFiles/radar_interfaces__rosidl_typesupport_introspection_cpp.dir/rosidl_typesupport_introspection_cpp/radar_interfaces/msg/detail/buffs__type_support.cpp.o
[2.649s] [ 44%] Building CXX object CMakeFiles/radar_interfaces__rosidl_typesupport_c.dir/rosidl_typesupport_c/radar_interfaces/msg/radar_info__type_support.cpp.o
[2.650s] [ 44%] Building C object CMakeFiles/radar_interfaces__rosidl_typesupport_introspection_c.dir/rosidl_typesupport_introspection_c/radar_interfaces/msg/detail/enemy_position__type_support.c.o
[2.661s] [ 45%] Building CXX object CMakeFiles/radar_interfaces__rosidl_typesupport_introspection_cpp.dir/rosidl_typesupport_introspection_cpp/radar_interfaces/msg/detail/interference_key__type_support.cpp.o
[2.672s] [ 46%] Building CXX object CMakeFiles/radar_interfaces__rosidl_typesupport_introspection_cpp.dir/rosidl_typesupport_introspection_cpp/radar_interfaces/msg/detail/radar_mark_progress__type_support.cpp.o
[2.676s] [ 47%] Building CXX object CMakeFiles/radar_interfaces__rosidl_typesupport_introspection_cpp.dir/rosidl_typesupport_introspection_cpp/radar_interfaces/msg/detail/radar_info__type_support.cpp.o
[2.679s] [ 48%] Linking CXX shared library libradar_interfaces__rosidl_typesupport_cpp.so
[2.681s] [ 49%] Building CXX object CMakeFiles/radar_interfaces__rosidl_typesupport_fastrtps_cpp.dir/rosidl_typesupport_fastrtps_cpp/radar_interfaces/msg/detail/dds_fastrtps/macro_status__type_support.cpp.o
[2.683s] [ 50%] Building CXX object CMakeFiles/radar_interfaces__rosidl_typesupport_c.dir/rosidl_typesupport_c/radar_interfaces/msg/map_robot_data__type_support.cpp.o
[2.683s] [ 51%] Building C object CMakeFiles/radar_interfaces__rosidl_typesupport_introspection_c.dir/rosidl_typesupport_introspection_c/radar_interfaces/msg/detail/enemy_hp__type_support.c.o
[2.704s] [ 51%] Building CXX object CMakeFiles/radar_interfaces__rosidl_typesupport_fastrtps_c.dir/rosidl_typesupport_fastrtps_c/radar_interfaces/msg/detail/enemy_position__type_support_c.cpp.o
[2.716s] [ 52%] Building C object CMakeFiles/radar_interfaces__rosidl_typesupport_introspection_c.dir/rosidl_typesupport_introspection_c/radar_interfaces/msg/detail/enemy_ammo__type_support.c.o
[2.716s] [ 53%] Building CXX object CMakeFiles/radar_interfaces__rosidl_typesupport_c.dir/rosidl_typesupport_c/radar_interfaces/msg/radar_decision_command__type_support.cpp.o
[2.724s] [ 53%] Built target radar_interfaces__rosidl_typesupport_cpp
[2.729s] [ 54%] Building CXX object CMakeFiles/radar_interfaces__rosidl_typesupport_fastrtps_cpp.dir/rosidl_typesupport_fastrtps_cpp/radar_interfaces/msg/detail/dds_fastrtps/buffs__type_support.cpp.o
[2.748s] [ 55%] Linking CXX shared library libradar_interfaces__rosidl_typesupport_c.so
[2.754s] [ 56%] Building C object CMakeFiles/radar_interfaces__rosidl_typesupport_introspection_c.dir/rosidl_typesupport_introspection_c/radar_interfaces/msg/detail/macro_status__type_support.c.o
[2.787s] [ 57%] Building C object CMakeFiles/radar_interfaces__rosidl_typesupport_introspection_c.dir/rosidl_typesupport_introspection_c/radar_interfaces/msg/detail/buffs__type_support.c.o
[2.793s] [ 57%] Built target radar_interfaces__rosidl_typesupport_c
[2.798s] [ 58%] Building CXX object CMakeFiles/radar_interfaces__rosidl_typesupport_fastrtps_c.dir/rosidl_typesupport_fastrtps_c/radar_interfaces/msg/detail/enemy_hp__type_support_c.cpp.o
[2.823s] [ 59%] Building C object CMakeFiles/radar_interfaces__rosidl_typesupport_introspection_c.dir/rosidl_typesupport_introspection_c/radar_interfaces/msg/detail/interference_key__type_support.c.o
[2.846s] [ 60%] Building CXX object CMakeFiles/radar_interfaces__rosidl_typesupport_fastrtps_c.dir/rosidl_typesupport_fastrtps_c/radar_interfaces/msg/detail/enemy_ammo__type_support_c.cpp.o
[2.859s] [ 61%] Building C object CMakeFiles/radar_interfaces__rosidl_typesupport_introspection_c.dir/rosidl_typesupport_introspection_c/radar_interfaces/msg/detail/radar_mark_progress__type_support.c.o
[2.878s] [ 62%] Building CXX object CMakeFiles/radar_interfaces__rosidl_typesupport_fastrtps_c.dir/rosidl_typesupport_fastrtps_c/radar_interfaces/msg/detail/macro_status__type_support_c.cpp.o
[2.900s] [ 63%] Building C object CMakeFiles/radar_interfaces__rosidl_typesupport_introspection_c.dir/rosidl_typesupport_introspection_c/radar_interfaces/msg/detail/radar_info__type_support.c.o
[2.932s] [ 64%] Building C object CMakeFiles/radar_interfaces__rosidl_typesupport_introspection_c.dir/rosidl_typesupport_introspection_c/radar_interfaces/msg/detail/map_robot_data__type_support.c.o
[2.973s] [ 65%] Building C object CMakeFiles/radar_interfaces__rosidl_typesupport_introspection_c.dir/rosidl_typesupport_introspection_c/radar_interfaces/msg/detail/radar_decision_command__type_support.c.o
[3.017s] [ 66%] Linking C shared library libradar_interfaces__rosidl_typesupport_introspection_c.so
[3.021s] [ 67%] Building CXX object CMakeFiles/radar_interfaces__rosidl_typesupport_fastrtps_cpp.dir/rosidl_typesupport_fastrtps_cpp/radar_interfaces/msg/detail/dds_fastrtps/interference_key__type_support.cpp.o
[3.028s] [ 68%] Building CXX object CMakeFiles/radar_interfaces__rosidl_typesupport_fastrtps_c.dir/rosidl_typesupport_fastrtps_c/radar_interfaces/msg/detail/buffs__type_support_c.cpp.o
[3.043s] [ 69%] Building CXX object CMakeFiles/radar_interfaces__rosidl_typesupport_fastrtps_cpp.dir/rosidl_typesupport_fastrtps_cpp/radar_interfaces/msg/detail/dds_fastrtps/radar_mark_progress__type_support.cpp.o
[3.048s] [ 69%] Built target radar_interfaces__rosidl_typesupport_introspection_c
[3.054s] [ 70%] Building CXX object CMakeFiles/radar_interfaces__rosidl_typesupport_fastrtps_cpp.dir/rosidl_typesupport_fastrtps_cpp/radar_interfaces/msg/detail/dds_fastrtps/radar_info__type_support.cpp.o
[3.054s] [ 71%] Building CXX object CMakeFiles/radar_interfaces__rosidl_typesupport_fastrtps_cpp.dir/rosidl_typesupport_fastrtps_cpp/radar_interfaces/msg/detail/dds_fastrtps/map_robot_data__type_support.cpp.o
[3.061s] [ 72%] Building CXX object CMakeFiles/radar_interfaces__rosidl_typesupport_fastrtps_c.dir/rosidl_typesupport_fastrtps_c/radar_interfaces/msg/detail/interference_key__type_support_c.cpp.o
[3.063s] [ 73%] Building CXX object CMakeFiles/radar_interfaces__rosidl_typesupport_fastrtps_c.dir/rosidl_typesupport_fastrtps_c/radar_interfaces/msg/detail/radar_mark_progress__type_support_c.cpp.o
[3.066s] [ 74%] Building CXX object CMakeFiles/radar_interfaces__rosidl_typesupport_fastrtps_c.dir/rosidl_typesupport_fastrtps_c/radar_interfaces/msg/detail/radar_info__type_support_c.cpp.o
[3.076s] [ 75%] Building CXX object CMakeFiles/radar_interfaces__rosidl_typesupport_fastrtps_c.dir/rosidl_typesupport_fastrtps_c/radar_interfaces/msg/detail/map_robot_data__type_support_c.cpp.o
[3.082s] [ 76%] Building CXX object CMakeFiles/radar_interfaces__rosidl_typesupport_fastrtps_cpp.dir/rosidl_typesupport_fastrtps_cpp/radar_interfaces/msg/detail/dds_fastrtps/radar_decision_command__type_support.cpp.o
[3.086s] [ 77%] Building CXX object CMakeFiles/radar_interfaces__rosidl_typesupport_introspection_cpp.dir/rosidl_typesupport_introspection_cpp/radar_interfaces/msg/detail/map_robot_data__type_support.cpp.o
[3.143s] [ 78%] Building CXX object CMakeFiles/radar_interfaces__rosidl_typesupport_fastrtps_c.dir/rosidl_typesupport_fastrtps_c/radar_interfaces/msg/detail/radar_decision_command__type_support_c.cpp.o
[3.146s] [ 79%] Building CXX object CMakeFiles/radar_interfaces__rosidl_typesupport_introspection_cpp.dir/rosidl_typesupport_introspection_cpp/radar_interfaces/msg/detail/radar_decision_command__type_support.cpp.o
[3.451s] [ 80%] Linking CXX shared library libradar_interfaces__rosidl_typesupport_fastrtps_cpp.so
[3.457s] [ 81%] Linking CXX shared library libradar_interfaces__rosidl_typesupport_fastrtps_c.so
[3.476s] [ 82%] Linking CXX shared library libradar_interfaces__rosidl_typesupport_introspection_cpp.so
[3.509s] [ 82%] Built target radar_interfaces__rosidl_typesupport_fastrtps_cpp
[3.516s] [ 82%] Built target radar_interfaces__rosidl_typesupport_fastrtps_c
[3.522s] [ 82%] Built target radar_interfaces__rosidl_typesupport_introspection_cpp
[3.531s] [ 82%] Built target radar_interfaces
[3.541s] [ 83%] Generating Python code for ROS interfaces
[4.464s] [ 83%] Built target radar_interfaces__py
[4.484s] [ 86%] Building C object CMakeFiles/radar_interfaces__rosidl_generator_py.dir/rosidl_generator_py/radar_interfaces/msg/_buffs_s.c.o
[4.484s] [ 86%] Building C object CMakeFiles/radar_interfaces__rosidl_generator_py.dir/rosidl_generator_py/radar_interfaces/msg/_enemy_position_s.c.o
[4.484s] [ 87%] Building C object CMakeFiles/radar_interfaces__rosidl_generator_py.dir/rosidl_generator_py/radar_interfaces/msg/_enemy_hp_s.c.o
[4.484s] [ 87%] Building C object CMakeFiles/radar_interfaces__rosidl_generator_py.dir/rosidl_generator_py/radar_interfaces/msg/_interference_key_s.c.o
[4.484s] [ 88%] Building C object CMakeFiles/radar_interfaces__rosidl_generator_py.dir/rosidl_generator_py/radar_interfaces/msg/_enemy_ammo_s.c.o
[4.484s] [ 90%] Building C object CMakeFiles/radar_interfaces__rosidl_generator_py.dir/rosidl_generator_py/radar_interfaces/msg/_macro_status_s.c.o
[4.484s] [ 90%] Building C object CMakeFiles/radar_interfaces__rosidl_generator_py.dir/rosidl_generator_py/radar_interfaces/msg/_radar_mark_progress_s.c.o
[4.484s] [ 92%] Building C object CMakeFiles/radar_interfaces__rosidl_generator_py.dir/rosidl_generator_py/radar_interfaces/msg/_radar_info_s.c.o
[4.484s] [ 92%] Building C object CMakeFiles/radar_interfaces__rosidl_generator_py.dir/rosidl_generator_py/radar_interfaces/msg/_map_robot_data_s.c.o
[4.485s] [ 93%] Building C object CMakeFiles/radar_interfaces__rosidl_generator_py.dir/rosidl_generator_py/radar_interfaces/msg/_radar_decision_command_s.c.o
[4.576s] [ 94%] Linking C shared library rosidl_generator_py/radar_interfaces/libradar_interfaces__rosidl_generator_py.so
[4.600s] [ 94%] Built target radar_interfaces__rosidl_generator_py
[4.610s] [ 97%] Building C object CMakeFiles/radar_interfaces__rosidl_typesupport_fastrtps_c__pyext.dir/rosidl_generator_py/radar_interfaces/_radar_interfaces_s.ep.rosidl_typesupport_fastrtps_c.c.o
[4.610s] [ 97%] Building C object CMakeFiles/radar_interfaces__rosidl_typesupport_c__pyext.dir/rosidl_generator_py/radar_interfaces/_radar_interfaces_s.ep.rosidl_typesupport_c.c.o
[4.610s] [ 97%] Building C object CMakeFiles/radar_interfaces__rosidl_typesupport_introspection_c__pyext.dir/rosidl_generator_py/radar_interfaces/_radar_interfaces_s.ep.rosidl_typesupport_introspection_c.c.o
[4.679s] [ 98%] Linking C shared library rosidl_generator_py/radar_interfaces/radar_interfaces_s__rosidl_typesupport_introspection_c.cpython-310-x86_64-linux-gnu.so
[4.679s] [ 99%] Linking C shared library rosidl_generator_py/radar_interfaces/radar_interfaces_s__rosidl_typesupport_c.cpython-310-x86_64-linux-gnu.so
[4.682s] [100%] Linking C shared library rosidl_generator_py/radar_interfaces/radar_interfaces_s__rosidl_typesupport_fastrtps_c.cpython-310-x86_64-linux-gnu.so
[4.696s] [100%] Built target radar_interfaces__rosidl_typesupport_c__pyext
[4.697s] [100%] Built target radar_interfaces__rosidl_typesupport_introspection_c__pyext
[4.700s] [100%] Built target radar_interfaces__rosidl_typesupport_fastrtps_c__pyext
[4.706s] Invoked command in '/home/moci/radar_serial/build/radar_interfaces' returned '0': CMAKE_PREFIX_PATH=/opt/ros/humble /usr/local/bin/cmake --build /home/moci/radar_serial/build/radar_interfaces -- -j16 -l16
[4.711s] Invoking command in '/home/moci/radar_serial/build/radar_interfaces': CMAKE_PREFIX_PATH=/opt/ros/humble /usr/local/bin/cmake --install /home/moci/radar_serial/build/radar_interfaces
[4.713s] -- Install configuration: ""
[4.713s] -- Installing: /home/moci/radar_serial/install/radar_interfaces/share/ament_index/resource_index/rosidl_interfaces/radar_interfaces
[4.713s] -- Up-to-date: /home/moci/radar_serial/install/radar_interfaces/include/radar_interfaces/radar_interfaces
[4.713s] -- Up-to-date: /home/moci/radar_serial/install/radar_interfaces/include/radar_interfaces/radar_interfaces/msg
[4.713s] -- Installing: /home/moci/radar_serial/install/radar_interfaces/include/radar_interfaces/radar_interfaces/msg/enemy_hp.h
[4.713s] -- Installing: /home/moci/radar_serial/install/radar_interfaces/include/radar_interfaces/radar_interfaces/msg/radar_decision_command.h
[4.714s] -- Up-to-date: /home/moci/radar_serial/install/radar_interfaces/include/radar_interfaces/radar_interfaces/msg/detail
[4.714s] -- Installing: /home/moci/radar_serial/install/radar_interfaces/include/radar_interfaces/radar_interfaces/msg/detail/macro_status__type_support.h
[4.714s] -- Installing: /home/moci/radar_serial/install/radar_interfaces/include/radar_interfaces/radar_interfaces/msg/detail/enemy_hp__struct.h
[4.714s] -- Installing: /home/moci/radar_serial/install/radar_interfaces/include/radar_interfaces/radar_interfaces/msg/detail/radar_info__struct.h
[4.714s] -- Installing: /home/moci/radar_serial/install/radar_interfaces/include/radar_interfaces/radar_interfaces/msg/detail/macro_status__functions.c
[4.714s] -- Installing: /home/moci/radar_serial/install/radar_interfaces/include/radar_interfaces/radar_interfaces/msg/detail/buffs__struct.h
[4.714s] -- Installing: /home/moci/radar_serial/install/radar_interfaces/include/radar_interfaces/radar_interfaces/msg/detail/enemy_hp__type_support.h
[4.714s] -- Installing: /home/moci/radar_serial/install/radar_interfaces/include/radar_interfaces/radar_interfaces/msg/detail/enemy_ammo__functions.h
[4.714s] -- Installing: /home/moci/radar_serial/install/radar_interfaces/include/radar_interfaces/radar_interfaces/msg/detail/macro_status__struct.h
[4.714s] -- Installing: /home/moci/radar_serial/install/radar_interfaces/include/radar_interfaces/radar_interfaces/msg/detail/enemy_position__type_support.h
[4.714s] -- Installing: /home/moci/radar_serial/install/radar_interfaces/include/radar_interfaces/radar_interfaces/msg/detail/buffs__functions.h
[4.714s] -- Installing: /home/moci/radar_serial/install/radar_interfaces/include/radar_interfaces/radar_interfaces/msg/detail/interference_key__type_support.h
[4.715s] -- Installing: /home/moci/radar_serial/install/radar_interfaces/include/radar_interfaces/radar_interfaces/msg/detail/radar_info__functions.h
[4.715s] -- Installing: /home/moci/radar_serial/install/radar_interfaces/include/radar_interfaces/radar_interfaces/msg/detail/enemy_position__functions.c
[4.715s] -- Installing: /home/moci/radar_serial/install/radar_interfaces/include/radar_interfaces/radar_interfaces/msg/detail/enemy_ammo__struct.h
[4.715s] -- Installing: /home/moci/radar_serial/install/radar_interfaces/include/radar_interfaces/radar_interfaces/msg/detail/radar_info__functions.c
[4.715s] -- Installing: /home/moci/radar_serial/install/radar_interfaces/include/radar_interfaces/radar_interfaces/msg/detail/interference_key__functions.h
[4.715s] -- Installing: /home/moci/radar_serial/install/radar_interfaces/include/radar_interfaces/radar_interfaces/msg/detail/map_robot_data__functions.h
[4.715s] -- Installing: /home/moci/radar_serial/install/radar_interfaces/include/radar_interfaces/radar_interfaces/msg/detail/enemy_ammo__type_support.h
[4.715s] -- Installing: /home/moci/radar_serial/install/radar_interfaces/include/radar_interfaces/radar_interfaces/msg/detail/buffs__functions.c
[4.715s] -- Installing: /home/moci/radar_serial/install/radar_interfaces/include/radar_interfaces/radar_interfaces/msg/detail/radar_decision_command__functions.c
[4.715s] -- Installing: /home/moci/radar_serial/install/radar_interfaces/include/radar_interfaces/radar_interfaces/msg/detail/enemy_hp__functions.c
[4.715s] -- Installing: /home/moci/radar_serial/install/radar_interfaces/include/radar_interfaces/radar_interfaces/msg/detail/enemy_ammo__functions.c
[4.715s] -- Installing: /home/moci/radar_serial/install/radar_interfaces/include/radar_interfaces/radar_interfaces/msg/detail/radar_mark_progress__functions.h
[4.715s] -- Installing: /home/moci/radar_serial/install/radar_interfaces/include/radar_interfaces/radar_interfaces/msg/detail/radar_mark_progress__functions.c
[4.716s] -- Installing: /home/moci/radar_serial/install/radar_interfaces/include/radar_interfaces/radar_interfaces/msg/detail/map_robot_data__type_support.h
[4.716s] -- Installing: /home/moci/radar_serial/install/radar_interfaces/include/radar_interfaces/radar_interfaces/msg/detail/radar_decision_command__type_support.h
[4.716s] -- Installing: /home/moci/radar_serial/install/radar_interfaces/include/radar_interfaces/radar_interfaces/msg/detail/map_robot_data__struct.h
[4.716s] -- Installing: /home/moci/radar_serial/install/radar_interfaces/include/radar_interfaces/radar_interfaces/msg/detail/map_robot_data__functions.c
[4.716s] -- Installing: /home/moci/radar_serial/install/radar_interfaces/include/radar_interfaces/radar_interfaces/msg/detail/enemy_position__struct.h
[4.716s] -- Installing: /home/moci/radar_serial/install/radar_interfaces/include/radar_interfaces/radar_interfaces/msg/detail/interference_key__struct.h
[4.716s] -- Installing: /home/moci/radar_serial/install/radar_interfaces/include/radar_interfaces/radar_interfaces/msg/detail/radar_decision_command__functions.h
[4.716s] -- Installing: /home/moci/radar_serial/install/radar_interfaces/include/radar_interfaces/radar_interfaces/msg/detail/enemy_position__functions.h
[4.716s] -- Installing: /home/moci/radar_serial/install/radar_interfaces/include/radar_interfaces/radar_interfaces/msg/detail/radar_decision_command__struct.h
[4.716s] -- Installing: /home/moci/radar_serial/install/radar_interfaces/include/radar_interfaces/radar_interfaces/msg/detail/buffs__type_support.h
[4.716s] -- Installing: /home/moci/radar_serial/install/radar_interfaces/include/radar_interfaces/radar_interfaces/msg/detail/interference_key__functions.c
[4.716s] -- Installing: /home/moci/radar_serial/install/radar_interfaces/include/radar_interfaces/radar_interfaces/msg/detail/enemy_hp__functions.h
[4.716s] -- Installing: /home/moci/radar_serial/install/radar_interfaces/include/radar_interfaces/radar_interfaces/msg/detail/macro_status__functions.h
[4.716s] -- Installing: /home/moci/radar_serial/install/radar_interfaces/include/radar_interfaces/radar_interfaces/msg/detail/radar_mark_progress__type_support.h
[4.717s] -- Installing: /home/moci/radar_serial/install/radar_interfaces/include/radar_interfaces/radar_interfaces/msg/detail/radar_info__type_support.h
[4.717s] -- Installing: /home/moci/radar_serial/install/radar_interfaces/include/radar_interfaces/radar_interfaces/msg/detail/radar_mark_progress__struct.h
[4.717s] -- Installing: /home/moci/radar_serial/install/radar_interfaces/include/radar_interfaces/radar_interfaces/msg/enemy_position.h
[4.717s] -- Installing: /home/moci/radar_serial/install/radar_interfaces/include/radar_interfaces/radar_interfaces/msg/radar_info.h
[4.717s] -- Up-to-date: /home/moci/radar_serial/install/radar_interfaces/include/radar_interfaces/radar_interfaces/msg/rosidl_generator_c__visibility_control.h
[4.717s] -- Installing: /home/moci/radar_serial/install/radar_interfaces/include/radar_interfaces/radar_interfaces/msg/buffs.h
[4.717s] -- Installing: /home/moci/radar_serial/install/radar_interfaces/include/radar_interfaces/radar_interfaces/msg/map_robot_data.h
[4.717s] -- Installing: /home/moci/radar_serial/install/radar_interfaces/include/radar_interfaces/radar_interfaces/msg/macro_status.h
[4.717s] -- Installing: /home/moci/radar_serial/install/radar_interfaces/include/radar_interfaces/radar_interfaces/msg/interference_key.h
[4.717s] -- Installing: /home/moci/radar_serial/install/radar_interfaces/include/radar_interfaces/radar_interfaces/msg/enemy_ammo.h
[4.717s] -- Installing: /home/moci/radar_serial/install/radar_interfaces/include/radar_interfaces/radar_interfaces/msg/radar_mark_progress.h
[4.717s] -- Up-to-date: /home/moci/radar_serial/install/radar_interfaces/share/radar_interfaces/environment/library_path.sh
[4.717s] -- Installing: /home/moci/radar_serial/install/radar_interfaces/share/radar_interfaces/environment/library_path.dsv
[4.718s] -- Installing: /home/moci/radar_serial/install/radar_interfaces/lib/libradar_interfaces__rosidl_generator_c.so
[4.718s] -- Set runtime path of "/home/moci/radar_serial/install/radar_interfaces/lib/libradar_interfaces__rosidl_generator_c.so" to ""
[4.718s] -- Up-to-date: /home/moci/radar_serial/install/radar_interfaces/include/radar_interfaces/radar_interfaces
[4.718s] -- Up-to-date: /home/moci/radar_serial/install/radar_interfaces/include/radar_interfaces/radar_interfaces/msg
[4.718s] -- Up-to-date: /home/moci/radar_serial/install/radar_interfaces/include/radar_interfaces/radar_interfaces/msg/detail
[4.718s] -- Installing: /home/moci/radar_serial/install/radar_interfaces/include/radar_interfaces/radar_interfaces/msg/detail/buffs__rosidl_typesupport_fastrtps_c.h
[4.718s] -- Installing: /home/moci/radar_serial/install/radar_interfaces/include/radar_interfaces/radar_interfaces/msg/detail/radar_decision_command__rosidl_typesupport_fastrtps_c.h
[4.718s] -- Installing: /home/moci/radar_serial/install/radar_interfaces/include/radar_interfaces/radar_interfaces/msg/detail/enemy_position__rosidl_typesupport_fastrtps_c.h
[4.718s] -- Installing: /home/moci/radar_serial/install/radar_interfaces/include/radar_interfaces/radar_interfaces/msg/detail/macro_status__rosidl_typesupport_fastrtps_c.h
[4.719s] -- Installing: /home/moci/radar_serial/install/radar_interfaces/include/radar_interfaces/radar_interfaces/msg/detail/radar_info__rosidl_typesupport_fastrtps_c.h
[4.719s] -- Installing: /home/moci/radar_serial/install/radar_interfaces/include/radar_interfaces/radar_interfaces/msg/detail/enemy_ammo__rosidl_typesupport_fastrtps_c.h
[4.719s] -- Installing: /home/moci/radar_serial/install/radar_interfaces/include/radar_interfaces/radar_interfaces/msg/detail/interference_key__rosidl_typesupport_fastrtps_c.h
[4.719s] -- Installing: /home/moci/radar_serial/install/radar_interfaces/include/radar_interfaces/radar_interfaces/msg/detail/enemy_hp__rosidl_typesupport_fastrtps_c.h
[4.719s] -- Installing: /home/moci/radar_serial/install/radar_interfaces/include/radar_interfaces/radar_interfaces/msg/detail/radar_mark_progress__rosidl_typesupport_fastrtps_c.h
[4.719s] -- Installing: /home/moci/radar_serial/install/radar_interfaces/include/radar_interfaces/radar_interfaces/msg/detail/map_robot_data__rosidl_typesupport_fastrtps_c.h
[4.719s] -- Up-to-date: /home/moci/radar_serial/install/radar_interfaces/include/radar_interfaces/radar_interfaces/msg/rosidl_typesupport_fastrtps_c__visibility_control.h
[4.719s] -- Installing: /home/moci/radar_serial/install/radar_interfaces/lib/libradar_interfaces__rosidl_typesupport_fastrtps_c.so
[4.720s] -- Set runtime path of "/home/moci/radar_serial/install/radar_interfaces/lib/libradar_interfaces__rosidl_typesupport_fastrtps_c.so" to ""
[4.720s] -- Up-to-date: /home/moci/radar_serial/install/radar_interfaces/include/radar_interfaces/radar_interfaces
[4.720s] -- Up-to-date: /home/moci/radar_serial/install/radar_interfaces/include/radar_interfaces/radar_interfaces/msg
[4.720s] -- Up-to-date: /home/moci/radar_serial/install/radar_interfaces/include/radar_interfaces/radar_interfaces/msg/detail
[4.720s] -- Installing: /home/moci/radar_serial/install/radar_interfaces/include/radar_interfaces/radar_interfaces/msg/detail/radar_decision_command__type_support.c
[4.720s] -- Installing: /home/moci/radar_serial/install/radar_interfaces/include/radar_interfaces/radar_interfaces/msg/detail/enemy_hp__type_support.c
[4.720s] -- Installing: /home/moci/radar_serial/install/radar_interfaces/include/radar_interfaces/radar_interfaces/msg/detail/buffs__rosidl_typesupport_introspection_c.h
[4.720s] -- Installing: /home/moci/radar_serial/install/radar_interfaces/include/radar_interfaces/radar_interfaces/msg/detail/enemy_ammo__type_support.c
[4.720s] -- Installing: /home/moci/radar_serial/install/radar_interfaces/include/radar_interfaces/radar_interfaces/msg/detail/interference_key__rosidl_typesupport_introspection_c.h
[4.720s] -- Installing: /home/moci/radar_serial/install/radar_interfaces/include/radar_interfaces/radar_interfaces/msg/detail/radar_info__rosidl_typesupport_introspection_c.h
[4.720s] -- Installing: /home/moci/radar_serial/install/radar_interfaces/include/radar_interfaces/radar_interfaces/msg/detail/map_robot_data__type_support.c
[4.720s] -- Installing: /home/moci/radar_serial/install/radar_interfaces/include/radar_interfaces/radar_interfaces/msg/detail/radar_decision_command__rosidl_typesupport_introspection_c.h
[4.720s] -- Installing: /home/moci/radar_serial/install/radar_interfaces/include/radar_interfaces/radar_interfaces/msg/detail/enemy_position__type_support.c
[4.720s] -- Installing: /home/moci/radar_serial/install/radar_interfaces/include/radar_interfaces/radar_interfaces/msg/detail/macro_status__rosidl_typesupport_introspection_c.h
[4.720s] -- Installing: /home/moci/radar_serial/install/radar_interfaces/include/radar_interfaces/radar_interfaces/msg/detail/radar_info__type_support.c
[4.720s] -- Installing: /home/moci/radar_serial/install/radar_interfaces/include/radar_interfaces/radar_interfaces/msg/detail/enemy_position__rosidl_typesupport_introspection_c.h
[4.720s] -- Installing: /home/moci/radar_serial/install/radar_interfaces/include/radar_interfaces/radar_interfaces/msg/detail/enemy_ammo__rosidl_typesupport_introspection_c.h
[4.721s] -- Installing: /home/moci/radar_serial/install/radar_interfaces/include/radar_interfaces/radar_interfaces/msg/detail/buffs__type_support.c
[4.721s] -- Installing: /home/moci/radar_serial/install/radar_interfaces/include/radar_interfaces/radar_interfaces/msg/detail/map_robot_data__rosidl_typesupport_introspection_c.h
[4.721s] -- Installing: /home/moci/radar_serial/install/radar_interfaces/include/radar_interfaces/radar_interfaces/msg/detail/macro_status__type_support.c
[4.721s] -- Installing: /home/moci/radar_serial/install/radar_interfaces/include/radar_interfaces/radar_interfaces/msg/detail/radar_mark_progress__type_support.c
[4.721s] -- Installing: /home/moci/radar_serial/install/radar_interfaces/include/radar_interfaces/radar_interfaces/msg/detail/radar_mark_progress__rosidl_typesupport_introspection_c.h
[4.721s] -- Installing: /home/moci/radar_serial/install/radar_interfaces/include/radar_interfaces/radar_interfaces/msg/detail/enemy_hp__rosidl_typesupport_introspection_c.h
[4.721s] -- Installing: /home/moci/radar_serial/install/radar_interfaces/include/radar_interfaces/radar_interfaces/msg/detail/interference_key__type_support.c
[4.721s] -- Up-to-date: /home/moci/radar_serial/install/radar_interfaces/include/radar_interfaces/radar_interfaces/msg/rosidl_typesupport_introspection_c__visibility_control.h
[4.721s] -- Installing: /home/moci/radar_serial/install/radar_interfaces/lib/libradar_interfaces__rosidl_typesupport_introspection_c.so
[4.722s] -- Set runtime path of "/home/moci/radar_serial/install/radar_interfaces/lib/libradar_interfaces__rosidl_typesupport_introspection_c.so" to ""
[4.722s] -- Installing: /home/moci/radar_serial/install/radar_interfaces/lib/libradar_interfaces__rosidl_typesupport_c.so
[4.722s] -- Set runtime path of "/home/moci/radar_serial/install/radar_interfaces/lib/libradar_interfaces__rosidl_typesupport_c.so" to ""
[4.722s] -- Up-to-date: /home/moci/radar_serial/install/radar_interfaces/include/radar_interfaces/radar_interfaces
[4.722s] -- Up-to-date: /home/moci/radar_serial/install/radar_interfaces/include/radar_interfaces/radar_interfaces/msg
[4.722s] -- Installing: /home/moci/radar_serial/install/radar_interfaces/include/radar_interfaces/radar_interfaces/msg/radar_mark_progress.hpp
[4.722s] -- Installing: /home/moci/radar_serial/install/radar_interfaces/include/radar_interfaces/radar_interfaces/msg/enemy_ammo.hpp
[4.722s] -- Installing: /home/moci/radar_serial/install/radar_interfaces/include/radar_interfaces/radar_interfaces/msg/macro_status.hpp
[4.722s] -- Installing: /home/moci/radar_serial/install/radar_interfaces/include/radar_interfaces/radar_interfaces/msg/interference_key.hpp
[4.722s] -- Installing: /home/moci/radar_serial/install/radar_interfaces/include/radar_interfaces/radar_interfaces/msg/map_robot_data.hpp
[4.723s] -- Up-to-date: /home/moci/radar_serial/install/radar_interfaces/include/radar_interfaces/radar_interfaces/msg/detail
[4.723s] -- Installing: /home/moci/radar_serial/install/radar_interfaces/include/radar_interfaces/radar_interfaces/msg/detail/map_robot_data__struct.hpp
[4.723s] -- Installing: /home/moci/radar_serial/install/radar_interfaces/include/radar_interfaces/radar_interfaces/msg/detail/interference_key__struct.hpp
[4.723s] -- Installing: /home/moci/radar_serial/install/radar_interfaces/include/radar_interfaces/radar_interfaces/msg/detail/radar_mark_progress__struct.hpp
[4.723s] -- Installing: /home/moci/radar_serial/install/radar_interfaces/include/radar_interfaces/radar_interfaces/msg/detail/interference_key__traits.hpp
[4.723s] -- Installing: /home/moci/radar_serial/install/radar_interfaces/include/radar_interfaces/radar_interfaces/msg/detail/map_robot_data__traits.hpp
[4.723s] -- Installing: /home/moci/radar_serial/install/radar_interfaces/include/radar_interfaces/radar_interfaces/msg/detail/buffs__struct.hpp
[4.723s] -- Installing: /home/moci/radar_serial/install/radar_interfaces/include/radar_interfaces/radar_interfaces/msg/detail/macro_status__type_support.hpp
[4.723s] -- Installing: /home/moci/radar_serial/install/radar_interfaces/include/radar_interfaces/radar_interfaces/msg/detail/radar_mark_progress__builder.hpp
[4.723s] -- Installing: /home/moci/radar_serial/install/radar_interfaces/include/radar_interfaces/radar_interfaces/msg/detail/buffs__type_support.hpp
[4.723s] -- Installing: /home/moci/radar_serial/install/radar_interfaces/include/radar_interfaces/radar_interfaces/msg/detail/enemy_position__traits.hpp
[4.724s] -- Installing: /home/moci/radar_serial/install/radar_interfaces/include/radar_interfaces/radar_interfaces/msg/detail/radar_info__type_support.hpp
[4.724s] -- Installing: /home/moci/radar_serial/install/radar_interfaces/include/radar_interfaces/radar_interfaces/msg/detail/radar_decision_command__type_support.hpp
[4.724s] -- Installing: /home/moci/radar_serial/install/radar_interfaces/include/radar_interfaces/radar_interfaces/msg/detail/enemy_position__builder.hpp
[4.724s] -- Installing: /home/moci/radar_serial/install/radar_interfaces/include/radar_interfaces/radar_interfaces/msg/detail/macro_status__traits.hpp
[4.724s] -- Installing: /home/moci/radar_serial/install/radar_interfaces/include/radar_interfaces/radar_interfaces/msg/detail/enemy_hp__traits.hpp
[4.724s] -- Installing: /home/moci/radar_serial/install/radar_interfaces/include/radar_interfaces/radar_interfaces/msg/detail/radar_decision_command__builder.hpp
[4.724s] -- Installing: /home/moci/radar_serial/install/radar_interfaces/include/radar_interfaces/radar_interfaces/msg/detail/radar_mark_progress__type_support.hpp
[4.724s] -- Installing: /home/moci/radar_serial/install/radar_interfaces/include/radar_interfaces/radar_interfaces/msg/detail/enemy_hp__struct.hpp
[4.724s] -- Installing: /home/moci/radar_serial/install/radar_interfaces/include/radar_interfaces/radar_interfaces/msg/detail/enemy_position__struct.hpp
[4.724s] -- Installing: /home/moci/radar_serial/install/radar_interfaces/include/radar_interfaces/radar_interfaces/msg/detail/enemy_ammo__builder.hpp
[4.725s] -- Installing: /home/moci/radar_serial/install/radar_interfaces/include/radar_interfaces/radar_interfaces/msg/detail/map_robot_data__type_support.hpp
[4.725s] -- Installing: /home/moci/radar_serial/install/radar_interfaces/include/radar_interfaces/radar_interfaces/msg/detail/radar_decision_command__traits.hpp
[4.725s] -- Installing: /home/moci/radar_serial/install/radar_interfaces/include/radar_interfaces/radar_interfaces/msg/detail/macro_status__builder.hpp
[4.725s] -- Installing: /home/moci/radar_serial/install/radar_interfaces/include/radar_interfaces/radar_interfaces/msg/detail/radar_decision_command__struct.hpp
[4.725s] -- Installing: /home/moci/radar_serial/install/radar_interfaces/include/radar_interfaces/radar_interfaces/msg/detail/interference_key__type_support.hpp
[4.725s] -- Installing: /home/moci/radar_serial/install/radar_interfaces/include/radar_interfaces/radar_interfaces/msg/detail/buffs__traits.hpp
[4.725s] -- Installing: /home/moci/radar_serial/install/radar_interfaces/include/radar_interfaces/radar_interfaces/msg/detail/radar_info__traits.hpp
[4.725s] -- Installing: /home/moci/radar_serial/install/radar_interfaces/include/radar_interfaces/radar_interfaces/msg/detail/enemy_hp__builder.hpp
[4.725s] -- Installing: /home/moci/radar_serial/install/radar_interfaces/include/radar_interfaces/radar_interfaces/msg/detail/interference_key__builder.hpp
[4.725s] -- Installing: /home/moci/radar_serial/install/radar_interfaces/include/radar_interfaces/radar_interfaces/msg/detail/buffs__builder.hpp
[4.726s] -- Installing: /home/moci/radar_serial/install/radar_interfaces/include/radar_interfaces/radar_interfaces/msg/detail/enemy_ammo__traits.hpp
[4.726s] -- Installing: /home/moci/radar_serial/install/radar_interfaces/include/radar_interfaces/radar_interfaces/msg/detail/enemy_hp__type_support.hpp
[4.726s] -- Installing: /home/moci/radar_serial/install/radar_interfaces/include/radar_interfaces/radar_interfaces/msg/detail/enemy_ammo__struct.hpp
[4.726s] -- Installing: /home/moci/radar_serial/install/radar_interfaces/include/radar_interfaces/radar_interfaces/msg/detail/map_robot_data__builder.hpp
[4.726s] -- Installing: /home/moci/radar_serial/install/radar_interfaces/include/radar_interfaces/radar_interfaces/msg/detail/radar_info__builder.hpp
[4.726s] -- Installing: /home/moci/radar_serial/install/radar_interfaces/include/radar_interfaces/radar_interfaces/msg/detail/macro_status__struct.hpp
[4.726s] -- Installing: /home/moci/radar_serial/install/radar_interfaces/include/radar_interfaces/radar_interfaces/msg/detail/enemy_ammo__type_support.hpp
[4.727s] -- Installing: /home/moci/radar_serial/install/radar_interfaces/include/radar_interfaces/radar_interfaces/msg/detail/radar_mark_progress__traits.hpp
[4.727s] -- Installing: /home/moci/radar_serial/install/radar_interfaces/include/radar_interfaces/radar_interfaces/msg/detail/radar_info__struct.hpp
[4.727s] -- Installing: /home/moci/radar_serial/install/radar_interfaces/include/radar_interfaces/radar_interfaces/msg/detail/enemy_position__type_support.hpp
[4.727s] -- Installing: /home/moci/radar_serial/install/radar_interfaces/include/radar_interfaces/radar_interfaces/msg/radar_decision_command.hpp
[4.727s] -- Installing: /home/moci/radar_serial/install/radar_interfaces/include/radar_interfaces/radar_interfaces/msg/radar_info.hpp
[4.727s] -- Installing: /home/moci/radar_serial/install/radar_interfaces/include/radar_interfaces/radar_interfaces/msg/enemy_position.hpp
[4.727s] -- Installing: /home/moci/radar_serial/install/radar_interfaces/include/radar_interfaces/radar_interfaces/msg/enemy_hp.hpp
[4.727s] -- Installing: /home/moci/radar_serial/install/radar_interfaces/include/radar_interfaces/radar_interfaces/msg/buffs.hpp
[4.727s] -- Up-to-date: /home/moci/radar_serial/install/radar_interfaces/include/radar_interfaces/radar_interfaces/msg/rosidl_generator_cpp__visibility_control.hpp
[4.727s] -- Up-to-date: /home/moci/radar_serial/install/radar_interfaces/include/radar_interfaces/radar_interfaces
[4.727s] -- Up-to-date: /home/moci/radar_serial/install/radar_interfaces/include/radar_interfaces/radar_interfaces/msg
[4.727s] -- Up-to-date: /home/moci/radar_serial/install/radar_interfaces/include/radar_interfaces/radar_interfaces/msg/rosidl_typesupport_fastrtps_cpp__visibility_control.h
[4.728s] -- Up-to-date: /home/moci/radar_serial/install/radar_interfaces/include/radar_interfaces/radar_interfaces/msg/detail
[4.728s] -- Up-to-date: /home/moci/radar_serial/install/radar_interfaces/include/radar_interfaces/radar_interfaces/msg/detail/dds_fastrtps
[4.728s] -- Installing: /home/moci/radar_serial/install/radar_interfaces/include/radar_interfaces/radar_interfaces/msg/detail/enemy_ammo__rosidl_typesupport_fastrtps_cpp.hpp
[4.728s] -- Installing: /home/moci/radar_serial/install/radar_interfaces/include/radar_interfaces/radar_interfaces/msg/detail/interference_key__rosidl_typesupport_fastrtps_cpp.hpp
[4.728s] -- Installing: /home/moci/radar_serial/install/radar_interfaces/include/radar_interfaces/radar_interfaces/msg/detail/radar_mark_progress__rosidl_typesupport_fastrtps_cpp.hpp
[4.728s] -- Installing: /home/moci/radar_serial/install/radar_interfaces/include/radar_interfaces/radar_interfaces/msg/detail/radar_decision_command__rosidl_typesupport_fastrtps_cpp.hpp
[4.728s] -- Installing: /home/moci/radar_serial/install/radar_interfaces/include/radar_interfaces/radar_interfaces/msg/detail/macro_status__rosidl_typesupport_fastrtps_cpp.hpp
[4.728s] -- Installing: /home/moci/radar_serial/install/radar_interfaces/include/radar_interfaces/radar_interfaces/msg/detail/enemy_position__rosidl_typesupport_fastrtps_cpp.hpp
[4.728s] -- Installing: /home/moci/radar_serial/install/radar_interfaces/include/radar_interfaces/radar_interfaces/msg/detail/radar_info__rosidl_typesupport_fastrtps_cpp.hpp
[4.728s] -- Installing: /home/moci/radar_serial/install/radar_interfaces/include/radar_interfaces/radar_interfaces/msg/detail/enemy_hp__rosidl_typesupport_fastrtps_cpp.hpp
[4.728s] -- Installing: /home/moci/radar_serial/install/radar_interfaces/include/radar_interfaces/radar_interfaces/msg/detail/buffs__rosidl_typesupport_fastrtps_cpp.hpp
[4.728s] -- Installing: /home/moci/radar_serial/install/radar_interfaces/include/radar_interfaces/radar_interfaces/msg/detail/map_robot_data__rosidl_typesupport_fastrtps_cpp.hpp
[4.728s] -- Installing: /home/moci/radar_serial/install/radar_interfaces/lib/libradar_interfaces__rosidl_typesupport_fastrtps_cpp.so
[4.729s] -- Set runtime path of "/home/moci/radar_serial/install/radar_interfaces/lib/libradar_interfaces__rosidl_typesupport_fastrtps_cpp.so" to ""
[4.729s] -- Up-to-date: /home/moci/radar_serial/install/radar_interfaces/include/radar_interfaces/radar_interfaces
[4.729s] -- Up-to-date: /home/moci/radar_serial/install/radar_interfaces/include/radar_interfaces/radar_interfaces/msg
[4.729s] -- Up-to-date: /home/moci/radar_serial/install/radar_interfaces/include/radar_interfaces/radar_interfaces/msg/detail
[4.729s] -- Installing: /home/moci/radar_serial/install/radar_interfaces/include/radar_interfaces/radar_interfaces/msg/detail/enemy_position__rosidl_typesupport_introspection_cpp.hpp
[4.729s] -- Installing: /home/moci/radar_serial/install/radar_interfaces/include/radar_interfaces/radar_interfaces/msg/detail/radar_info__type_support.cpp
[4.729s] -- Installing: /home/moci/radar_serial/install/radar_interfaces/include/radar_interfaces/radar_interfaces/msg/detail/radar_info__rosidl_typesupport_introspection_cpp.hpp
[4.729s] -- Installing: /home/moci/radar_serial/install/radar_interfaces/include/radar_interfaces/radar_interfaces/msg/detail/enemy_hp__type_support.cpp
[4.729s] -- Installing: /home/moci/radar_serial/install/radar_interfaces/include/radar_interfaces/radar_interfaces/msg/detail/interference_key__type_support.cpp
[4.729s] -- Installing: /home/moci/radar_serial/install/radar_interfaces/include/radar_interfaces/radar_interfaces/msg/detail/radar_mark_progress__rosidl_typesupport_introspection_cpp.hpp
[4.729s] -- Installing: /home/moci/radar_serial/install/radar_interfaces/include/radar_interfaces/radar_interfaces/msg/detail/interference_key__rosidl_typesupport_introspection_cpp.hpp
[4.729s] -- Installing: /home/moci/radar_serial/install/radar_interfaces/include/radar_interfaces/radar_interfaces/msg/detail/buffs__rosidl_typesupport_introspection_cpp.hpp
[4.729s] -- Installing: /home/moci/radar_serial/install/radar_interfaces/include/radar_interfaces/radar_interfaces/msg/detail/radar_mark_progress__type_support.cpp
[4.729s] -- Installing: /home/moci/radar_serial/install/radar_interfaces/include/radar_interfaces/radar_interfaces/msg/detail/map_robot_data__type_support.cpp
[4.730s] -- Installing: /home/moci/radar_serial/install/radar_interfaces/include/radar_interfaces/radar_interfaces/msg/detail/macro_status__type_support.cpp
[4.730s] -- Installing: /home/moci/radar_serial/install/radar_interfaces/include/radar_interfaces/radar_interfaces/msg/detail/macro_status__rosidl_typesupport_introspection_cpp.hpp
[4.730s] -- Installing: /home/moci/radar_serial/install/radar_interfaces/include/radar_interfaces/radar_interfaces/msg/detail/enemy_ammo__type_support.cpp
[4.730s] -- Installing: /home/moci/radar_serial/install/radar_interfaces/include/radar_interfaces/radar_interfaces/msg/detail/radar_decision_command__rosidl_typesupport_introspection_cpp.hpp
[4.730s] -- Installing: /home/moci/radar_serial/install/radar_interfaces/include/radar_interfaces/radar_interfaces/msg/detail/enemy_hp__rosidl_typesupport_introspection_cpp.hpp
[4.730s] -- Installing: /home/moci/radar_serial/install/radar_interfaces/include/radar_interfaces/radar_interfaces/msg/detail/enemy_ammo__rosidl_typesupport_introspection_cpp.hpp
[4.730s] -- Installing: /home/moci/radar_serial/install/radar_interfaces/include/radar_interfaces/radar_interfaces/msg/detail/enemy_position__type_support.cpp
[4.730s] -- Installing: /home/moci/radar_serial/install/radar_interfaces/include/radar_interfaces/radar_interfaces/msg/detail/buffs__type_support.cpp
[4.730s] -- Installing: /home/moci/radar_serial/install/radar_interfaces/include/radar_interfaces/radar_interfaces/msg/detail/radar_decision_command__type_support.cpp
[4.730s] -- Installing: /home/moci/radar_serial/install/radar_interfaces/include/radar_interfaces/radar_interfaces/msg/detail/map_robot_data__rosidl_typesupport_introspection_cpp.hpp
[4.730s] -- Installing: /home/moci/radar_serial/install/radar_interfaces/lib/libradar_interfaces__rosidl_typesupport_introspection_cpp.so
[4.731s] -- Set runtime path of "/home/moci/radar_serial/install/radar_interfaces/lib/libradar_interfaces__rosidl_typesupport_introspection_cpp.so" to ""
[4.731s] -- Installing: /home/moci/radar_serial/install/radar_interfaces/lib/libradar_interfaces__rosidl_typesupport_cpp.so
[4.731s] -- Set runtime path of "/home/moci/radar_serial/install/radar_interfaces/lib/libradar_interfaces__rosidl_typesupport_cpp.so" to ""
[4.731s] -- Up-to-date: /home/moci/radar_serial/install/radar_interfaces/share/radar_interfaces/environment/pythonpath.sh
[4.731s] -- Installing: /home/moci/radar_serial/install/radar_interfaces/share/radar_interfaces/environment/pythonpath.dsv
[4.731s] -- Up-to-date: /home/moci/radar_serial/install/radar_interfaces/local/lib/python3.10/dist-packages/radar_interfaces-0.1.0-py3.10.egg-info
[4.731s] -- Installing: /home/moci/radar_serial/install/radar_interfaces/local/lib/python3.10/dist-packages/radar_interfaces-0.1.0-py3.10.egg-info/SOURCES.txt
[4.732s] -- Installing: /home/moci/radar_serial/install/radar_interfaces/local/lib/python3.10/dist-packages/radar_interfaces-0.1.0-py3.10.egg-info/PKG-INFO
[4.732s] -- Installing: /home/moci/radar_serial/install/radar_interfaces/local/lib/python3.10/dist-packages/radar_interfaces-0.1.0-py3.10.egg-info/dependency_links.txt
[4.732s] -- Installing: /home/moci/radar_serial/install/radar_interfaces/local/lib/python3.10/dist-packages/radar_interfaces-0.1.0-py3.10.egg-info/top_level.txt
[4.732s] -- Up-to-date: /home/moci/radar_serial/install/radar_interfaces/local/lib/python3.10/dist-packages/radar_interfaces
[4.732s] -- Installing: /home/moci/radar_serial/install/radar_interfaces/local/lib/python3.10/dist-packages/radar_interfaces/_radar_interfaces_s.ep.rosidl_typesupport_fastrtps_c.c
[4.732s] -- Installing: /home/moci/radar_serial/install/radar_interfaces/local/lib/python3.10/dist-packages/radar_interfaces/_radar_interfaces_s.ep.rosidl_typesupport_c.c
[4.732s] -- Installing: /home/moci/radar_serial/install/radar_interfaces/local/lib/python3.10/dist-packages/radar_interfaces/radar_interfaces_s__rosidl_typesupport_introspection_c.cpython-310-x86_64-linux-gnu.so
[4.732s] -- Installing: /home/moci/radar_serial/install/radar_interfaces/local/lib/python3.10/dist-packages/radar_interfaces/libradar_interfaces__rosidl_generator_py.so
[4.732s] -- Installing: /home/moci/radar_serial/install/radar_interfaces/local/lib/python3.10/dist-packages/radar_interfaces/radar_interfaces_s__rosidl_typesupport_c.cpython-310-x86_64-linux-gnu.so
[4.732s] -- Installing: /home/moci/radar_serial/install/radar_interfaces/local/lib/python3.10/dist-packages/radar_interfaces/radar_interfaces_s__rosidl_typesupport_fastrtps_c.cpython-310-x86_64-linux-gnu.so
[4.733s] -- Installing: /home/moci/radar_serial/install/radar_interfaces/local/lib/python3.10/dist-packages/radar_interfaces/__init__.py
[4.733s] -- Up-to-date: /home/moci/radar_serial/install/radar_interfaces/local/lib/python3.10/dist-packages/radar_interfaces/msg
[4.733s] -- Installing: /home/moci/radar_serial/install/radar_interfaces/local/lib/python3.10/dist-packages/radar_interfaces/msg/_enemy_ammo.py
[4.733s] -- Installing: /home/moci/radar_serial/install/radar_interfaces/local/lib/python3.10/dist-packages/radar_interfaces/msg/_radar_decision_command.py
[4.733s] -- Installing: /home/moci/radar_serial/install/radar_interfaces/local/lib/python3.10/dist-packages/radar_interfaces/msg/_interference_key_s.c
[4.733s] -- Installing: /home/moci/radar_serial/install/radar_interfaces/local/lib/python3.10/dist-packages/radar_interfaces/msg/_interference_key.py
[4.733s] -- Installing: /home/moci/radar_serial/install/radar_interfaces/local/lib/python3.10/dist-packages/radar_interfaces/msg/_radar_mark_progress_s.c
[4.733s] -- Installing: /home/moci/radar_serial/install/radar_interfaces/local/lib/python3.10/dist-packages/radar_interfaces/msg/_radar_decision_command_s.c
[4.733s] -- Installing: /home/moci/radar_serial/install/radar_interfaces/local/lib/python3.10/dist-packages/radar_interfaces/msg/_buffs_s.c
[4.733s] -- Installing: /home/moci/radar_serial/install/radar_interfaces/local/lib/python3.10/dist-packages/radar_interfaces/msg/_enemy_position.py
[4.733s] -- Installing: /home/moci/radar_serial/install/radar_interfaces/local/lib/python3.10/dist-packages/radar_interfaces/msg/_enemy_hp.py
[4.733s] -- Installing: /home/moci/radar_serial/install/radar_interfaces/local/lib/python3.10/dist-packages/radar_interfaces/msg/_map_robot_data.py
[4.733s] -- Installing: /home/moci/radar_serial/install/radar_interfaces/local/lib/python3.10/dist-packages/radar_interfaces/msg/_radar_info_s.c
[4.734s] -- Installing: /home/moci/radar_serial/install/radar_interfaces/local/lib/python3.10/dist-packages/radar_interfaces/msg/_macro_status.py
[4.734s] -- Installing: /home/moci/radar_serial/install/radar_interfaces/local/lib/python3.10/dist-packages/radar_interfaces/msg/_buffs.py
[4.734s] -- Installing: /home/moci/radar_serial/install/radar_interfaces/local/lib/python3.10/dist-packages/radar_interfaces/msg/_radar_info.py
[4.734s] -- Installing: /home/moci/radar_serial/install/radar_interfaces/local/lib/python3.10/dist-packages/radar_interfaces/msg/_radar_mark_progress.py
[4.734s] -- Installing: /home/moci/radar_serial/install/radar_interfaces/local/lib/python3.10/dist-packages/radar_interfaces/msg/_enemy_ammo_s.c
[4.734s] -- Installing: /home/moci/radar_serial/install/radar_interfaces/local/lib/python3.10/dist-packages/radar_interfaces/msg/__init__.py
[4.734s] -- Installing: /home/moci/radar_serial/install/radar_interfaces/local/lib/python3.10/dist-packages/radar_interfaces/msg/_enemy_hp_s.c
[4.734s] -- Installing: /home/moci/radar_serial/install/radar_interfaces/local/lib/python3.10/dist-packages/radar_interfaces/msg/_map_robot_data_s.c
[4.734s] -- Installing: /home/moci/radar_serial/install/radar_interfaces/local/lib/python3.10/dist-packages/radar_interfaces/msg/_enemy_position_s.c
[4.734s] -- Installing: /home/moci/radar_serial/install/radar_interfaces/local/lib/python3.10/dist-packages/radar_interfaces/msg/_macro_status_s.c
[4.734s] -- Installing: /home/moci/radar_serial/install/radar_interfaces/local/lib/python3.10/dist-packages/radar_interfaces/_radar_interfaces_s.ep.rosidl_typesupport_introspection_c.c
[4.767s] Listing '/home/moci/radar_serial/install/radar_interfaces/local/lib/python3.10/dist-packages/radar_interfaces'...
[4.767s] Compiling '/home/moci/radar_serial/install/radar_interfaces/local/lib/python3.10/dist-packages/radar_interfaces/__init__.py'...
[4.768s] Listing '/home/moci/radar_serial/install/radar_interfaces/local/lib/python3.10/dist-packages/radar_interfaces/msg'...
[4.768s] Compiling '/home/moci/radar_serial/install/radar_interfaces/local/lib/python3.10/dist-packages/radar_interfaces/msg/__init__.py'...
[4.768s] Compiling '/home/moci/radar_serial/install/radar_interfaces/local/lib/python3.10/dist-packages/radar_interfaces/msg/_buffs.py'...
[4.768s] Compiling '/home/moci/radar_serial/install/radar_interfaces/local/lib/python3.10/dist-packages/radar_interfaces/msg/_enemy_ammo.py'...
[4.768s] Compiling '/home/moci/radar_serial/install/radar_interfaces/local/lib/python3.10/dist-packages/radar_interfaces/msg/_enemy_hp.py'...
[4.768s] Compiling '/home/moci/radar_serial/install/radar_interfaces/local/lib/python3.10/dist-packages/radar_interfaces/msg/_enemy_position.py'...
[4.768s] Compiling '/home/moci/radar_serial/install/radar_interfaces/local/lib/python3.10/dist-packages/radar_interfaces/msg/_interference_key.py'...
[4.768s] Compiling '/home/moci/radar_serial/install/radar_interfaces/local/lib/python3.10/dist-packages/radar_interfaces/msg/_macro_status.py'...
[4.768s] Compiling '/home/moci/radar_serial/install/radar_interfaces/local/lib/python3.10/dist-packages/radar_interfaces/msg/_map_robot_data.py'...
[4.768s] Compiling '/home/moci/radar_serial/install/radar_interfaces/local/lib/python3.10/dist-packages/radar_interfaces/msg/_radar_decision_command.py'...
[4.768s] Compiling '/home/moci/radar_serial/install/radar_interfaces/local/lib/python3.10/dist-packages/radar_interfaces/msg/_radar_info.py'...
[4.768s] Compiling '/home/moci/radar_serial/install/radar_interfaces/local/lib/python3.10/dist-packages/radar_interfaces/msg/_radar_mark_progress.py'...
[4.770s] -- Installing: /home/moci/radar_serial/install/radar_interfaces/local/lib/python3.10/dist-packages/radar_interfaces/radar_interfaces_s__rosidl_typesupport_fastrtps_c.cpython-310-x86_64-linux-gnu.so
[4.771s] -- Set runtime path of "/home/moci/radar_serial/install/radar_interfaces/local/lib/python3.10/dist-packages/radar_interfaces/radar_interfaces_s__rosidl_typesupport_fastrtps_c.cpython-310-x86_64-linux-gnu.so" to ""
[4.771s] -- Installing: /home/moci/radar_serial/install/radar_interfaces/local/lib/python3.10/dist-packages/radar_interfaces/radar_interfaces_s__rosidl_typesupport_introspection_c.cpython-310-x86_64-linux-gnu.so
[4.771s] -- Set runtime path of "/home/moci/radar_serial/install/radar_interfaces/local/lib/python3.10/dist-packages/radar_interfaces/radar_interfaces_s__rosidl_typesupport_introspection_c.cpython-310-x86_64-linux-gnu.so" to ""
[4.771s] -- Installing: /home/moci/radar_serial/install/radar_interfaces/local/lib/python3.10/dist-packages/radar_interfaces/radar_interfaces_s__rosidl_typesupport_c.cpython-310-x86_64-linux-gnu.so
[4.771s] -- Set runtime path of "/home/moci/radar_serial/install/radar_interfaces/local/lib/python3.10/dist-packages/radar_interfaces/radar_interfaces_s__rosidl_typesupport_c.cpython-310-x86_64-linux-gnu.so" to ""
[4.771s] -- Installing: /home/moci/radar_serial/install/radar_interfaces/lib/libradar_interfaces__rosidl_generator_py.so
[4.772s] -- Set runtime path of "/home/moci/radar_serial/install/radar_interfaces/lib/libradar_interfaces__rosidl_generator_py.so" to ""
[4.772s] -- Up-to-date: /home/moci/radar_serial/install/radar_interfaces/share/ament_index/resource_index/rust_packages/radar_interfaces
[4.772s] -- Up-to-date: /home/moci/radar_serial/install/radar_interfaces/share/radar_interfaces/rust
[4.772s] -- Installing: /home/moci/radar_serial/install/radar_interfaces/share/radar_interfaces/rust/Cargo.toml
[4.772s] -- Installing: /home/moci/radar_serial/install/radar_interfaces/share/radar_interfaces/rust/build.rs
[4.772s] -- Up-to-date: /home/moci/radar_serial/install/radar_interfaces/share/radar_interfaces/rust/src
[4.772s] -- Installing: /home/moci/radar_serial/install/radar_interfaces/share/radar_interfaces/rust/src/msg.rs
[4.772s] -- Installing: /home/moci/radar_serial/install/radar_interfaces/share/radar_interfaces/rust/src/lib.rs
[4.772s] -- Up-to-date: /home/moci/radar_serial/install/radar_interfaces/share/radar_interfaces/rust/src/msg
[4.772s] -- Installing: /home/moci/radar_serial/install/radar_interfaces/share/radar_interfaces/rust/src/msg/rmw.rs
[4.772s] -- Up-to-date: /home/moci/radar_serial/install/radar_interfaces/share/radar_interfaces/msg/EnemyPosition.idl
[4.772s] -- Up-to-date: /home/moci/radar_serial/install/radar_interfaces/share/radar_interfaces/msg/EnemyHP.idl
[4.772s] -- Up-to-date: /home/moci/radar_serial/install/radar_interfaces/share/radar_interfaces/msg/EnemyAmmo.idl
[4.773s] -- Up-to-date: /home/moci/radar_serial/install/radar_interfaces/share/radar_interfaces/msg/MacroStatus.idl
[4.773s] -- Up-to-date: /home/moci/radar_serial/install/radar_interfaces/share/radar_interfaces/msg/Buffs.idl
[4.773s] -- Up-to-date: /home/moci/radar_serial/install/radar_interfaces/share/radar_interfaces/msg/InterferenceKey.idl
[4.773s] -- Installing: /home/moci/radar_serial/install/radar_interfaces/share/radar_interfaces/msg/RadarMarkProgress.idl
[4.773s] -- Installing: /home/moci/radar_serial/install/radar_interfaces/share/radar_interfaces/msg/RadarInfo.idl
[4.773s] -- Installing: /home/moci/radar_serial/install/radar_interfaces/share/radar_interfaces/msg/MapRobotData.idl
[4.773s] -- Installing: /home/moci/radar_serial/install/radar_interfaces/share/radar_interfaces/msg/RadarDecisionCommand.idl
[4.773s] -- Up-to-date: /home/moci/radar_serial/install/radar_interfaces/share/radar_interfaces/msg/EnemyPosition.msg
[4.773s] -- Up-to-date: /home/moci/radar_serial/install/radar_interfaces/share/radar_interfaces/msg/EnemyHP.msg
[4.773s] -- Up-to-date: /home/moci/radar_serial/install/radar_interfaces/share/radar_interfaces/msg/EnemyAmmo.msg
[4.773s] -- Up-to-date: /home/moci/radar_serial/install/radar_interfaces/share/radar_interfaces/msg/MacroStatus.msg
[4.773s] -- Up-to-date: /home/moci/radar_serial/install/radar_interfaces/share/radar_interfaces/msg/Buffs.msg
[4.773s] -- Up-to-date: /home/moci/radar_serial/install/radar_interfaces/share/radar_interfaces/msg/InterferenceKey.msg
[4.773s] -- Installing: /home/moci/radar_serial/install/radar_interfaces/share/radar_interfaces/msg/RadarMarkProgress.msg
[4.773s] -- Installing: /home/moci/radar_serial/install/radar_interfaces/share/radar_interfaces/msg/RadarInfo.msg
[4.773s] -- Installing: /home/moci/radar_serial/install/radar_interfaces/share/radar_interfaces/msg/MapRobotData.msg
[4.773s] -- Installing: /home/moci/radar_serial/install/radar_interfaces/share/radar_interfaces/msg/RadarDecisionCommand.msg
[4.774s] -- Up-to-date: /home/moci/radar_serial/install/radar_interfaces/share/ament_index/resource_index/package_run_dependencies/radar_interfaces
[4.774s] -- Up-to-date: /home/moci/radar_serial/install/radar_interfaces/share/ament_index/resource_index/parent_prefix_path/radar_interfaces
[4.774s] -- Up-to-date: /home/moci/radar_serial/install/radar_interfaces/share/radar_interfaces/environment/ament_prefix_path.sh
[4.774s] -- Installing: /home/moci/radar_serial/install/radar_interfaces/share/radar_interfaces/environment/ament_prefix_path.dsv
[4.774s] -- Up-to-date: /home/moci/radar_serial/install/radar_interfaces/share/radar_interfaces/environment/path.sh
[4.774s] -- Installing: /home/moci/radar_serial/install/radar_interfaces/share/radar_interfaces/environment/path.dsv
[4.774s] -- Up-to-date: /home/moci/radar_serial/install/radar_interfaces/share/radar_interfaces/local_setup.bash
[4.774s] -- Up-to-date: /home/moci/radar_serial/install/radar_interfaces/share/radar_interfaces/local_setup.sh
[4.774s] -- Up-to-date: /home/moci/radar_serial/install/radar_interfaces/share/radar_interfaces/local_setup.zsh
[4.774s] -- Installing: /home/moci/radar_serial/install/radar_interfaces/share/radar_interfaces/local_setup.dsv
[4.774s] -- Installing: /home/moci/radar_serial/install/radar_interfaces/share/radar_interfaces/package.dsv
[4.775s] -- Up-to-date: /home/moci/radar_serial/install/radar_interfaces/share/ament_index/resource_index/packages/radar_interfaces
[4.775s] -- Up-to-date: /home/moci/radar_serial/install/radar_interfaces/share/radar_interfaces/cmake/export_radar_interfaces__rosidl_generator_cExport.cmake
[4.775s] -- Up-to-date: /home/moci/radar_serial/install/radar_interfaces/share/radar_interfaces/cmake/export_radar_interfaces__rosidl_generator_cExport-noconfig.cmake
[4.775s] -- Up-to-date: /home/moci/radar_serial/install/radar_interfaces/share/radar_interfaces/cmake/export_radar_interfaces__rosidl_typesupport_fastrtps_cExport.cmake
[4.775s] -- Up-to-date: /home/moci/radar_serial/install/radar_interfaces/share/radar_interfaces/cmake/export_radar_interfaces__rosidl_typesupport_fastrtps_cExport-noconfig.cmake
[4.775s] -- Up-to-date: /home/moci/radar_serial/install/radar_interfaces/share/radar_interfaces/cmake/radar_interfaces__rosidl_typesupport_introspection_cExport.cmake
[4.775s] -- Up-to-date: /home/moci/radar_serial/install/radar_interfaces/share/radar_interfaces/cmake/radar_interfaces__rosidl_typesupport_introspection_cExport-noconfig.cmake
[4.775s] -- Up-to-date: /home/moci/radar_serial/install/radar_interfaces/share/radar_interfaces/cmake/radar_interfaces__rosidl_typesupport_cExport.cmake
[4.775s] -- Up-to-date: /home/moci/radar_serial/install/radar_interfaces/share/radar_interfaces/cmake/radar_interfaces__rosidl_typesupport_cExport-noconfig.cmake
[4.775s] -- Up-to-date: /home/moci/radar_serial/install/radar_interfaces/share/radar_interfaces/cmake/export_radar_interfaces__rosidl_generator_cppExport.cmake
[4.776s] -- Up-to-date: /home/moci/radar_serial/install/radar_interfaces/share/radar_interfaces/cmake/export_radar_interfaces__rosidl_typesupport_fastrtps_cppExport.cmake
[4.776s] -- Up-to-date: /home/moci/radar_serial/install/radar_interfaces/share/radar_interfaces/cmake/export_radar_interfaces__rosidl_typesupport_fastrtps_cppExport-noconfig.cmake
[4.776s] -- Up-to-date: /home/moci/radar_serial/install/radar_interfaces/share/radar_interfaces/cmake/radar_interfaces__rosidl_typesupport_introspection_cppExport.cmake
[4.776s] -- Up-to-date: /home/moci/radar_serial/install/radar_interfaces/share/radar_interfaces/cmake/radar_interfaces__rosidl_typesupport_introspection_cppExport-noconfig.cmake
[4.776s] -- Up-to-date: /home/moci/radar_serial/install/radar_interfaces/share/radar_interfaces/cmake/radar_interfaces__rosidl_typesupport_cppExport.cmake
[4.776s] -- Up-to-date: /home/moci/radar_serial/install/radar_interfaces/share/radar_interfaces/cmake/radar_interfaces__rosidl_typesupport_cppExport-noconfig.cmake
[4.776s] -- Up-to-date: /home/moci/radar_serial/install/radar_interfaces/share/radar_interfaces/cmake/export_radar_interfaces__rosidl_generator_pyExport.cmake
[4.776s] -- Up-to-date: /home/moci/radar_serial/install/radar_interfaces/share/radar_interfaces/cmake/export_radar_interfaces__rosidl_generator_pyExport-noconfig.cmake
[4.776s] -- Installing: /home/moci/radar_serial/install/radar_interfaces/share/radar_interfaces/cmake/rosidl_cmake-extras.cmake
[4.776s] -- Up-to-date: /home/moci/radar_serial/install/radar_interfaces/share/radar_interfaces/cmake/ament_cmake_export_include_directories-extras.cmake
[4.776s] -- Up-to-date: /home/moci/radar_serial/install/radar_interfaces/share/radar_interfaces/cmake/ament_cmake_export_libraries-extras.cmake
[4.776s] -- Up-to-date: /home/moci/radar_serial/install/radar_interfaces/share/radar_interfaces/cmake/ament_cmake_export_targets-extras.cmake
[4.776s] -- Up-to-date: /home/moci/radar_serial/install/radar_interfaces/share/radar_interfaces/cmake/rosidl_cmake_export_typesupport_targets-extras.cmake
[4.776s] -- Up-to-date: /home/moci/radar_serial/install/radar_interfaces/share/radar_interfaces/cmake/ament_cmake_export_dependencies-extras.cmake
[4.776s] -- Up-to-date: /home/moci/radar_serial/install/radar_interfaces/share/radar_interfaces/cmake/rosidl_cmake_export_typesupport_libraries-extras.cmake
[4.776s] -- Up-to-date: /home/moci/radar_serial/install/radar_interfaces/share/radar_interfaces/cmake/radar_interfacesConfig.cmake
[4.776s] -- Up-to-date: /home/moci/radar_serial/install/radar_interfaces/share/radar_interfaces/cmake/radar_interfacesConfig-version.cmake
[4.776s] -- Up-to-date: /home/moci/radar_serial/install/radar_interfaces/share/radar_interfaces/package.xml
[4.777s] Invoked command in '/home/moci/radar_serial/build/radar_interfaces' returned '0': CMAKE_PREFIX_PATH=/opt/ros/humble /usr/local/bin/cmake --install /home/moci/radar_serial/build/radar_interfaces
