[0.071s] colcon DEBUG Command line arguments: ['/usr/bin/colcon', 'build', '--packages-select', 'radar_comm']
[0.071s] colcon DEBUG Parsed command line arguments: Namespace(log_base=None, log_level=None, verb_name='build', build_base='build', install_base='install', merge_install=False, symlink_install=False, test_result_base=None, continue_on_error=False, executor='parallel', parallel_workers=16, event_handlers=None, ignore_user_meta=False, metas=['./colcon.meta'], base_paths=['.'], packages_ignore=None, packages_ignore_regex=None, paths=None, packages_up_to=None, packages_up_to_regex=None, packages_above=None, packages_above_and_dependencies=None, packages_above_depth=None, packages_select_by_dep=None, packages_skip_by_dep=None, packages_skip_up_to=None, packages_select_build_failed=False, packages_skip_build_finished=False, packages_select_test_failures=False, packages_skip_test_passed=False, packages_select=['radar_comm'], packages_skip=None, packages_select_regex=None, packages_skip_regex=None, packages_start=None, packages_end=None, allow_overriding=[], cmake_args=None, cmake_target=None, cmake_target_skip_unavailable=False, cmake_clean_cache=False, cmake_clean_first=False, cmake_force_configure=False, ament_cmake_args=None, catkin_cmake_args=None, catkin_skip_building_tests=False, verb_parser=<colcon_defaults.argument_parser.defaults.DefaultArgumentsDecorator object at 0x7ec15e234670>, verb_extension=<colcon_core.verb.build.BuildVerb object at 0x7ec15e2340a0>, main=<bound method BuildVerb.main of <colcon_core.verb.build.BuildVerb object at 0x7ec15e2340a0>>)
[0.178s] colcon.colcon_core.package_discovery Level 1 discover_packages(colcon_meta) check parameters
[0.178s] colcon.colcon_core.package_discovery Level 1 discover_packages(recursive) check parameters
[0.178s] colcon.colcon_core.package_discovery Level 1 discover_packages(ignore) check parameters
[0.178s] colcon.colcon_core.package_discovery Level 1 discover_packages(path) check parameters
[0.178s] colcon.colcon_core.package_discovery Level 1 discover_packages(colcon_meta) discover
[0.178s] colcon.colcon_core.package_discovery Level 1 discover_packages(recursive) discover
[0.178s] colcon.colcon_core.package_discovery INFO Crawling recursively for packages in '/home/moci/radar_serial'
[0.178s] colcon.colcon_core.package_identification Level 1 _identify(.) by extensions ['ignore', 'ignore_ament_install']
[0.178s] colcon.colcon_core.package_identification Level 1 _identify(.) by extension 'ignore'
[0.178s] colcon.colcon_core.package_identification Level 1 _identify(.) by extension 'ignore_ament_install'
[0.178s] colcon.colcon_core.package_identification Level 1 _identify(.) by extensions ['colcon_pkg']
[0.178s] colcon.colcon_core.package_identification Level 1 _identify(.) by extension 'colcon_pkg'
[0.179s] colcon.colcon_core.package_identification Level 1 _identify(.) by extensions ['colcon_meta']
[0.179s] colcon.colcon_core.package_identification Level 1 _identify(.) by extension 'colcon_meta'
[0.179s] colcon.colcon_core.package_identification Level 1 _identify(.) by extensions ['ros']
[0.179s] colcon.colcon_core.package_identification Level 1 _identify(.) by extension 'ros'
[0.192s] colcon.colcon_core.package_identification Level 1 _identify(.) by extensions ['cmake', 'python']
[0.192s] colcon.colcon_core.package_identification Level 1 _identify(.) by extension 'cmake'
[0.192s] colcon.colcon_core.package_identification Level 1 _identify(.) by extension 'python'
[0.192s] colcon.colcon_core.package_identification Level 1 _identify(.) by extensions ['python_setup_py']
[0.192s] colcon.colcon_core.package_identification Level 1 _identify(.) by extension 'python_setup_py'
[0.192s] colcon.colcon_core.package_identification Level 1 _identify(build) by extensions ['ignore', 'ignore_ament_install']
[0.192s] colcon.colcon_core.package_identification Level 1 _identify(build) by extension 'ignore'
[0.192s] colcon.colcon_core.package_identification Level 1 _identify(build) ignored
[0.192s] colcon.colcon_core.package_identification Level 1 _identify(install) by extensions ['ignore', 'ignore_ament_install']
[0.192s] colcon.colcon_core.package_identification Level 1 _identify(install) by extension 'ignore'
[0.192s] colcon.colcon_core.package_identification Level 1 _identify(install) ignored
[0.192s] colcon.colcon_core.package_identification Level 1 _identify(log) by extensions ['ignore', 'ignore_ament_install']
[0.192s] colcon.colcon_core.package_identification Level 1 _identify(log) by extension 'ignore'
[0.192s] colcon.colcon_core.package_identification Level 1 _identify(log) ignored
[0.192s] colcon.colcon_core.package_identification Level 1 _identify(src) by extensions ['ignore', 'ignore_ament_install']
[0.192s] colcon.colcon_core.package_identification Level 1 _identify(src) by extension 'ignore'
[0.192s] colcon.colcon_core.package_identification Level 1 _identify(src) by extension 'ignore_ament_install'
[0.192s] colcon.colcon_core.package_identification Level 1 _identify(src) by extensions ['colcon_pkg']
[0.192s] colcon.colcon_core.package_identification Level 1 _identify(src) by extension 'colcon_pkg'
[0.192s] colcon.colcon_core.package_identification Level 1 _identify(src) by extensions ['colcon_meta']
[0.193s] colcon.colcon_core.package_identification Level 1 _identify(src) by extension 'colcon_meta'
[0.193s] colcon.colcon_core.package_identification Level 1 _identify(src) by extensions ['ros']
[0.193s] colcon.colcon_core.package_identification Level 1 _identify(src) by extension 'ros'
[0.193s] colcon.colcon_core.package_identification Level 1 _identify(src) by extensions ['cmake', 'python']
[0.193s] colcon.colcon_core.package_identification Level 1 _identify(src) by extension 'cmake'
[0.193s] colcon.colcon_core.package_identification Level 1 _identify(src) by extension 'python'
[0.193s] colcon.colcon_core.package_identification Level 1 _identify(src) by extensions ['python_setup_py']
[0.193s] colcon.colcon_core.package_identification Level 1 _identify(src) by extension 'python_setup_py'
[0.193s] colcon.colcon_core.package_identification Level 1 _identify(src/radar_comm) by extensions ['ignore', 'ignore_ament_install']
[0.193s] colcon.colcon_core.package_identification Level 1 _identify(src/radar_comm) by extension 'ignore'
[0.193s] colcon.colcon_core.package_identification Level 1 _identify(src/radar_comm) by extension 'ignore_ament_install'
[0.193s] colcon.colcon_core.package_identification Level 1 _identify(src/radar_comm) by extensions ['colcon_pkg']
[0.193s] colcon.colcon_core.package_identification Level 1 _identify(src/radar_comm) by extension 'colcon_pkg'
[0.193s] colcon.colcon_core.package_identification Level 1 _identify(src/radar_comm) by extensions ['colcon_meta']
[0.193s] colcon.colcon_core.package_identification Level 1 _identify(src/radar_comm) by extension 'colcon_meta'
[0.193s] colcon.colcon_core.package_identification Level 1 _identify(src/radar_comm) by extensions ['ros']
[0.193s] colcon.colcon_core.package_identification Level 1 _identify(src/radar_comm) by extension 'ros'
[0.194s] colcon.colcon_core.package_identification DEBUG Package 'src/radar_comm' with type 'ros.ament_cmake' and name 'radar_comm'
[0.194s] colcon.colcon_core.package_identification Level 1 _identify(src/radar_interfaces) by extensions ['ignore', 'ignore_ament_install']
[0.194s] colcon.colcon_core.package_identification Level 1 _identify(src/radar_interfaces) by extension 'ignore'
[0.194s] colcon.colcon_core.package_identification Level 1 _identify(src/radar_interfaces) by extension 'ignore_ament_install'
[0.194s] colcon.colcon_core.package_identification Level 1 _identify(src/radar_interfaces) by extensions ['colcon_pkg']
[0.194s] colcon.colcon_core.package_identification Level 1 _identify(src/radar_interfaces) by extension 'colcon_pkg'
[0.194s] colcon.colcon_core.package_identification Level 1 _identify(src/radar_interfaces) by extensions ['colcon_meta']
[0.195s] colcon.colcon_core.package_identification Level 1 _identify(src/radar_interfaces) by extension 'colcon_meta'
[0.195s] colcon.colcon_core.package_identification Level 1 _identify(src/radar_interfaces) by extensions ['ros']
[0.195s] colcon.colcon_core.package_identification Level 1 _identify(src/radar_interfaces) by extension 'ros'
[0.195s] colcon.colcon_core.package_identification DEBUG Package 'src/radar_interfaces' with type 'ros.ament_cmake' and name 'radar_interfaces'
[0.195s] colcon.colcon_core.package_identification Level 1 _identify(tools) by extensions ['ignore', 'ignore_ament_install']
[0.195s] colcon.colcon_core.package_identification Level 1 _identify(tools) by extension 'ignore'
[0.195s] colcon.colcon_core.package_identification Level 1 _identify(tools) by extension 'ignore_ament_install'
[0.195s] colcon.colcon_core.package_identification Level 1 _identify(tools) by extensions ['colcon_pkg']
[0.195s] colcon.colcon_core.package_identification Level 1 _identify(tools) by extension 'colcon_pkg'
[0.195s] colcon.colcon_core.package_identification Level 1 _identify(tools) by extensions ['colcon_meta']
[0.195s] colcon.colcon_core.package_identification Level 1 _identify(tools) by extension 'colcon_meta'
[0.195s] colcon.colcon_core.package_identification Level 1 _identify(tools) by extensions ['ros']
[0.195s] colcon.colcon_core.package_identification Level 1 _identify(tools) by extension 'ros'
[0.195s] colcon.colcon_core.package_identification Level 1 _identify(tools) by extensions ['cmake', 'python']
[0.195s] colcon.colcon_core.package_identification Level 1 _identify(tools) by extension 'cmake'
[0.195s] colcon.colcon_core.package_identification Level 1 _identify(tools) by extension 'python'
[0.195s] colcon.colcon_core.package_identification Level 1 _identify(tools) by extensions ['python_setup_py']
[0.195s] colcon.colcon_core.package_identification Level 1 _identify(tools) by extension 'python_setup_py'
[0.195s] colcon.colcon_core.package_discovery Level 1 discover_packages(recursive) using defaults
[0.195s] colcon.colcon_core.package_discovery Level 1 discover_packages(ignore) discover
[0.195s] colcon.colcon_core.package_discovery Level 1 discover_packages(ignore) using defaults
[0.195s] colcon.colcon_core.package_discovery Level 1 discover_packages(path) discover
[0.195s] colcon.colcon_core.package_discovery Level 1 discover_packages(path) using defaults
[0.206s] colcon.colcon_core.package_selection INFO Skipping not selected package 'radar_interfaces' in 'src/radar_interfaces'
[0.206s] colcon.colcon_core.package_discovery Level 1 discover_packages(prefix_path) check parameters
[0.206s] colcon.colcon_core.package_discovery Level 1 discover_packages(prefix_path) discover
[0.208s] colcon.colcon_installed_package_information.package_discovery DEBUG Found 376 installed packages in /opt/ros/humble
[0.209s] colcon.colcon_core.package_discovery Level 1 discover_packages(prefix_path) using defaults
[0.234s] colcon.colcon_core.verb Level 5 set package 'radar_comm' build argument 'cmake_args' from command line to 'None'
[0.234s] colcon.colcon_core.verb Level 5 set package 'radar_comm' build argument 'cmake_target' from command line to 'None'
[0.234s] colcon.colcon_core.verb Level 5 set package 'radar_comm' build argument 'cmake_target_skip_unavailable' from command line to 'False'
[0.234s] colcon.colcon_core.verb Level 5 set package 'radar_comm' build argument 'cmake_clean_cache' from command line to 'False'
[0.234s] colcon.colcon_core.verb Level 5 set package 'radar_comm' build argument 'cmake_clean_first' from command line to 'False'
[0.234s] colcon.colcon_core.verb Level 5 set package 'radar_comm' build argument 'cmake_force_configure' from command line to 'False'
[0.234s] colcon.colcon_core.verb Level 5 set package 'radar_comm' build argument 'ament_cmake_args' from command line to 'None'
[0.234s] colcon.colcon_core.verb Level 5 set package 'radar_comm' build argument 'catkin_cmake_args' from command line to 'None'
[0.234s] colcon.colcon_core.verb Level 5 set package 'radar_comm' build argument 'catkin_skip_building_tests' from command line to 'False'
[0.234s] colcon.colcon_core.verb DEBUG Building package 'radar_comm' with the following arguments: {'ament_cmake_args': None, 'build_base': '/home/moci/radar_serial/build/radar_comm', 'catkin_cmake_args': None, 'catkin_skip_building_tests': False, 'cmake_args': None, 'cmake_clean_cache': False, 'cmake_clean_first': False, 'cmake_force_configure': False, 'cmake_target': None, 'cmake_target_skip_unavailable': False, 'install_base': '/home/moci/radar_serial/install/radar_comm', 'merge_install': False, 'path': '/home/moci/radar_serial/src/radar_comm', 'symlink_install': False, 'test_result_base': None}
[0.234s] colcon.colcon_core.executor INFO Executing jobs using 'parallel' executor
[0.235s] colcon.colcon_parallel_executor.executor.parallel DEBUG run_until_complete
[0.235s] colcon.colcon_ros.task.ament_cmake.build INFO Building ROS package in '/home/moci/radar_serial/src/radar_comm' with build type 'ament_cmake'
[0.235s] colcon.colcon_cmake.task.cmake.build INFO Building CMake package in '/home/moci/radar_serial/src/radar_comm'
[0.237s] colcon.colcon_core.plugin_system INFO Skipping extension 'colcon_core.shell.bat': Not used on non-Windows systems
[0.237s] colcon.colcon_core.shell INFO Skip shell extension 'powershell' for command environment: Not usable outside of PowerShell
[0.237s] colcon.colcon_core.shell DEBUG Skip shell extension 'dsv' for command environment
[0.247s] colcon.colcon_core.event_handler.log_command DEBUG Invoking command in '/home/moci/radar_serial/build/radar_comm': AMENT_PREFIX_PATH=/home/moci/radar_serial/install/radar_interfaces:${AMENT_PREFIX_PATH} CMAKE_PREFIX_PATH=/home/moci/radar_serial/install/radar_interfaces:/opt/ros/humble LD_LIBRARY_PATH=/home/moci/radar_serial/install/radar_interfaces/lib:/opt/MVS/lib/64:/opt/MVS/lib/32:/opt/MVS/lib/64:/opt/MVS/lib/32:/opt/MVS/lib:/opt/MVS/lib/64:/opt/MVS/lib/32:/usr/lib/x86_64-linux-gnu/gazebo-11/plugins:/opt/ros/humble/opt/rviz_ogre_vendor/lib:/opt/ros/humble/lib/x86_64-linux-gnu:/opt/ros/humble/opt/openvdb_vendor/lib:/opt/ros/humble/lib:/opt/MVS/lib/64:/opt/MVS/lib/32:/usr/local/cuda-12.2/lib64:/opt/MVS/lib/64:/opt/MVS/lib/32:/opt/MVS/lib:/opt/MVS/lib/64:/opt/MVS/lib/32:/opt/MVS/lib/64:/opt/MVS/lib/32:/opt/MVS/lib:/usr/local/TensorRT-10.6.0.26/lib PYTHONPATH=/home/moci/radar_serial/install/radar_interfaces/local/lib/python3.10/dist-packages:${PYTHONPATH} /usr/local/bin/cmake --build /home/moci/radar_serial/build/radar_comm -- -j16 -l16
[30.267s] colcon.colcon_core.event_handler.log_command DEBUG Invoked command in '/home/moci/radar_serial/build/radar_comm' returned '0': AMENT_PREFIX_PATH=/home/moci/radar_serial/install/radar_interfaces:${AMENT_PREFIX_PATH} CMAKE_PREFIX_PATH=/home/moci/radar_serial/install/radar_interfaces:/opt/ros/humble LD_LIBRARY_PATH=/home/moci/radar_serial/install/radar_interfaces/lib:/opt/MVS/lib/64:/opt/MVS/lib/32:/opt/MVS/lib/64:/opt/MVS/lib/32:/opt/MVS/lib:/opt/MVS/lib/64:/opt/MVS/lib/32:/usr/lib/x86_64-linux-gnu/gazebo-11/plugins:/opt/ros/humble/opt/rviz_ogre_vendor/lib:/opt/ros/humble/lib/x86_64-linux-gnu:/opt/ros/humble/opt/openvdb_vendor/lib:/opt/ros/humble/lib:/opt/MVS/lib/64:/opt/MVS/lib/32:/usr/local/cuda-12.2/lib64:/opt/MVS/lib/64:/opt/MVS/lib/32:/opt/MVS/lib:/opt/MVS/lib/64:/opt/MVS/lib/32:/opt/MVS/lib/64:/opt/MVS/lib/32:/opt/MVS/lib:/usr/local/TensorRT-10.6.0.26/lib PYTHONPATH=/home/moci/radar_serial/install/radar_interfaces/local/lib/python3.10/dist-packages:${PYTHONPATH} /usr/local/bin/cmake --build /home/moci/radar_serial/build/radar_comm -- -j16 -l16
[30.273s] colcon.colcon_core.event_handler.log_command DEBUG Invoking command in '/home/moci/radar_serial/build/radar_comm': AMENT_PREFIX_PATH=/home/moci/radar_serial/install/radar_interfaces:${AMENT_PREFIX_PATH} CMAKE_PREFIX_PATH=/home/moci/radar_serial/install/radar_interfaces:/opt/ros/humble LD_LIBRARY_PATH=/home/moci/radar_serial/install/radar_interfaces/lib:/opt/MVS/lib/64:/opt/MVS/lib/32:/opt/MVS/lib/64:/opt/MVS/lib/32:/opt/MVS/lib:/opt/MVS/lib/64:/opt/MVS/lib/32:/usr/lib/x86_64-linux-gnu/gazebo-11/plugins:/opt/ros/humble/opt/rviz_ogre_vendor/lib:/opt/ros/humble/lib/x86_64-linux-gnu:/opt/ros/humble/opt/openvdb_vendor/lib:/opt/ros/humble/lib:/opt/MVS/lib/64:/opt/MVS/lib/32:/usr/local/cuda-12.2/lib64:/opt/MVS/lib/64:/opt/MVS/lib/32:/opt/MVS/lib:/opt/MVS/lib/64:/opt/MVS/lib/32:/opt/MVS/lib/64:/opt/MVS/lib/32:/opt/MVS/lib:/usr/local/TensorRT-10.6.0.26/lib PYTHONPATH=/home/moci/radar_serial/install/radar_interfaces/local/lib/python3.10/dist-packages:${PYTHONPATH} /usr/local/bin/cmake --install /home/moci/radar_serial/build/radar_comm
[30.282s] colcon.colcon_core.environment Level 1 create_environment_scripts_only(radar_comm)
[30.283s] colcon.colcon_core.event_handler.log_command DEBUG Invoked command in '/home/moci/radar_serial/build/radar_comm' returned '0': AMENT_PREFIX_PATH=/home/moci/radar_serial/install/radar_interfaces:${AMENT_PREFIX_PATH} CMAKE_PREFIX_PATH=/home/moci/radar_serial/install/radar_interfaces:/opt/ros/humble LD_LIBRARY_PATH=/home/moci/radar_serial/install/radar_interfaces/lib:/opt/MVS/lib/64:/opt/MVS/lib/32:/opt/MVS/lib/64:/opt/MVS/lib/32:/opt/MVS/lib:/opt/MVS/lib/64:/opt/MVS/lib/32:/usr/lib/x86_64-linux-gnu/gazebo-11/plugins:/opt/ros/humble/opt/rviz_ogre_vendor/lib:/opt/ros/humble/lib/x86_64-linux-gnu:/opt/ros/humble/opt/openvdb_vendor/lib:/opt/ros/humble/lib:/opt/MVS/lib/64:/opt/MVS/lib/32:/usr/local/cuda-12.2/lib64:/opt/MVS/lib/64:/opt/MVS/lib/32:/opt/MVS/lib:/opt/MVS/lib/64:/opt/MVS/lib/32:/opt/MVS/lib/64:/opt/MVS/lib/32:/opt/MVS/lib:/usr/local/TensorRT-10.6.0.26/lib PYTHONPATH=/home/moci/radar_serial/install/radar_interfaces/local/lib/python3.10/dist-packages:${PYTHONPATH} /usr/local/bin/cmake --install /home/moci/radar_serial/build/radar_comm
[30.284s] colcon.colcon_core.environment Level 1 checking '/home/moci/radar_serial/install/radar_comm' for CMake module files
[30.284s] colcon.colcon_core.environment Level 1 checking '/home/moci/radar_serial/install/radar_comm' for CMake config files
[30.284s] colcon.colcon_core.shell Level 1 create_environment_hook('radar_comm', 'cmake_prefix_path')
[30.284s] colcon.colcon_core.shell INFO Creating environment hook '/home/moci/radar_serial/install/radar_comm/share/radar_comm/hook/cmake_prefix_path.ps1'
[30.285s] colcon.colcon_core.shell INFO Creating environment descriptor '/home/moci/radar_serial/install/radar_comm/share/radar_comm/hook/cmake_prefix_path.dsv'
[30.285s] colcon.colcon_core.shell INFO Creating environment hook '/home/moci/radar_serial/install/radar_comm/share/radar_comm/hook/cmake_prefix_path.sh'
[30.285s] colcon.colcon_core.environment Level 1 checking '/home/moci/radar_serial/install/radar_comm/lib'
[30.285s] colcon.colcon_core.environment Level 1 checking '/home/moci/radar_serial/install/radar_comm/bin'
[30.285s] colcon.colcon_core.environment Level 1 checking '/home/moci/radar_serial/install/radar_comm/lib/pkgconfig/radar_comm.pc'
[30.286s] colcon.colcon_core.environment Level 1 checking '/home/moci/radar_serial/install/radar_comm/lib/python3.10/site-packages'
[30.286s] colcon.colcon_core.environment Level 1 checking '/home/moci/radar_serial/install/radar_comm/bin'
[30.286s] colcon.colcon_core.shell INFO Creating package script '/home/moci/radar_serial/install/radar_comm/share/radar_comm/package.ps1'
[30.287s] colcon.colcon_core.shell INFO Creating package descriptor '/home/moci/radar_serial/install/radar_comm/share/radar_comm/package.dsv'
[30.287s] colcon.colcon_core.shell INFO Creating package script '/home/moci/radar_serial/install/radar_comm/share/radar_comm/package.sh'
[30.287s] colcon.colcon_core.shell INFO Creating package script '/home/moci/radar_serial/install/radar_comm/share/radar_comm/package.bash'
[30.288s] colcon.colcon_core.shell INFO Creating package script '/home/moci/radar_serial/install/radar_comm/share/radar_comm/package.zsh'
[30.288s] colcon.colcon_core.environment Level 1 create_file_with_runtime_dependencies(/home/moci/radar_serial/install/radar_comm/share/colcon-core/packages/radar_comm)
[30.288s] colcon.colcon_core.environment Level 1 create_environment_scripts_only(radar_comm)
[30.288s] colcon.colcon_core.environment Level 1 checking '/home/moci/radar_serial/install/radar_comm' for CMake module files
[30.289s] colcon.colcon_core.environment Level 1 checking '/home/moci/radar_serial/install/radar_comm' for CMake config files
[30.289s] colcon.colcon_core.shell Level 1 create_environment_hook('radar_comm', 'cmake_prefix_path')
[30.289s] colcon.colcon_core.shell INFO Creating environment hook '/home/moci/radar_serial/install/radar_comm/share/radar_comm/hook/cmake_prefix_path.ps1'
[30.289s] colcon.colcon_core.shell INFO Creating environment descriptor '/home/moci/radar_serial/install/radar_comm/share/radar_comm/hook/cmake_prefix_path.dsv'
[30.289s] colcon.colcon_core.shell INFO Creating environment hook '/home/moci/radar_serial/install/radar_comm/share/radar_comm/hook/cmake_prefix_path.sh'
[30.289s] colcon.colcon_core.environment Level 1 checking '/home/moci/radar_serial/install/radar_comm/lib'
[30.290s] colcon.colcon_core.environment Level 1 checking '/home/moci/radar_serial/install/radar_comm/bin'
[30.290s] colcon.colcon_core.environment Level 1 checking '/home/moci/radar_serial/install/radar_comm/lib/pkgconfig/radar_comm.pc'
[30.290s] colcon.colcon_core.environment Level 1 checking '/home/moci/radar_serial/install/radar_comm/lib/python3.10/site-packages'
[30.290s] colcon.colcon_core.environment Level 1 checking '/home/moci/radar_serial/install/radar_comm/bin'
[30.290s] colcon.colcon_core.shell INFO Creating package script '/home/moci/radar_serial/install/radar_comm/share/radar_comm/package.ps1'
[30.290s] colcon.colcon_core.shell INFO Creating package descriptor '/home/moci/radar_serial/install/radar_comm/share/radar_comm/package.dsv'
[30.291s] colcon.colcon_core.shell INFO Creating package script '/home/moci/radar_serial/install/radar_comm/share/radar_comm/package.sh'
[30.291s] colcon.colcon_core.shell INFO Creating package script '/home/moci/radar_serial/install/radar_comm/share/radar_comm/package.bash'
[30.291s] colcon.colcon_core.shell INFO Creating package script '/home/moci/radar_serial/install/radar_comm/share/radar_comm/package.zsh'
[30.291s] colcon.colcon_core.environment Level 1 create_file_with_runtime_dependencies(/home/moci/radar_serial/install/radar_comm/share/colcon-core/packages/radar_comm)
[30.291s] colcon.colcon_parallel_executor.executor.parallel DEBUG closing loop
[30.292s] colcon.colcon_parallel_executor.executor.parallel DEBUG loop closed
[30.292s] colcon.colcon_parallel_executor.executor.parallel DEBUG run_until_complete finished with '0'
[30.292s] colcon.colcon_core.event_reactor DEBUG joining thread
[30.296s] colcon.colcon_core.plugin_system INFO Skipping extension 'colcon_notification.desktop_notification.terminal_notifier': Not used on non-Darwin systems
[30.296s] colcon.colcon_core.plugin_system INFO Skipping extension 'colcon_notification.desktop_notification.win32': Not used on non-Windows systems
[30.296s] colcon.colcon_notification.desktop_notification INFO Sending desktop notification using 'notify2'
[30.296s] colcon.colcon_notification.desktop_notification.notify2 DEBUG Failed to initialize notify2: org.freedesktop.DBus.Error.AccessDenied: Failed to connect to socket /run/user/1000/bus: Operation not permitted
[30.296s] colcon.colcon_core.event_reactor DEBUG joined thread
[30.297s] colcon.colcon_core.shell INFO Creating prefix script '/home/moci/radar_serial/install/local_setup.ps1'
[30.298s] colcon.colcon_core.shell INFO Creating prefix util module '/home/moci/radar_serial/install/_local_setup_util_ps1.py'
[30.299s] colcon.colcon_core.shell INFO Creating prefix chain script '/home/moci/radar_serial/install/setup.ps1'
[30.299s] colcon.colcon_core.shell INFO Creating prefix script '/home/moci/radar_serial/install/local_setup.sh'
[30.300s] colcon.colcon_core.shell INFO Creating prefix util module '/home/moci/radar_serial/install/_local_setup_util_sh.py'
[30.300s] colcon.colcon_core.shell INFO Creating prefix chain script '/home/moci/radar_serial/install/setup.sh'
[30.300s] colcon.colcon_core.shell INFO Creating prefix script '/home/moci/radar_serial/install/local_setup.bash'
[30.301s] colcon.colcon_core.shell INFO Creating prefix chain script '/home/moci/radar_serial/install/setup.bash'
[30.301s] colcon.colcon_core.shell INFO Creating prefix script '/home/moci/radar_serial/install/local_setup.zsh'
[30.301s] colcon.colcon_core.shell INFO Creating prefix chain script '/home/moci/radar_serial/install/setup.zsh'
