-- The C compiler identification is GNU 11.4.0
-- The CXX compiler identification is GNU 11.4.0
-- Detecting C compiler ABI info
-- Detecting C compiler ABI info - done
-- Check for working C compiler: /usr/bin/cc - skipped
-- Detecting C compile features
-- Detecting C compile features - done
-- Detecting CXX compiler ABI info
-- Detecting CXX compiler ABI info - done
-- Check for working CXX compiler: /usr/bin/c++ - skipped
-- Detecting CXX compile features
-- Detecting CXX compile features - done
-- Found ament_cmake: 1.3.14 (/opt/ros/humble/share/ament_cmake/cmake)
-- Found Python3: /usr/bin/python3 (found version "3.10.12") found components: Interpreter 
-- Found rclcpp: 16.0.19 (/opt/ros/humble/share/rclcpp/cmake)
-- Found rosidl_generator_c: 3.1.8 (/opt/ros/humble/share/rosidl_generator_c/cmake)
-- Found rosidl_adapter: 3.1.8 (/opt/ros/humble/share/rosidl_adapter/cmake)
-- Found rosidl_generator_cpp: 3.1.8 (/opt/ros/humble/share/rosidl_generator_cpp/cmake)
-- Using all available rosidl_typesupport_c: rosidl_typesupport_fastrtps_c;rosidl_typesupport_introspection_c
-- Using all available rosidl_typesupport_cpp: rosidl_typesupport_fastrtps_cpp;rosidl_typesupport_introspection_cpp
-- Found rmw_implementation_cmake: 6.1.2 (/opt/ros/humble/share/rmw_implementation_cmake/cmake)
-- Found rmw_fastrtps_cpp: 6.2.10 (/opt/ros/humble/share/rmw_fastrtps_cpp/cmake)
-- Found OpenSSL: /usr/lib/x86_64-linux-gnu/libcrypto.so (found version "3.0.2")  
-- Found FastRTPS: /opt/ros/humble/include  
-- Using RMW implementation 'rmw_fastrtps_cpp' as default
-- Performing Test CMAKE_HAVE_LIBC_PTHREAD
-- Performing Test CMAKE_HAVE_LIBC_PTHREAD - Success
-- Found Threads: TRUE  
-- Found ament_lint_auto: 0.12.15 (/opt/ros/humble/share/ament_lint_auto/cmake)
-- Added test 'cppcheck' to perform static code analysis on C / C++ code
-- Configured cppcheck include dirs: /home/moci/wust_rm/radar_serial/src/radar_comm/include
-- Configured cppcheck exclude dirs and/or files: 
-- Added test 'lint_cmake' to check CMake code style
-- Added test 'uncrustify' to check C / C++ code style
-- Configured uncrustify additional arguments: 
-- Added test 'xmllint' to check XML markup files
-- Configuring done (0.8s)
-- Generating done (0.0s)
-- Build files have been written to: /home/moci/wust_rm/radar_serial/build/radar_comm
[ 20%] [32mBuilding CXX object CMakeFiles/test_parser.dir/test/test_parser.cpp.o[0m
[ 40%] [32mBuilding CXX object CMakeFiles/test_parser.dir/src/protocol/parser.cpp.o[0m
[ 60%] [32mBuilding CXX object CMakeFiles/test_parser.dir/src/protocol/decoder.cpp.o[0m
[ 80%] [32mBuilding CXX object CMakeFiles/test_parser.dir/src/protocol/crc.cpp.o[0m
[01m[K/home/moci/wust_rm/radar_serial/src/radar_comm/src/protocol/parser.cpp:1:10:[m[K [01;31m[Kfatal error: [m[Kparser.hpp: 没有那个文件或目录
    1 | #include [01;31m[K"parser.hpp"[m[K
      |          [01;31m[K^~~~~~~~~~~~[m[K
compilation terminated.
[01m[K/home/moci/wust_rm/radar_serial/src/radar_comm/src/protocol/decoder.cpp:1:10:[m[K [01;31m[Kfatal error: [m[Kdecoder.hpp: 没有那个文件或目录
    1 | #include [01;31m[K"decoder.hpp"[m[K
      |          [01;31m[K^~~~~~~~~~~~~[m[K
compilation terminated.
gmake[2]: *** [CMakeFiles/test_parser.dir/build.make:118：CMakeFiles/test_parser.dir/src/protocol/decoder.cpp.o] 错误 1
gmake[2]: *** 正在等待未完成的任务....
gmake[2]: *** [CMakeFiles/test_parser.dir/build.make:90：CMakeFiles/test_parser.dir/src/protocol/parser.cpp.o] 错误 1
[01m[K/home/moci/wust_rm/radar_serial/src/radar_comm/src/protocol/crc.cpp:76:27:[m[K [01;31m[Kerror: [m[Kexpected ‘[01m[K}[m[K’ before ‘[01m[K;[m[K’ token
   76 |     0x2c6a, 0x1ef1, 0x0f78[01;31m[K;[m[K
      |                           [01;31m[K^[m[K
[01m[K/home/moci/wust_rm/radar_serial/src/radar_comm/src/protocol/crc.cpp:47:40:[m[K [01;36m[Knote: [m[Kto match this ‘[01m[K{[m[K’
   47 | static const uint16_t CRC16_TAB[256] = [01;36m[K{[m[K
      |                                        [01;36m[K^[m[K
gmake[2]: *** [CMakeFiles/test_parser.dir/build.make:104：CMakeFiles/test_parser.dir/src/protocol/crc.cpp.o] 错误 1
gmake[1]: *** [CMakeFiles/Makefile2:137：CMakeFiles/test_parser.dir/all] 错误 2
gmake: *** [Makefile:146：all] 错误 2
