[0.008s] Invoking command in '/home/moci/wust_rm/radar_serial/build/radar_comm': CMAKE_PREFIX_PATH=${CMAKE_PREFIX_PATH}:/opt/ros/humble /usr/local/bin/cmake /home/moci/wust_rm/radar_serial/src/radar_comm -DCMAKE_INSTALL_PREFIX=/home/moci/wust_rm/radar_serial/install/radar_comm
[0.046s] -- The C compiler identification is GNU 11.4.0
[0.087s] -- The CXX compiler identification is GNU 11.4.0
[0.102s] -- Detecting C compiler ABI info
[0.155s] -- Detecting C compiler ABI info - done
[0.162s] -- Check for working C compiler: /usr/bin/cc - skipped
[0.162s] -- Detecting C compile features
[0.163s] -- Detecting C compile features - done
[0.171s] -- Detecting CXX compiler ABI info
[0.233s] -- Detecting CXX compiler ABI info - done
[0.239s] -- Check for working CXX compiler: /usr/bin/c++ - skipped
[0.239s] -- Detecting CXX compile features
[0.240s] -- Detecting CXX compile features - done
[0.242s] -- Found ament_cmake: 1.3.14 (/opt/ros/humble/share/ament_cmake/cmake)
[0.331s] -- Found Python3: /usr/bin/python3 (found version "3.10.12") found components: Interpreter 
[0.390s] -- Found rclcpp: 16.0.19 (/opt/ros/humble/share/rclcpp/cmake)
[0.422s] -- Found rosidl_generator_c: 3.1.8 (/opt/ros/humble/share/rosidl_generator_c/cmake)
[0.425s] -- Found rosidl_adapter: 3.1.8 (/opt/ros/humble/share/rosidl_adapter/cmake)
[0.431s] -- Found rosidl_generator_cpp: 3.1.8 (/opt/ros/humble/share/rosidl_generator_cpp/cmake)
[0.440s] -- Using all available rosidl_typesupport_c: rosidl_typesupport_fastrtps_c;rosidl_typesupport_introspection_c
[0.452s] -- Using all available rosidl_typesupport_cpp: rosidl_typesupport_fastrtps_cpp;rosidl_typesupport_introspection_cpp
[0.485s] -- Found rmw_implementation_cmake: 6.1.2 (/opt/ros/humble/share/rmw_implementation_cmake/cmake)
[0.487s] -- Found rmw_fastrtps_cpp: 6.2.10 (/opt/ros/humble/share/rmw_fastrtps_cpp/cmake)
[0.564s] -- Found OpenSSL: /usr/lib/x86_64-linux-gnu/libcrypto.so (found version "3.0.2")  
[0.589s] -- Found FastRTPS: /opt/ros/humble/include  
[0.629s] -- Using RMW implementation 'rmw_fastrtps_cpp' as default
[0.635s] -- Performing Test CMAKE_HAVE_LIBC_PTHREAD
[0.692s] -- Performing Test CMAKE_HAVE_LIBC_PTHREAD - Success
[0.693s] -- Found Threads: TRUE  
[0.739s] -- Found ament_lint_auto: 0.12.15 (/opt/ros/humble/share/ament_lint_auto/cmake)
[0.790s] -- Added test 'cppcheck' to perform static code analysis on C / C++ code
[0.790s] -- Configured cppcheck include dirs: /home/moci/wust_rm/radar_serial/src/radar_comm/include
[0.790s] -- Configured cppcheck exclude dirs and/or files: 
[0.791s] -- Added test 'lint_cmake' to check CMake code style
[0.793s] -- Added test 'uncrustify' to check C / C++ code style
[0.793s] -- Configured uncrustify additional arguments: 
[0.793s] -- Added test 'xmllint' to check XML markup files
[0.794s] -- Configuring done (0.8s)
[0.801s] -- Generating done (0.0s)
[0.803s] -- Build files have been written to: /home/moci/wust_rm/radar_serial/build/radar_comm
[0.812s] Invoked command in '/home/moci/wust_rm/radar_serial/build/radar_comm' returned '0': CMAKE_PREFIX_PATH=${CMAKE_PREFIX_PATH}:/opt/ros/humble /usr/local/bin/cmake /home/moci/wust_rm/radar_serial/src/radar_comm -DCMAKE_INSTALL_PREFIX=/home/moci/wust_rm/radar_serial/install/radar_comm
[0.812s] Invoking command in '/home/moci/wust_rm/radar_serial/build/radar_comm': CMAKE_PREFIX_PATH=${CMAKE_PREFIX_PATH}:/opt/ros/humble /usr/local/bin/cmake --build /home/moci/wust_rm/radar_serial/build/radar_comm -- -j16 -l16
[0.832s] [ 20%] [32mBuilding CXX object CMakeFiles/test_parser.dir/test/test_parser.cpp.o[0m
[0.832s] [ 40%] [32mBuilding CXX object CMakeFiles/test_parser.dir/src/protocol/parser.cpp.o[0m
[0.832s] [ 60%] [32mBuilding CXX object CMakeFiles/test_parser.dir/src/protocol/decoder.cpp.o[0m
[0.833s] [ 80%] [32mBuilding CXX object CMakeFiles/test_parser.dir/src/protocol/crc.cpp.o[0m
[0.839s] [01m[K/home/moci/wust_rm/radar_serial/src/radar_comm/src/protocol/parser.cpp:1:10:[m[K [01;31m[Kfatal error: [m[Kparser.hpp: 没有那个文件或目录
[0.839s]     1 | #include [01;31m[K"parser.hpp"[m[K
[0.839s]       |          [01;31m[K^~~~~~~~~~~~[m[K
[0.839s] compilation terminated.
[0.839s] [01m[K/home/moci/wust_rm/radar_serial/src/radar_comm/src/protocol/decoder.cpp:1:10:[m[K [01;31m[Kfatal error: [m[Kdecoder.hpp: 没有那个文件或目录
[0.839s]     1 | #include [01;31m[K"decoder.hpp"[m[K
[0.840s]       |          [01;31m[K^~~~~~~~~~~~~[m[K
[0.840s] compilation terminated.
[0.840s] gmake[2]: *** [CMakeFiles/test_parser.dir/build.make:118：CMakeFiles/test_parser.dir/src/protocol/decoder.cpp.o] 错误 1
[0.840s] gmake[2]: *** 正在等待未完成的任务....
[0.840s] gmake[2]: *** [CMakeFiles/test_parser.dir/build.make:90：CMakeFiles/test_parser.dir/src/protocol/parser.cpp.o] 错误 1
[0.845s] [01m[K/home/moci/wust_rm/radar_serial/src/radar_comm/src/protocol/crc.cpp:76:27:[m[K [01;31m[Kerror: [m[Kexpected ‘[01m[K}[m[K’ before ‘[01m[K;[m[K’ token
[0.845s]    76 |     0x2c6a, 0x1ef1, 0x0f78[01;31m[K;[m[K
[0.845s]       |                           [01;31m[K^[m[K
[0.845s] [01m[K/home/moci/wust_rm/radar_serial/src/radar_comm/src/protocol/crc.cpp:47:40:[m[K [01;36m[Knote: [m[Kto match this ‘[01m[K{[m[K’
[0.845s]    47 | static const uint16_t CRC16_TAB[256] = [01;36m[K{[m[K
[0.845s]       |                                        [01;36m[K^[m[K
[0.846s] gmake[2]: *** [CMakeFiles/test_parser.dir/build.make:104：CMakeFiles/test_parser.dir/src/protocol/crc.cpp.o] 错误 1
[1.051s] gmake[1]: *** [CMakeFiles/Makefile2:137：CMakeFiles/test_parser.dir/all] 错误 2
[1.051s] gmake: *** [Makefile:146：all] 错误 2
[1.053s] Invoked command in '/home/moci/wust_rm/radar_serial/build/radar_comm' returned '2': CMAKE_PREFIX_PATH=${CMAKE_PREFIX_PATH}:/opt/ros/humble /usr/local/bin/cmake --build /home/moci/wust_rm/radar_serial/build/radar_comm -- -j16 -l16
