[ 33%] Built target test_parser
[ 66%] Built target test_serial
[ 72%] [32mBuilding CXX object CMakeFiles/serial_node.dir/src/ros/serial_node.cpp.o[0m
[ 77%] [32m[1mLinking CXX executable serial_node[0m
[100%] Built target serial_node
-- Install configuration: ""
-- Up-to-date: /home/moci/radar_serial/install/radar_comm/lib/radar_comm/test_parser
-- Up-to-date: /home/moci/radar_serial/install/radar_comm/lib/radar_comm/test_serial
-- Installing: /home/moci/radar_serial/install/radar_comm/lib/radar_comm/serial_node
-- Set runtime path of "/home/moci/radar_serial/install/radar_comm/lib/radar_comm/serial_node" to ""
-- Up-to-date: /home/moci/radar_serial/install/radar_comm/share/ament_index/resource_index/package_run_dependencies/radar_comm
-- Up-to-date: /home/moci/radar_serial/install/radar_comm/share/ament_index/resource_index/parent_prefix_path/radar_comm
-- Up-to-date: /home/moci/radar_serial/install/radar_comm/share/radar_comm/environment/ament_prefix_path.sh
-- Up-to-date: /home/moci/radar_serial/install/radar_comm/share/radar_comm/environment/ament_prefix_path.dsv
-- Up-to-date: /home/moci/radar_serial/install/radar_comm/share/radar_comm/environment/path.sh
-- Up-to-date: /home/moci/radar_serial/install/radar_comm/share/radar_comm/environment/path.dsv
-- Up-to-date: /home/moci/radar_serial/install/radar_comm/share/radar_comm/local_setup.bash
-- Up-to-date: /home/moci/radar_serial/install/radar_comm/share/radar_comm/local_setup.sh
-- Up-to-date: /home/moci/radar_serial/install/radar_comm/share/radar_comm/local_setup.zsh
-- Up-to-date: /home/moci/radar_serial/install/radar_comm/share/radar_comm/local_setup.dsv
-- Installing: /home/moci/radar_serial/install/radar_comm/share/radar_comm/package.dsv
-- Up-to-date: /home/moci/radar_serial/install/radar_comm/share/ament_index/resource_index/packages/radar_comm
-- Up-to-date: /home/moci/radar_serial/install/radar_comm/share/radar_comm/cmake/radar_commConfig.cmake
-- Up-to-date: /home/moci/radar_serial/install/radar_comm/share/radar_comm/cmake/radar_commConfig-version.cmake
-- Up-to-date: /home/moci/radar_serial/install/radar_comm/share/radar_comm/package.xml
