-- Found ament_cmake: 1.3.14 (/opt/ros/humble/share/ament_cmake/cmake)
-- Found rclcpp: 16.0.19 (/opt/ros/humble/share/rclcpp/cmake)
-- Found rosidl_generator_c: 3.1.8 (/opt/ros/humble/share/rosidl_generator_c/cmake)
-- Found rosidl_adapter: 3.1.8 (/opt/ros/humble/share/rosidl_adapter/cmake)
-- Found rosidl_generator_cpp: 3.1.8 (/opt/ros/humble/share/rosidl_generator_cpp/cmake)
-- Using all available rosidl_typesupport_c: rosidl_typesupport_fastrtps_c;rosidl_typesupport_introspection_c
-- Using all available rosidl_typesupport_cpp: rosidl_typesupport_fastrtps_cpp;rosidl_typesupport_introspection_cpp
-- Found rmw_implementation_cmake: 6.1.2 (/opt/ros/humble/share/rmw_implementation_cmake/cmake)
-- Found rmw_fastrtps_cpp: 6.2.10 (/opt/ros/humble/share/rmw_fastrtps_cpp/cmake)
-- Using RMW implementation 'rmw_fastrtps_cpp' as default
-- Found radar_interfaces: 0.1.0 (/home/moci/radar_serial/install/radar_interfaces/share/radar_interfaces/cmake)
-- Configuring done (0.4s)
-- Generating done (0.0s)
-- Build files have been written to: /home/moci/radar_serial/build/radar_comm
[  3%] Building CXX object CMakeFiles/test_parser.dir/test/test_parser.cpp.o
[  7%] Building CXX object CMakeFiles/test_parser.dir/src/protocol/encoder.cpp.o
[ 11%] Building CXX object CMakeFiles/test_parser.dir/src/protocol/parser.cpp.o
[ 14%] Building CXX object CMakeFiles/test_parser.dir/src/protocol/decoder.cpp.o
[ 18%] Building CXX object CMakeFiles/fake_sender.dir/home/moci/radar_serial/tools/fake_sender.cpp.o
[ 22%] Building CXX object CMakeFiles/fake_sender.dir/src/protocol/parser.cpp.o
[ 25%] Building CXX object CMakeFiles/fake_sender.dir/src/protocol/decoder.cpp.o
[ 29%] Building CXX object CMakeFiles/fake_sender.dir/src/protocol/encoder.cpp.o
[ 33%] Building CXX object CMakeFiles/test_serial.dir/test/test_serial.cpp.o
[ 37%] Building CXX object CMakeFiles/test_serial.dir/src/protocol/parser.cpp.o
[ 44%] Building CXX object CMakeFiles/test_serial.dir/src/protocol/decoder.cpp.o
[ 44%] Building CXX object CMakeFiles/test_serial.dir/src/protocol/encoder.cpp.o
[ 48%] Building CXX object CMakeFiles/test_serial.dir/src/transport/serial_port.cpp.o
[ 59%] Building CXX object CMakeFiles/serial_node.dir/src/protocol/parser.cpp.o
[ 59%] Building CXX object CMakeFiles/serial_node.dir/src/ros/serial_node.cpp.o
[ 59%] Building CXX object CMakeFiles/serial_node.dir/src/protocol/decoder.cpp.o
[ 62%] Building CXX object CMakeFiles/serial_node.dir/src/protocol/encoder.cpp.o
[ 66%] Building CXX object CMakeFiles/serial_node.dir/src/transport/serial_port.cpp.o
[ 70%] Building CXX object CMakeFiles/serial_node.dir/src/bridge/radar_bridge_node.cpp.o
[ 74%] Linking CXX executable fake_sender
[ 77%] Linking CXX executable test_parser
[ 81%] Built target fake_sender
[ 85%] Built target test_parser
[ 88%] Linking CXX executable test_serial
[ 92%] Built target test_serial
[ 96%] Linking CXX executable serial_node
[100%] Built target serial_node
-- Install configuration: ""
-- Installing: /home/moci/radar_serial/install/radar_comm/lib/radar_comm/test_parser
-- Installing: /home/moci/radar_serial/install/radar_comm/lib/radar_comm/test_serial
-- Installing: /home/moci/radar_serial/install/radar_comm/lib/radar_comm/serial_node
-- Set runtime path of "/home/moci/radar_serial/install/radar_comm/lib/radar_comm/serial_node" to ""
-- Installing: /home/moci/radar_serial/install/radar_comm/lib/radar_comm/fake_sender
-- Up-to-date: /home/moci/radar_serial/install/radar_comm/share/radar_comm/config
-- Installing: /home/moci/radar_serial/install/radar_comm/share/radar_comm/config/serial_node.yaml
-- Up-to-date: /home/moci/radar_serial/install/radar_comm/share/radar_comm/docs
-- Installing: /home/moci/radar_serial/install/radar_comm/share/radar_comm/docs/Readme.md
-- Up-to-date: /home/moci/radar_serial/install/radar_comm/share/ament_index/resource_index/package_run_dependencies/radar_comm
-- Up-to-date: /home/moci/radar_serial/install/radar_comm/share/ament_index/resource_index/parent_prefix_path/radar_comm
-- Up-to-date: /home/moci/radar_serial/install/radar_comm/share/radar_comm/environment/ament_prefix_path.sh
-- Installing: /home/moci/radar_serial/install/radar_comm/share/radar_comm/environment/ament_prefix_path.dsv
-- Up-to-date: /home/moci/radar_serial/install/radar_comm/share/radar_comm/environment/path.sh
-- Installing: /home/moci/radar_serial/install/radar_comm/share/radar_comm/environment/path.dsv
-- Up-to-date: /home/moci/radar_serial/install/radar_comm/share/radar_comm/local_setup.bash
-- Up-to-date: /home/moci/radar_serial/install/radar_comm/share/radar_comm/local_setup.sh
-- Up-to-date: /home/moci/radar_serial/install/radar_comm/share/radar_comm/local_setup.zsh
-- Installing: /home/moci/radar_serial/install/radar_comm/share/radar_comm/local_setup.dsv
-- Installing: /home/moci/radar_serial/install/radar_comm/share/radar_comm/package.dsv
-- Up-to-date: /home/moci/radar_serial/install/radar_comm/share/ament_index/resource_index/packages/radar_comm
-- Up-to-date: /home/moci/radar_serial/install/radar_comm/share/radar_comm/cmake/radar_commConfig.cmake
-- Up-to-date: /home/moci/radar_serial/install/radar_comm/share/radar_comm/cmake/radar_commConfig-version.cmake
-- Up-to-date: /home/moci/radar_serial/install/radar_comm/share/radar_comm/package.xml
