[0.009s] Invoking command in '/home/moci/radar_serial/build/radar_comm': AMENT_PREFIX_PATH=/home/moci/radar_serial/install/radar_interfaces:${AMENT_PREFIX_PATH} CMAKE_PREFIX_PATH=/home/moci/radar_serial/install/radar_interfaces:/opt/ros/humble LD_LIBRARY_PATH=/home/moci/radar_serial/install/radar_interfaces/lib:/opt/MVS/lib/64:/opt/MVS/lib/32:/opt/MVS/lib/64:/opt/MVS/lib/32:/opt/MVS/lib:/opt/MVS/lib/64:/opt/MVS/lib/32:/usr/lib/x86_64-linux-gnu/gazebo-11/plugins:/opt/ros/humble/opt/rviz_ogre_vendor/lib:/opt/ros/humble/lib/x86_64-linux-gnu:/opt/ros/humble/opt/openvdb_vendor/lib:/opt/ros/humble/lib:/opt/MVS/lib/64:/opt/MVS/lib/32:/usr/local/cuda-12.2/lib64:/opt/MVS/lib/64:/opt/MVS/lib/32:/opt/MVS/lib:/opt/MVS/lib/64:/opt/MVS/lib/32:/opt/MVS/lib/64:/opt/MVS/lib/32:/opt/MVS/lib:/usr/local/TensorRT-10.6.0.26/lib PYTHONPATH=/home/moci/radar_serial/install/radar_interfaces/local/lib/python3.10/dist-packages:${PYTHONPATH} /usr/local/bin/cmake --build /home/moci/radar_serial/build/radar_comm -- -j16 -l16
[0.027s] -- Found ament_cmake: 1.3.14 (/opt/ros/humble/share/ament_cmake/cmake)
[0.167s] -- Found rclcpp: 16.0.19 (/opt/ros/humble/share/rclcpp/cmake)
[0.204s] -- Found rosidl_generator_c: 3.1.8 (/opt/ros/humble/share/rosidl_generator_c/cmake)
[0.206s] -- Found rosidl_adapter: 3.1.8 (/opt/ros/humble/share/rosidl_adapter/cmake)
[0.211s] -- Found rosidl_generator_cpp: 3.1.8 (/opt/ros/humble/share/rosidl_generator_cpp/cmake)
[0.218s] -- Using all available rosidl_typesupport_c: rosidl_typesupport_fastrtps_c;rosidl_typesupport_introspection_c
[0.227s] -- Using all available rosidl_typesupport_cpp: rosidl_typesupport_fastrtps_cpp;rosidl_typesupport_introspection_cpp
[0.260s] -- Found rmw_implementation_cmake: 6.1.2 (/opt/ros/humble/share/rmw_implementation_cmake/cmake)
[0.261s] -- Found rmw_fastrtps_cpp: 6.2.10 (/opt/ros/humble/share/rmw_fastrtps_cpp/cmake)
[0.362s] -- Using RMW implementation 'rmw_fastrtps_cpp' as default
[0.414s] -- Found radar_interfaces: 0.1.0 (/home/moci/radar_serial/install/radar_interfaces/share/radar_interfaces/cmake)
[0.461s] -- Configuring done (0.4s)
[0.472s] -- Generating done (0.0s)
[0.475s] -- Build files have been written to: /home/moci/radar_serial/build/radar_comm
[0.494s] [  3%] Building CXX object CMakeFiles/test_parser.dir/test/test_parser.cpp.o
[0.494s] [  7%] Building CXX object CMakeFiles/test_parser.dir/src/protocol/encoder.cpp.o
[0.495s] [ 11%] Building CXX object CMakeFiles/test_parser.dir/src/protocol/parser.cpp.o
[0.495s] [ 14%] Building CXX object CMakeFiles/test_parser.dir/src/protocol/decoder.cpp.o
[0.496s] [ 18%] Building CXX object CMakeFiles/fake_sender.dir/home/moci/radar_serial/tools/fake_sender.cpp.o
[0.496s] [ 22%] Building CXX object CMakeFiles/fake_sender.dir/src/protocol/parser.cpp.o
[0.497s] [ 25%] Building CXX object CMakeFiles/fake_sender.dir/src/protocol/decoder.cpp.o
[0.497s] [ 29%] Building CXX object CMakeFiles/fake_sender.dir/src/protocol/encoder.cpp.o
[0.497s] [ 33%] Building CXX object CMakeFiles/test_serial.dir/test/test_serial.cpp.o
[0.498s] [ 37%] Building CXX object CMakeFiles/test_serial.dir/src/protocol/parser.cpp.o
[0.498s] [ 44%] Building CXX object CMakeFiles/test_serial.dir/src/protocol/decoder.cpp.o
[0.498s] [ 44%] Building CXX object CMakeFiles/test_serial.dir/src/protocol/encoder.cpp.o
[0.500s] [ 48%] Building CXX object CMakeFiles/test_serial.dir/src/transport/serial_port.cpp.o
[0.519s] [ 59%] Building CXX object CMakeFiles/serial_node.dir/src/protocol/parser.cpp.o
[0.519s] [ 59%] Building CXX object CMakeFiles/serial_node.dir/src/ros/serial_node.cpp.o
[0.519s] [ 59%] Building CXX object CMakeFiles/serial_node.dir/src/protocol/decoder.cpp.o
[0.705s] [ 62%] Building CXX object CMakeFiles/serial_node.dir/src/protocol/encoder.cpp.o
[0.705s] [ 66%] Building CXX object CMakeFiles/serial_node.dir/src/transport/serial_port.cpp.o
[0.722s] [ 70%] Building CXX object CMakeFiles/serial_node.dir/src/bridge/radar_bridge_node.cpp.o
[0.917s] [ 74%] Linking CXX executable fake_sender
[0.947s] [ 77%] Linking CXX executable test_parser
[0.994s] [ 81%] Built target fake_sender
[1.026s] [ 85%] Built target test_parser
[1.087s] [ 88%] Linking CXX executable test_serial
[1.155s] [ 92%] Built target test_serial
[9.945s] [ 96%] Linking CXX executable serial_node
[10.384s] [100%] Built target serial_node
[10.388s] Invoked command in '/home/moci/radar_serial/build/radar_comm' returned '0': AMENT_PREFIX_PATH=/home/moci/radar_serial/install/radar_interfaces:${AMENT_PREFIX_PATH} CMAKE_PREFIX_PATH=/home/moci/radar_serial/install/radar_interfaces:/opt/ros/humble LD_LIBRARY_PATH=/home/moci/radar_serial/install/radar_interfaces/lib:/opt/MVS/lib/64:/opt/MVS/lib/32:/opt/MVS/lib/64:/opt/MVS/lib/32:/opt/MVS/lib:/opt/MVS/lib/64:/opt/MVS/lib/32:/usr/lib/x86_64-linux-gnu/gazebo-11/plugins:/opt/ros/humble/opt/rviz_ogre_vendor/lib:/opt/ros/humble/lib/x86_64-linux-gnu:/opt/ros/humble/opt/openvdb_vendor/lib:/opt/ros/humble/lib:/opt/MVS/lib/64:/opt/MVS/lib/32:/usr/local/cuda-12.2/lib64:/opt/MVS/lib/64:/opt/MVS/lib/32:/opt/MVS/lib:/opt/MVS/lib/64:/opt/MVS/lib/32:/opt/MVS/lib/64:/opt/MVS/lib/32:/opt/MVS/lib:/usr/local/TensorRT-10.6.0.26/lib PYTHONPATH=/home/moci/radar_serial/install/radar_interfaces/local/lib/python3.10/dist-packages:${PYTHONPATH} /usr/local/bin/cmake --build /home/moci/radar_serial/build/radar_comm -- -j16 -l16
[10.389s] Invoking command in '/home/moci/radar_serial/build/radar_comm': AMENT_PREFIX_PATH=/home/moci/radar_serial/install/radar_interfaces:${AMENT_PREFIX_PATH} CMAKE_PREFIX_PATH=/home/moci/radar_serial/install/radar_interfaces:/opt/ros/humble LD_LIBRARY_PATH=/home/moci/radar_serial/install/radar_interfaces/lib:/opt/MVS/lib/64:/opt/MVS/lib/32:/opt/MVS/lib/64:/opt/MVS/lib/32:/opt/MVS/lib:/opt/MVS/lib/64:/opt/MVS/lib/32:/usr/lib/x86_64-linux-gnu/gazebo-11/plugins:/opt/ros/humble/opt/rviz_ogre_vendor/lib:/opt/ros/humble/lib/x86_64-linux-gnu:/opt/ros/humble/opt/openvdb_vendor/lib:/opt/ros/humble/lib:/opt/MVS/lib/64:/opt/MVS/lib/32:/usr/local/cuda-12.2/lib64:/opt/MVS/lib/64:/opt/MVS/lib/32:/opt/MVS/lib:/opt/MVS/lib/64:/opt/MVS/lib/32:/opt/MVS/lib/64:/opt/MVS/lib/32:/opt/MVS/lib:/usr/local/TensorRT-10.6.0.26/lib PYTHONPATH=/home/moci/radar_serial/install/radar_interfaces/local/lib/python3.10/dist-packages:${PYTHONPATH} /usr/local/bin/cmake --install /home/moci/radar_serial/build/radar_comm
[10.391s] -- Install configuration: ""
[10.392s] -- Installing: /home/moci/radar_serial/install/radar_comm/lib/radar_comm/test_parser
[10.392s] -- Installing: /home/moci/radar_serial/install/radar_comm/lib/radar_comm/test_serial
[10.393s] -- Installing: /home/moci/radar_serial/install/radar_comm/lib/radar_comm/serial_node
[10.400s] -- Set runtime path of "/home/moci/radar_serial/install/radar_comm/lib/radar_comm/serial_node" to ""
[10.401s] -- Installing: /home/moci/radar_serial/install/radar_comm/lib/radar_comm/fake_sender
[10.401s] -- Up-to-date: /home/moci/radar_serial/install/radar_comm/share/radar_comm/config
[10.401s] -- Installing: /home/moci/radar_serial/install/radar_comm/share/radar_comm/config/serial_node.yaml
[10.401s] -- Up-to-date: /home/moci/radar_serial/install/radar_comm/share/radar_comm/docs
[10.401s] -- Installing: /home/moci/radar_serial/install/radar_comm/share/radar_comm/docs/Readme.md
[10.401s] -- Up-to-date: /home/moci/radar_serial/install/radar_comm/share/ament_index/resource_index/package_run_dependencies/radar_comm
[10.401s] -- Up-to-date: /home/moci/radar_serial/install/radar_comm/share/ament_index/resource_index/parent_prefix_path/radar_comm
[10.401s] -- Up-to-date: /home/moci/radar_serial/install/radar_comm/share/radar_comm/environment/ament_prefix_path.sh
[10.401s] -- Installing: /home/moci/radar_serial/install/radar_comm/share/radar_comm/environment/ament_prefix_path.dsv
[10.401s] -- Up-to-date: /home/moci/radar_serial/install/radar_comm/share/radar_comm/environment/path.sh
[10.402s] -- Installing: /home/moci/radar_serial/install/radar_comm/share/radar_comm/environment/path.dsv
[10.402s] -- Up-to-date: /home/moci/radar_serial/install/radar_comm/share/radar_comm/local_setup.bash
[10.402s] -- Up-to-date: /home/moci/radar_serial/install/radar_comm/share/radar_comm/local_setup.sh
[10.402s] -- Up-to-date: /home/moci/radar_serial/install/radar_comm/share/radar_comm/local_setup.zsh
[10.402s] -- Installing: /home/moci/radar_serial/install/radar_comm/share/radar_comm/local_setup.dsv
[10.402s] -- Installing: /home/moci/radar_serial/install/radar_comm/share/radar_comm/package.dsv
[10.402s] -- Up-to-date: /home/moci/radar_serial/install/radar_comm/share/ament_index/resource_index/packages/radar_comm
[10.402s] -- Up-to-date: /home/moci/radar_serial/install/radar_comm/share/radar_comm/cmake/radar_commConfig.cmake
[10.402s] -- Up-to-date: /home/moci/radar_serial/install/radar_comm/share/radar_comm/cmake/radar_commConfig-version.cmake
[10.402s] -- Up-to-date: /home/moci/radar_serial/install/radar_comm/share/radar_comm/package.xml
[10.403s] Invoked command in '/home/moci/radar_serial/build/radar_comm' returned '0': AMENT_PREFIX_PATH=/home/moci/radar_serial/install/radar_interfaces:${AMENT_PREFIX_PATH} CMAKE_PREFIX_PATH=/home/moci/radar_serial/install/radar_interfaces:/opt/ros/humble LD_LIBRARY_PATH=/home/moci/radar_serial/install/radar_interfaces/lib:/opt/MVS/lib/64:/opt/MVS/lib/32:/opt/MVS/lib/64:/opt/MVS/lib/32:/opt/MVS/lib:/opt/MVS/lib/64:/opt/MVS/lib/32:/usr/lib/x86_64-linux-gnu/gazebo-11/plugins:/opt/ros/humble/opt/rviz_ogre_vendor/lib:/opt/ros/humble/lib/x86_64-linux-gnu:/opt/ros/humble/opt/openvdb_vendor/lib:/opt/ros/humble/lib:/opt/MVS/lib/64:/opt/MVS/lib/32:/usr/local/cuda-12.2/lib64:/opt/MVS/lib/64:/opt/MVS/lib/32:/opt/MVS/lib:/opt/MVS/lib/64:/opt/MVS/lib/32:/opt/MVS/lib/64:/opt/MVS/lib/32:/opt/MVS/lib:/usr/local/TensorRT-10.6.0.26/lib PYTHONPATH=/home/moci/radar_serial/install/radar_interfaces/local/lib/python3.10/dist-packages:${PYTHONPATH} /usr/local/bin/cmake --install /home/moci/radar_serial/build/radar_comm
