-- The C compiler identification is GNU 11.4.0
-- The CXX compiler identification is GNU 11.4.0
-- Detecting C compiler ABI info
-- Detecting C compiler ABI info - done
-- Check for working C compiler: /usr/bin/cc - skipped
-- Detecting C compile features
-- Detecting C compile features - done
-- Detecting CXX compiler ABI info
-- Detecting CXX compiler ABI info - done
-- Check for working CXX compiler: /usr/bin/c++ - skipped
-- Detecting CXX compile features
-- Detecting CXX compile features - done
-- Found ament_cmake: 1.3.14 (/opt/ros/humble/share/ament_cmake/cmake)
-- Found Python3: /usr/bin/python3 (found version "3.10.12") found components: Interpreter 
-- Found rclcpp: 16.0.19 (/opt/ros/humble/share/rclcpp/cmake)
-- Found rosidl_generator_c: 3.1.8 (/opt/ros/humble/share/rosidl_generator_c/cmake)
-- Found rosidl_adapter: 3.1.8 (/opt/ros/humble/share/rosidl_adapter/cmake)
-- Found rosidl_generator_cpp: 3.1.8 (/opt/ros/humble/share/rosidl_generator_cpp/cmake)
-- Using all available rosidl_typesupport_c: rosidl_typesupport_fastrtps_c;rosidl_typesupport_introspection_c
-- Using all available rosidl_typesupport_cpp: rosidl_typesupport_fastrtps_cpp;rosidl_typesupport_introspection_cpp
-- Found rmw_implementation_cmake: 6.1.2 (/opt/ros/humble/share/rmw_implementation_cmake/cmake)
-- Found rmw_fastrtps_cpp: 6.2.10 (/opt/ros/humble/share/rmw_fastrtps_cpp/cmake)
-- Found OpenSSL: /usr/lib/x86_64-linux-gnu/libcrypto.so (found version "3.0.2")  
-- Found FastRTPS: /opt/ros/humble/include  
-- Using RMW implementation 'rmw_fastrtps_cpp' as default
-- Performing Test CMAKE_HAVE_LIBC_PTHREAD
-- Performing Test CMAKE_HAVE_LIBC_PTHREAD - Success
-- Found Threads: TRUE  
-- Found radar_interfaces: 0.1.0 (/home/moci/radar_serial/install/radar_interfaces/share/radar_interfaces/cmake)
-- Configuring done (0.9s)
-- Generating done (0.0s)
-- Build files have been written to: /home/moci/radar_serial/build/radar_comm
[  5%] [32mBuilding CXX object CMakeFiles/test_serial.dir/test/test_serial.cpp.o[0m
[ 16%] [32mBuilding CXX object CMakeFiles/serial_node.dir/src/protocol/parser.cpp.o[0m
[ 16%] [32mBuilding CXX object CMakeFiles/serial_node.dir/src/ros/serial_node.cpp.o[0m
[ 22%] [32mBuilding CXX object CMakeFiles/test_parser.dir/test/test_parser.cpp.o[0m
[ 33%] [32mBuilding CXX object CMakeFiles/test_serial.dir/src/protocol/crc.cpp.o[0m
[ 33%] [32mBuilding CXX object CMakeFiles/serial_node.dir/src/protocol/crc.cpp.o[0m
[ 50%] [32mBuilding CXX object CMakeFiles/test_serial.dir/src/protocol/decoder.cpp.o[0m
[ 50%] [32mBuilding CXX object CMakeFiles/test_parser.dir/src/protocol/crc.cpp.o[0m
[ 50%] [32mBuilding CXX object CMakeFiles/serial_node.dir/src/protocol/decoder.cpp.o[0m
[ 61%] [32mBuilding CXX object CMakeFiles/test_serial.dir/src/transport/serial_port.cpp.o[0m
[ 61%] [32mBuilding CXX object CMakeFiles/test_serial.dir/src/protocol/parser.cpp.o[0m
[ 66%] [32mBuilding CXX object CMakeFiles/test_parser.dir/src/protocol/parser.cpp.o[0m
[ 72%] [32mBuilding CXX object CMakeFiles/serial_node.dir/src/transport/serial_port.cpp.o[0m
[ 77%] [32mBuilding CXX object CMakeFiles/test_parser.dir/src/protocol/decoder.cpp.o[0m
[ 83%] [32mBuilding CXX object CMakeFiles/test_parser.dir/src/transport/serial_port.cpp.o[0m
[ 88%] [32m[1mLinking CXX executable test_parser[0m
[ 94%] [32m[1mLinking CXX executable test_serial[0m
[ 94%] Built target test_parser
[ 94%] Built target test_serial
