[0.010s] Invoking command in '/home/moci/radar_serial/build/radar_comm': CMAKE_PREFIX_PATH=${CMAKE_PREFIX_PATH}:/opt/ros/humble LD_LIBRARY_PATH=/home/moci/radar_serial/install/radar_interfaces/lib:/opt/MVS/lib/64:/opt/MVS/lib/32:/usr/local/cuda-12.2/lib64:/usr/lib/x86_64-linux-gnu/gazebo-11/plugins:/opt/ros/humble/opt/rviz_ogre_vendor/lib:/opt/ros/humble/lib/x86_64-linux-gnu:/opt/ros/humble/opt/openvdb_vendor/lib:/opt/ros/humble/lib:/opt/MVS/lib/64:/opt/MVS/lib/32:/usr/local/cuda-12.2/lib64:/opt/MVS/lib/64:/opt/MVS/lib/32:/opt/MVS/lib/64:/opt/MVS/lib/32:/opt/MVS/lib:/usr/local/TensorRT-10.6.0.26/lib:/usr/local/TensorRT-10.6.0.26/lib /usr/local/bin/cmake /home/moci/radar_serial/src/radar_comm -DCMAKE_INSTALL_PREFIX=/home/moci/radar_serial/install/radar_comm
[0.053s] -- The C compiler identification is GNU 11.4.0
[0.099s] -- The CXX compiler identification is GNU 11.4.0
[0.115s] -- Detecting C compiler ABI info
[0.170s] -- Detecting C compiler ABI info - done
[0.176s] -- Check for working C compiler: /usr/bin/cc - skipped
[0.177s] -- Detecting C compile features
[0.177s] -- Detecting C compile features - done
[0.185s] -- Detecting CXX compiler ABI info
[0.243s] -- Detecting CXX compiler ABI info - done
[0.250s] -- Check for working CXX compiler: /usr/bin/c++ - skipped
[0.250s] -- Detecting CXX compile features
[0.250s] -- Detecting CXX compile features - done
[0.258s] -- Found ament_cmake: 1.3.14 (/opt/ros/humble/share/ament_cmake/cmake)
[0.355s] -- Found Python3: /usr/bin/python3 (found version "3.10.12") found components: Interpreter 
[0.425s] -- Found rclcpp: 16.0.19 (/opt/ros/humble/share/rclcpp/cmake)
[0.466s] -- Found rosidl_generator_c: 3.1.8 (/opt/ros/humble/share/rosidl_generator_c/cmake)
[0.472s] -- Found rosidl_adapter: 3.1.8 (/opt/ros/humble/share/rosidl_adapter/cmake)
[0.481s] -- Found rosidl_generator_cpp: 3.1.8 (/opt/ros/humble/share/rosidl_generator_cpp/cmake)
[0.493s] -- Using all available rosidl_typesupport_c: rosidl_typesupport_fastrtps_c;rosidl_typesupport_introspection_c
[0.509s] -- Using all available rosidl_typesupport_cpp: rosidl_typesupport_fastrtps_cpp;rosidl_typesupport_introspection_cpp
[0.554s] -- Found rmw_implementation_cmake: 6.1.2 (/opt/ros/humble/share/rmw_implementation_cmake/cmake)
[0.557s] -- Found rmw_fastrtps_cpp: 6.2.10 (/opt/ros/humble/share/rmw_fastrtps_cpp/cmake)
[0.647s] -- Found OpenSSL: /usr/lib/x86_64-linux-gnu/libcrypto.so (found version "3.0.2")  
[0.675s] -- Found FastRTPS: /opt/ros/humble/include  
[0.713s] -- Using RMW implementation 'rmw_fastrtps_cpp' as default
[0.723s] -- Performing Test CMAKE_HAVE_LIBC_PTHREAD
[0.776s] -- Performing Test CMAKE_HAVE_LIBC_PTHREAD - Success
[0.776s] -- Found Threads: TRUE  
[0.831s] -- Found radar_interfaces: 0.1.0 (/home/moci/radar_serial/install/radar_interfaces/share/radar_interfaces/cmake)
[0.880s] -- Configuring done (0.9s)
[0.892s] -- Generating done (0.0s)
[0.896s] -- Build files have been written to: /home/moci/radar_serial/build/radar_comm
[0.902s] Invoked command in '/home/moci/radar_serial/build/radar_comm' returned '0': CMAKE_PREFIX_PATH=${CMAKE_PREFIX_PATH}:/opt/ros/humble LD_LIBRARY_PATH=/home/moci/radar_serial/install/radar_interfaces/lib:/opt/MVS/lib/64:/opt/MVS/lib/32:/usr/local/cuda-12.2/lib64:/usr/lib/x86_64-linux-gnu/gazebo-11/plugins:/opt/ros/humble/opt/rviz_ogre_vendor/lib:/opt/ros/humble/lib/x86_64-linux-gnu:/opt/ros/humble/opt/openvdb_vendor/lib:/opt/ros/humble/lib:/opt/MVS/lib/64:/opt/MVS/lib/32:/usr/local/cuda-12.2/lib64:/opt/MVS/lib/64:/opt/MVS/lib/32:/opt/MVS/lib/64:/opt/MVS/lib/32:/opt/MVS/lib:/usr/local/TensorRT-10.6.0.26/lib:/usr/local/TensorRT-10.6.0.26/lib /usr/local/bin/cmake /home/moci/radar_serial/src/radar_comm -DCMAKE_INSTALL_PREFIX=/home/moci/radar_serial/install/radar_comm
[0.903s] Invoking command in '/home/moci/radar_serial/build/radar_comm': CMAKE_PREFIX_PATH=${CMAKE_PREFIX_PATH}:/opt/ros/humble LD_LIBRARY_PATH=/home/moci/radar_serial/install/radar_interfaces/lib:/opt/MVS/lib/64:/opt/MVS/lib/32:/usr/local/cuda-12.2/lib64:/usr/lib/x86_64-linux-gnu/gazebo-11/plugins:/opt/ros/humble/opt/rviz_ogre_vendor/lib:/opt/ros/humble/lib/x86_64-linux-gnu:/opt/ros/humble/opt/openvdb_vendor/lib:/opt/ros/humble/lib:/opt/MVS/lib/64:/opt/MVS/lib/32:/usr/local/cuda-12.2/lib64:/opt/MVS/lib/64:/opt/MVS/lib/32:/opt/MVS/lib/64:/opt/MVS/lib/32:/opt/MVS/lib:/usr/local/TensorRT-10.6.0.26/lib:/usr/local/TensorRT-10.6.0.26/lib /usr/local/bin/cmake --build /home/moci/radar_serial/build/radar_comm -- -j16 -l16
[0.923s] [  5%] [32mBuilding CXX object CMakeFiles/test_serial.dir/test/test_serial.cpp.o[0m
[0.924s] [ 16%] [32mBuilding CXX object CMakeFiles/serial_node.dir/src/protocol/parser.cpp.o[0m
[0.924s] [ 16%] [32mBuilding CXX object CMakeFiles/serial_node.dir/src/ros/serial_node.cpp.o[0m
[0.924s] [ 22%] [32mBuilding CXX object CMakeFiles/test_parser.dir/test/test_parser.cpp.o[0m
[0.924s] [ 33%] [32mBuilding CXX object CMakeFiles/test_serial.dir/src/protocol/crc.cpp.o[0m
[0.924s] [ 33%] [32mBuilding CXX object CMakeFiles/serial_node.dir/src/protocol/crc.cpp.o[0m
[0.924s] [ 50%] [32mBuilding CXX object CMakeFiles/test_serial.dir/src/protocol/decoder.cpp.o[0m
[0.924s] [ 50%] [32mBuilding CXX object CMakeFiles/test_parser.dir/src/protocol/crc.cpp.o[0m
[0.924s] [ 50%] [32mBuilding CXX object CMakeFiles/serial_node.dir/src/protocol/decoder.cpp.o[0m
[0.925s] [ 61%] [32mBuilding CXX object CMakeFiles/test_serial.dir/src/transport/serial_port.cpp.o[0m
[0.925s] [ 61%] [32mBuilding CXX object CMakeFiles/test_serial.dir/src/protocol/parser.cpp.o[0m
[0.925s] [ 66%] [32mBuilding CXX object CMakeFiles/test_parser.dir/src/protocol/parser.cpp.o[0m
[0.925s] [ 72%] [32mBuilding CXX object CMakeFiles/serial_node.dir/src/transport/serial_port.cpp.o[0m
[0.926s] [ 77%] [32mBuilding CXX object CMakeFiles/test_parser.dir/src/protocol/decoder.cpp.o[0m
[0.928s] [ 83%] [32mBuilding CXX object CMakeFiles/test_parser.dir/src/transport/serial_port.cpp.o[0m
[1.344s] [ 88%] [32m[1mLinking CXX executable test_parser[0m
[1.384s] [ 94%] [32m[1mLinking CXX executable test_serial[0m
[1.429s] [ 94%] Built target test_parser
[1.457s] [ 94%] Built target test_serial
[2.687s] /home/moci/radar_serial/src/radar_comm/src/ros/serial_node.cpp: In instantiation of ‘[01m[KSerialNode::SerialNode()::<lambda(uint8_t)>::<lambda(auto:40&&)> [with auto:40 = radar_comm::EnemyTeamMacroStatus&][m[K’:
[2.687s] [01m[K/usr/include/c++/11/type_traits:2530:26:[m[K   required by substitution of ‘[01m[Ktemplate<class _Fn, class ... _Args> static std::__result_of_success<decltype (declval<_Fn>()((declval<_Args>)()...)), std::__invoke_other> std::__result_of_other_impl::_S_test(int) [with _Fn = SerialNode::SerialNode()::<lambda(uint8_t)>::<lambda(auto:40&&)>; _Args = {radar_comm::EnemyTeamMacroStatus&}][m[K’
[2.688s] [01m[K/usr/include/c++/11/type_traits:2541:55:[m[K   required from ‘[01m[Kstruct std::__result_of_impl<false, false, SerialNode::SerialNode()::<lambda(uint8_t)>::<lambda(auto:40&&)>, radar_comm::EnemyTeamMacroStatus&>[m[K’
[2.688s] [01m[K/usr/include/c++/11/type_traits:2546:12:[m[K   required from ‘[01m[Kstruct std::__invoke_result<SerialNode::SerialNode()::<lambda(uint8_t)>::<lambda(auto:40&&)>, radar_comm::EnemyTeamMacroStatus&>[m[K’
[2.688s] [01m[K/usr/include/c++/11/type_traits:3004:12:[m[K   required from ‘[01m[Kstruct std::invoke_result<SerialNode::SerialNode()::<lambda(uint8_t)>::<lambda(auto:40&&)>, radar_comm::EnemyTeamMacroStatus&>[m[K’
[2.688s] [01m[K/usr/include/c++/11/type_traits:3016:11:[m[K   required by substitution of ‘[01m[Ktemplate<class _Fn, class ... _Args> using invoke_result_t = typename std::invoke_result::type [with _Fn = SerialNode::SerialNode()::<lambda(uint8_t)>::<lambda(auto:40&&)>; _Args = {radar_comm::EnemyTeamMacroStatus&}][m[K’
[2.688s] [01m[K/usr/include/c++/11/variant:1087:14:[m[K   required from ‘[01m[Kconstexpr bool std::__detail::__variant::__check_visitor_results(std::index_sequence<_Idx ...>) [with _Visitor = SerialNode::SerialNode()::<lambda(uint8_t)>::<lambda(auto:40&&)>; _Variant = std::variant<std::monostate, radar_comm::EnemyRobotPosition, radar_comm::EnemyRobotHP, radar_comm::EnemyRemainingAmmo, radar_comm::EnemyTeamMacroStatus, radar_comm::EnemyRobotBuffs, radar_comm::EnemyInterferenceKey>&; long unsigned int ..._Idxs = {0, 1, 2, 3, 4, 5, 6}; std::index_sequence<_Idx ...> = std::integer_sequence<long unsigned int, 0, 1, 2, 3, 4, 5, 6>][m[K’
[2.688s] [01m[K/usr/include/c++/11/variant:1751:44:[m[K   required from ‘[01m[Kconstexpr std::__detail::__variant::__visit_result_t<_Visitor, _Variants ...> std::visit(_Visitor&&, _Variants&& ...) [with _Visitor = SerialNode::SerialNode()::<lambda(uint8_t)>::<lambda(auto:40&&)>; _Variants = {std::variant<std::monostate, radar_comm::EnemyRobotPosition, radar_comm::EnemyRobotHP, radar_comm::EnemyRemainingAmmo, radar_comm::EnemyTeamMacroStatus, radar_comm::EnemyRobotBuffs, radar_comm::EnemyInterferenceKey>&}; std::__detail::__variant::__visit_result_t<_Visitor, _Variants ...> = void][m[K’
[2.688s] [01m[K/home/moci/radar_serial/src/radar_comm/src/ros/serial_node.cpp:40:23:[m[K   required from here
[2.688s] [01m[K/home/moci/radar_serial/src/radar_comm/src/ros/serial_node.cpp:97:59:[m[K [01;31m[Kerror: [m[K‘[01m[Kstruct radar_comm::EnemyTeamMacroStatus[m[K’ has no member named ‘[01m[Kenemy_supply_area_occupied[m[K’
[2.688s]    97 |                     msg.enemy_supply_area_occupied = [01;31m[Kdata.enemy_supply_area_occupied[m[K;
[2.688s]       |                                                      [01;31m[K~~~~~^~~~~~~~~~~~~~~~~~~~~~~~~~[m[K
[2.688s] [01m[K/home/moci/radar_serial/src/radar_comm/src/ros/serial_node.cpp:98:62:[m[K [01;31m[Kerror: [m[K‘[01m[Kstruct radar_comm::EnemyTeamMacroStatus[m[K’ has no member named ‘[01m[Kenemy_central_highland_status[m[K’
[2.688s]    98 |                     msg.enemy_central_highland_status = [01;31m[Kdata.enemy_central_highland_status[m[K;
[2.688s]       |                                                         [01;31m[K~~~~~^~~~~~~~~~~~~~~~~~~~~~~~~~~~~[m[K
[2.688s] [01m[K/home/moci/radar_serial/src/radar_comm/src/ros/serial_node.cpp:99:66:[m[K [01;31m[Kerror: [m[K‘[01m[Kstruct radar_comm::EnemyTeamMacroStatus[m[K’ has no member named ‘[01m[Kenemy_trapezoid_highland_occupied[m[K’
[2.688s]    99 |                     msg.enemy_trapezoid_highland_occupied = [01;31m[Kdata.enemy_trapezoid_highland_occupied[m[K;
[2.688s]       |                                                             [01;31m[K~~~~~^~~~~~~~~~~~~~~~~~~~~~~~~~~~~~~~~[m[K
[2.688s] [01m[K/home/moci/radar_serial/src/radar_comm/src/ros/serial_node.cpp:100:55:[m[K [01;31m[Kerror: [m[K‘[01m[Kstruct radar_comm::EnemyTeamMacroStatus[m[K’ has no member named ‘[01m[Kenemy_fort_buff_status[m[K’
[2.688s]   100 |                     msg.enemy_fort_buff_status = [01;31m[Kdata.enemy_fort_buff_status[m[K;
[2.688s]       |                                                  [01;31m[K~~~~~^~~~~~~~~~~~~~~~~~~~~~[m[K
[2.688s] [01m[K/home/moci/radar_serial/src/radar_comm/src/ros/serial_node.cpp:101:58:[m[K [01;31m[Kerror: [m[K‘[01m[Kstruct radar_comm::EnemyTeamMacroStatus[m[K’ has no member named ‘[01m[Kenemy_outpost_buff_status[m[K’
[2.688s]   101 |                     msg.enemy_outpost_buff_status = [01;31m[Kdata.enemy_outpost_buff_status[m[K;
[2.689s]       |                                                     [01;31m[K~~~~~^~~~~~~~~~~~~~~~~~~~~~~~~[m[K
[2.689s] [01m[K/home/moci/radar_serial/src/radar_comm/src/ros/serial_node.cpp:102:57:[m[K [01;31m[Kerror: [m[K‘[01m[Kstruct radar_comm::EnemyTeamMacroStatus[m[K’ has no member named ‘[01m[Kenemy_base_buff_occupied[m[K’
[2.689s]   102 |                     msg.enemy_base_buff_occupied = [01;31m[Kdata.enemy_base_buff_occupied[m[K;
[2.689s]       |                                                    [01;31m[K~~~~~^~~~~~~~~~~~~~~~~~~~~~~~[m[K
[2.689s] [01m[K/home/moci/radar_serial/src/radar_comm/src/ros/serial_node.cpp:104:63:[m[K [01;31m[Kerror: [m[K‘[01m[Kstruct radar_comm::EnemyTeamMacroStatus[m[K’ has no member named ‘[01m[Kenemy_tunnel_pre_jump_occupied[m[K’
[2.689s]   104 |                     msg.enemy_tunnel_pre_jump_occupied = [01;31m[Kdata.enemy_tunnel_pre_jump_occupied[m[K;
[2.689s]       |                                                          [01;31m[K~~~~~^~~~~~~~~~~~~~~~~~~~~~~~~~~~~~[m[K
[2.689s] [01m[K/home/moci/radar_serial/src/radar_comm/src/ros/serial_node.cpp:105:64:[m[K [01;31m[Kerror: [m[K‘[01m[Kstruct radar_comm::EnemyTeamMacroStatus[m[K’ has no member named ‘[01m[Kenemy_tunnel_post_jump_occupied[m[K’
[2.689s]   105 |                     msg.enemy_tunnel_post_jump_occupied = [01;31m[Kdata.enemy_tunnel_post_jump_occupied[m[K;
[2.689s]       |                                                           [01;31m[K~~~~~^~~~~~~~~~~~~~~~~~~~~~~~~~~~~~~[m[K
[2.689s] [01m[K/home/moci/radar_serial/src/radar_comm/src/ros/serial_node.cpp:106:67:[m[K [01;31m[Kerror: [m[K‘[01m[Kstruct radar_comm::EnemyTeamMacroStatus[m[K’ has no member named ‘[01m[Kally_side_tunnel_pre_jump_occupied[m[K’
[2.689s]   106 |                     msg.ally_side_tunnel_pre_jump_occupied = [01;31m[Kdata.ally_side_tunnel_pre_jump_occupied[m[K;
[2.689s]       |                                                              [01;31m[K~~~~~^~~~~~~~~~~~~~~~~~~~~~~~~~~~~~~~~~[m[K
[2.689s] [01m[K/home/moci/radar_serial/src/radar_comm/src/ros/serial_node.cpp:107:68:[m[K [01;31m[Kerror: [m[K‘[01m[Kstruct radar_comm::EnemyTeamMacroStatus[m[K’ has no member named ‘[01m[Kally_side_tunnel_post_jump_occupied[m[K’
[2.689s]   107 |                     msg.ally_side_tunnel_post_jump_occupied = [01;31m[Kdata.ally_side_tunnel_post_jump_occupied[m[K;
[2.689s]       |                                                               [01;31m[K~~~~~^~~~~~~~~~~~~~~~~~~~~~~~~~~~~~~~~~~[m[K
[2.689s] [01m[K/home/moci/radar_serial/src/radar_comm/src/ros/serial_node.cpp:109:62:[m[K [01;31m[Kerror: [m[K‘[01m[Kstruct radar_comm::EnemyTeamMacroStatus[m[K’ has no member named ‘[01m[Kenemy_highland_upper_occupied[m[K’
[2.689s]   109 |                     msg.enemy_highland_upper_occupied = [01;31m[Kdata.enemy_highland_upper_occupied[m[K;
[2.689s]       |                                                         [01;31m[K~~~~~^~~~~~~~~~~~~~~~~~~~~~~~~~~~~[m[K
[2.689s] [01m[K/home/moci/radar_serial/src/radar_comm/src/ros/serial_node.cpp:110:58:[m[K [01;31m[Kerror: [m[K‘[01m[Kstruct radar_comm::EnemyTeamMacroStatus[m[K’ has no member named ‘[01m[Kenemy_jump_upper_occupied[m[K’
[2.689s]   110 |                     msg.enemy_jump_upper_occupied = [01;31m[Kdata.enemy_jump_upper_occupied[m[K;
[2.690s]       |                                                     [01;31m[K~~~~~^~~~~~~~~~~~~~~~~~~~~~~~~[m[K
[2.690s] [01m[K/home/moci/radar_serial/src/radar_comm/src/ros/serial_node.cpp:111:58:[m[K [01;31m[Kerror: [m[K‘[01m[Kstruct radar_comm::EnemyTeamMacroStatus[m[K’ has no member named ‘[01m[Kenemy_road_upper_occupied[m[K’
[2.690s]   111 |                     msg.enemy_road_upper_occupied = [01;31m[Kdata.enemy_road_upper_occupied[m[K;
[2.690s]       |                                                     [01;31m[K~~~~~^~~~~~~~~~~~~~~~~~~~~~~~~[m[K
[2.690s] /home/moci/radar_serial/src/radar_comm/src/ros/serial_node.cpp: In instantiation of ‘[01m[KSerialNode::SerialNode()::<lambda(uint8_t)>::<lambda(auto:40&&)> [with auto:40 = radar_comm::EnemyRobotBuffs&][m[K’:
[2.690s] [01m[K/usr/include/c++/11/type_traits:2530:26:[m[K   required by substitution of ‘[01m[Ktemplate<class _Fn, class ... _Args> static std::__result_of_success<decltype (declval<_Fn>()((declval<_Args>)()...)), std::__invoke_other> std::__result_of_other_impl::_S_test(int) [with _Fn = SerialNode::SerialNode()::<lambda(uint8_t)>::<lambda(auto:40&&)>; _Args = {radar_comm::EnemyRobotBuffs&}][m[K’
[2.690s] [01m[K/usr/include/c++/11/type_traits:2541:55:[m[K   required from ‘[01m[Kstruct std::__result_of_impl<false, false, SerialNode::SerialNode()::<lambda(uint8_t)>::<lambda(auto:40&&)>, radar_comm::EnemyRobotBuffs&>[m[K’
[2.690s] [01m[K/usr/include/c++/11/type_traits:2546:12:[m[K   required from ‘[01m[Kstruct std::__invoke_result<SerialNode::SerialNode()::<lambda(uint8_t)>::<lambda(auto:40&&)>, radar_comm::EnemyRobotBuffs&>[m[K’
[2.690s] [01m[K/usr/include/c++/11/type_traits:3004:12:[m[K   required from ‘[01m[Kstruct std::invoke_result<SerialNode::SerialNode()::<lambda(uint8_t)>::<lambda(auto:40&&)>, radar_comm::EnemyRobotBuffs&>[m[K’
[2.690s] [01m[K/usr/include/c++/11/type_traits:3016:11:[m[K   required by substitution of ‘[01m[Ktemplate<class _Fn, class ... _Args> using invoke_result_t = typename std::invoke_result::type [with _Fn = SerialNode::SerialNode()::<lambda(uint8_t)>::<lambda(auto:40&&)>; _Args = {radar_comm::EnemyRobotBuffs&}][m[K’
[2.690s] [01m[K/usr/include/c++/11/variant:1087:14:[m[K   required from ‘[01m[Kconstexpr bool std::__detail::__variant::__check_visitor_results(std::index_sequence<_Idx ...>) [with _Visitor = SerialNode::SerialNode()::<lambda(uint8_t)>::<lambda(auto:40&&)>; _Variant = std::variant<std::monostate, radar_comm::EnemyRobotPosition, radar_comm::EnemyRobotHP, radar_comm::EnemyRemainingAmmo, radar_comm::EnemyTeamMacroStatus, radar_comm::EnemyRobotBuffs, radar_comm::EnemyInterferenceKey>&; long unsigned int ..._Idxs = {0, 1, 2, 3, 4, 5, 6}; std::index_sequence<_Idx ...> = std::integer_sequence<long unsigned int, 0, 1, 2, 3, 4, 5, 6>][m[K’
[2.690s] [01m[K/usr/include/c++/11/variant:1751:44:[m[K   required from ‘[01m[Kconstexpr std::__detail::__variant::__visit_result_t<_Visitor, _Variants ...> std::visit(_Visitor&&, _Variants&& ...) [with _Visitor = SerialNode::SerialNode()::<lambda(uint8_t)>::<lambda(auto:40&&)>; _Variants = {std::variant<std::monostate, radar_comm::EnemyRobotPosition, radar_comm::EnemyRobotHP, radar_comm::EnemyRemainingAmmo, radar_comm::EnemyTeamMacroStatus, radar_comm::EnemyRobotBuffs, radar_comm::EnemyInterferenceKey>&}; std::__detail::__variant::__visit_result_t<_Visitor, _Variants ...> = void][m[K’
[2.690s] [01m[K/home/moci/radar_serial/src/radar_comm/src/ros/serial_node.cpp:40:23:[m[K   required from here
[2.690s] [01m[K/home/moci/radar_serial/src/radar_comm/src/ros/serial_node.cpp:121:50:[m[K [01;31m[Kerror: [m[K‘[01m[Kstruct radar_comm::EnemyRobotBuffs[m[K’ has no member named ‘[01m[Khero_health_regen[m[K’
[2.690s]   121 |                     msg.hero_health_regen = [01;31m[Kdata.hero_health_regen[m[K;
[2.690s]       |                                             [01;31m[K~~~~~^~~~~~~~~~~~~~~~~[m[K
[2.690s] [01m[K/home/moci/radar_serial/src/radar_comm/src/ros/serial_node.cpp:122:51:[m[K [01;31m[Kerror: [m[K‘[01m[Kstruct radar_comm::EnemyRobotBuffs[m[K’ has no member named ‘[01m[Khero_cooling_boost[m[K’
[2.690s]   122 |                     msg.hero_cooling_boost = [01;31m[Kdata.hero_cooling_boost[m[K;
[2.690s]       |                                              [01;31m[K~~~~~^~~~~~~~~~~~~~~~~~[m[K
[2.690s] [01m[K/home/moci/radar_serial/src/radar_comm/src/ros/serial_node.cpp:123:51:[m[K [01;31m[Kerror: [m[K‘[01m[Kstruct radar_comm::EnemyRobotBuffs[m[K’ has no member named ‘[01m[Khero_defense_boost[m[K’
[2.690s]   123 |                     msg.hero_defense_boost = [01;31m[Kdata.hero_defense_boost[m[K;
[2.690s]       |                                              [01;31m[K~~~~~^~~~~~~~~~~~~~~~~~[m[K
[2.690s] [01m[K/home/moci/radar_serial/src/radar_comm/src/ros/serial_node.cpp:124:52:[m[K [01;31m[Kerror: [m[K‘[01m[Kstruct radar_comm::EnemyRobotBuffs[m[K’ has no member named ‘[01m[Khero_defense_debuff[m[K’
[2.690s]   124 |                     msg.hero_defense_debuff = [01;31m[Kdata.hero_defense_debuff[m[K;
[2.690s]       |                                               [01;31m[K~~~~~^~~~~~~~~~~~~~~~~~~[m[K
[2.690s] [01m[K/home/moci/radar_serial/src/radar_comm/src/ros/serial_node.cpp:125:50:[m[K [01;31m[Kerror: [m[K‘[01m[Kstruct radar_comm::EnemyRobotBuffs[m[K’ has no member named ‘[01m[Khero_attack_boost[m[K’
[2.690s]   125 |                     msg.hero_attack_boost = [01;31m[Kdata.hero_attack_boost[m[K;
[2.690s]       |                                             [01;31m[K~~~~~^~~~~~~~~~~~~~~~~[m[K
[2.690s] [01m[K/home/moci/radar_serial/src/radar_comm/src/ros/serial_node.cpp:128:54:[m[K [01;31m[Kerror: [m[K‘[01m[Kstruct radar_comm::EnemyRobotBuffs[m[K’ has no member named ‘[01m[Kengineer_health_regen[m[K’
[2.690s]   128 |                     msg.engineer_health_regen = [01;31m[Kdata.engineer_health_regen[m[K;
[2.690s]       |                                                 [01;31m[K~~~~~^~~~~~~~~~~~~~~~~~~~~[m[K
[2.691s] [01m[K/home/moci/radar_serial/src/radar_comm/src/ros/serial_node.cpp:129:55:[m[K [01;31m[Kerror: [m[K‘[01m[Kstruct radar_comm::EnemyRobotBuffs[m[K’ has no member named ‘[01m[Kengineer_cooling_boost[m[K’
[2.691s]   129 |                     msg.engineer_cooling_boost = [01;31m[Kdata.engineer_cooling_boost[m[K;
[2.691s]       |                                                  [01;31m[K~~~~~^~~~~~~~~~~~~~~~~~~~~~[m[K
[2.691s] [01m[K/home/moci/radar_serial/src/radar_comm/src/ros/serial_node.cpp:130:55:[m[K [01;31m[Kerror: [m[K‘[01m[Kstruct radar_comm::EnemyRobotBuffs[m[K’ has no member named ‘[01m[Kengineer_defense_boost[m[K’
[2.691s]   130 |                     msg.engineer_defense_boost = [01;31m[Kdata.engineer_defense_boost[m[K;
[2.691s]       |                                                  [01;31m[K~~~~~^~~~~~~~~~~~~~~~~~~~~~[m[K
[2.691s] [01m[K/home/moci/radar_serial/src/radar_comm/src/ros/serial_node.cpp:131:56:[m[K [01;31m[Kerror: [m[K‘[01m[Kstruct radar_comm::EnemyRobotBuffs[m[K’ has no member named ‘[01m[Kengineer_defense_debuff[m[K’
[2.691s]   131 |                     msg.engineer_defense_debuff = [01;31m[Kdata.engineer_defense_debuff[m[K;
[2.691s]       |                                                   [01;31m[K~~~~~^~~~~~~~~~~~~~~~~~~~~~~[m[K
[2.691s] [01m[K/home/moci/radar_serial/src/radar_comm/src/ros/serial_node.cpp:132:54:[m[K [01;31m[Kerror: [m[K‘[01m[Kstruct radar_comm::EnemyRobotBuffs[m[K’ has no member named ‘[01m[Kengineer_attack_boost[m[K’
[2.691s]   132 |                     msg.engineer_attack_boost = [01;31m[Kdata.engineer_attack_boost[m[K;
[2.691s]       |                                                 [01;31m[K~~~~~^~~~~~~~~~~~~~~~~~~~~[m[K
[2.691s] [01m[K/home/moci/radar_serial/src/radar_comm/src/ros/serial_node.cpp:135:56:[m[K [01;31m[Kerror: [m[K‘[01m[Kstruct radar_comm::EnemyRobotBuffs[m[K’ has no member named ‘[01m[Kinfantry_3_health_regen[m[K’
[2.691s]   135 |                     msg.infantry_3_health_regen = [01;31m[Kdata.infantry_3_health_regen[m[K;
[2.691s]       |                                                   [01;31m[K~~~~~^~~~~~~~~~~~~~~~~~~~~~~[m[K
[2.691s] [01m[K/home/moci/radar_serial/src/radar_comm/src/ros/serial_node.cpp:136:57:[m[K [01;31m[Kerror: [m[K‘[01m[Kstruct radar_comm::EnemyRobotBuffs[m[K’ has no member named ‘[01m[Kinfantry_3_cooling_boost[m[K’
[2.691s]   136 |                     msg.infantry_3_cooling_boost = [01;31m[Kdata.infantry_3_cooling_boost[m[K;
[2.691s]       |                                                    [01;31m[K~~~~~^~~~~~~~~~~~~~~~~~~~~~~~[m[K
[2.691s] [01m[K/home/moci/radar_serial/src/radar_comm/src/ros/serial_node.cpp:137:57:[m[K [01;31m[Kerror: [m[K‘[01m[Kstruct radar_comm::EnemyRobotBuffs[m[K’ has no member named ‘[01m[Kinfantry_3_defense_boost[m[K’
[2.691s]   137 |                     msg.infantry_3_defense_boost = [01;31m[Kdata.infantry_3_defense_boost[m[K;
[2.691s]       |                                                    [01;31m[K~~~~~^~~~~~~~~~~~~~~~~~~~~~~~[m[K
[2.691s] [01m[K/home/moci/radar_serial/src/radar_comm/src/ros/serial_node.cpp:138:58:[m[K [01;31m[Kerror: [m[K‘[01m[Kstruct radar_comm::EnemyRobotBuffs[m[K’ has no member named ‘[01m[Kinfantry_3_defense_debuff[m[K’
[2.691s]   138 |                     msg.infantry_3_defense_debuff = [01;31m[Kdata.infantry_3_defense_debuff[m[K;
[2.691s]       |                                                     [01;31m[K~~~~~^~~~~~~~~~~~~~~~~~~~~~~~~[m[K
[2.691s] [01m[K/home/moci/radar_serial/src/radar_comm/src/ros/serial_node.cpp:139:56:[m[K [01;31m[Kerror: [m[K‘[01m[Kstruct radar_comm::EnemyRobotBuffs[m[K’ has no member named ‘[01m[Kinfantry_3_attack_boost[m[K’
[2.691s]   139 |                     msg.infantry_3_attack_boost = [01;31m[Kdata.infantry_3_attack_boost[m[K;
[2.691s]       |                                                   [01;31m[K~~~~~^~~~~~~~~~~~~~~~~~~~~~~[m[K
[2.691s] [01m[K/home/moci/radar_serial/src/radar_comm/src/ros/serial_node.cpp:142:56:[m[K [01;31m[Kerror: [m[K‘[01m[Kstruct radar_comm::EnemyRobotBuffs[m[K’ has no member named ‘[01m[Kinfantry_4_health_regen[m[K’
[2.691s]   142 |                     msg.infantry_4_health_regen = [01;31m[Kdata.infantry_4_health_regen[m[K;
[2.691s]       |                                                   [01;31m[K~~~~~^~~~~~~~~~~~~~~~~~~~~~~[m[K
[2.691s] [01m[K/home/moci/radar_serial/src/radar_comm/src/ros/serial_node.cpp:143:57:[m[K [01;31m[Kerror: [m[K‘[01m[Kstruct radar_comm::EnemyRobotBuffs[m[K’ has no member named ‘[01m[Kinfantry_4_cooling_boost[m[K’
[2.691s]   143 |                     msg.infantry_4_cooling_boost = [01;31m[Kdata.infantry_4_cooling_boost[m[K;
[2.692s]       |                                                    [01;31m[K~~~~~^~~~~~~~~~~~~~~~~~~~~~~~[m[K
[2.692s] [01m[K/home/moci/radar_serial/src/radar_comm/src/ros/serial_node.cpp:144:57:[m[K [01;31m[Kerror: [m[K‘[01m[Kstruct radar_comm::EnemyRobotBuffs[m[K’ has no member named ‘[01m[Kinfantry_4_defense_boost[m[K’
[2.692s]   144 |                     msg.infantry_4_defense_boost = [01;31m[Kdata.infantry_4_defense_boost[m[K;
[2.692s]       |                                                    [01;31m[K~~~~~^~~~~~~~~~~~~~~~~~~~~~~~[m[K
[2.692s] [01m[K/home/moci/radar_serial/src/radar_comm/src/ros/serial_node.cpp:145:58:[m[K [01;31m[Kerror: [m[K‘[01m[Kstruct radar_comm::EnemyRobotBuffs[m[K’ has no member named ‘[01m[Kinfantry_4_defense_debuff[m[K’
[2.692s]   145 |                     msg.infantry_4_defense_debuff = [01;31m[Kdata.infantry_4_defense_debuff[m[K;
[2.692s]       |                                                     [01;31m[K~~~~~^~~~~~~~~~~~~~~~~~~~~~~~~[m[K
[2.692s] [01m[K/home/moci/radar_serial/src/radar_comm/src/ros/serial_node.cpp:146:56:[m[K [01;31m[Kerror: [m[K‘[01m[Kstruct radar_comm::EnemyRobotBuffs[m[K’ has no member named ‘[01m[Kinfantry_4_attack_boost[m[K’
[2.692s]   146 |                     msg.infantry_4_attack_boost = [01;31m[Kdata.infantry_4_attack_boost[m[K;
[2.692s]       |                                                   [01;31m[K~~~~~^~~~~~~~~~~~~~~~~~~~~~~[m[K
[2.692s] [01m[K/home/moci/radar_serial/src/radar_comm/src/ros/serial_node.cpp:149:52:[m[K [01;31m[Kerror: [m[K‘[01m[Kstruct radar_comm::EnemyRobotBuffs[m[K’ has no member named ‘[01m[Ksentry_health_regen[m[K’
[2.692s]   149 |                     msg.sentry_health_regen = [01;31m[Kdata.sentry_health_regen[m[K;
[2.692s]       |                                               [01;31m[K~~~~~^~~~~~~~~~~~~~~~~~~[m[K
[2.692s] [01m[K/home/moci/radar_serial/src/radar_comm/src/ros/serial_node.cpp:150:53:[m[K [01;31m[Kerror: [m[K‘[01m[Kstruct radar_comm::EnemyRobotBuffs[m[K’ has no member named ‘[01m[Ksentry_cooling_boost[m[K’
[2.692s]   150 |                     msg.sentry_cooling_boost = [01;31m[Kdata.sentry_cooling_boost[m[K;
[2.692s]       |                                                [01;31m[K~~~~~^~~~~~~~~~~~~~~~~~~~[m[K
[2.692s] [01m[K/home/moci/radar_serial/src/radar_comm/src/ros/serial_node.cpp:151:53:[m[K [01;31m[Kerror: [m[K‘[01m[Kstruct radar_comm::EnemyRobotBuffs[m[K’ has no member named ‘[01m[Ksentry_defense_boost[m[K’
[2.692s]   151 |                     msg.sentry_defense_boost = [01;31m[Kdata.sentry_defense_boost[m[K;
[2.692s]       |                                                [01;31m[K~~~~~^~~~~~~~~~~~~~~~~~~~[m[K
[2.692s] [01m[K/home/moci/radar_serial/src/radar_comm/src/ros/serial_node.cpp:152:54:[m[K [01;31m[Kerror: [m[K‘[01m[Kstruct radar_comm::EnemyRobotBuffs[m[K’ has no member named ‘[01m[Ksentry_defense_debuff[m[K’
[2.692s]   152 |                     msg.sentry_defense_debuff = [01;31m[Kdata.sentry_defense_debuff[m[K;
[2.692s]       |                                                 [01;31m[K~~~~~^~~~~~~~~~~~~~~~~~~~~[m[K
[2.692s] [01m[K/home/moci/radar_serial/src/radar_comm/src/ros/serial_node.cpp:153:52:[m[K [01;31m[Kerror: [m[K‘[01m[Kstruct radar_comm::EnemyRobotBuffs[m[K’ has no member named ‘[01m[Ksentry_attack_boost[m[K’
[2.692s]   153 |                     msg.sentry_attack_boost = [01;31m[Kdata.sentry_attack_boost[m[K;
[2.692s]       |                                               [01;31m[K~~~~~^~~~~~~~~~~~~~~~~~~[m[K
[2.692s] [01m[K/home/moci/radar_serial/src/radar_comm/src/ros/serial_node.cpp:154:47:[m[K [01;31m[Kerror: [m[K‘[01m[Kstruct radar_comm::EnemyRobotBuffs[m[K’ has no member named ‘[01m[Ksentry_posture[m[K’
[2.692s]   154 |                     msg.sentry_posture = [01;31m[Kdata.sentry_posture[m[K;
[2.692s]       |                                          [01;31m[K~~~~~^~~~~~~~~~~~~~[m[K
[2.692s] /home/moci/radar_serial/src/radar_comm/src/ros/serial_node.cpp: In instantiation of ‘[01m[KSerialNode::SerialNode()::<lambda(uint8_t)>::<lambda(auto:40&&)> [with auto:40 = radar_comm::EnemyInterferenceKey&][m[K’:
[2.692s] [01m[K/usr/include/c++/11/type_traits:2530:26:[m[K   required by substitution of ‘[01m[Ktemplate<class _Fn, class ... _Args> static std::__result_of_success<decltype (declval<_Fn>()((declval<_Args>)()...)), std::__invoke_other> std::__result_of_other_impl::_S_test(int) [with _Fn = SerialNode::SerialNode()::<lambda(uint8_t)>::<lambda(auto:40&&)>; _Args = {radar_comm::EnemyInterferenceKey&}][m[K’
[2.692s] [01m[K/usr/include/c++/11/type_traits:2541:55:[m[K   required from ‘[01m[Kstruct std::__result_of_impl<false, false, SerialNode::SerialNode()::<lambda(uint8_t)>::<lambda(auto:40&&)>, radar_comm::EnemyInterferenceKey&>[m[K’
[2.692s] [01m[K/usr/include/c++/11/type_traits:2546:12:[m[K   required from ‘[01m[Kstruct std::__invoke_result<SerialNode::SerialNode()::<lambda(uint8_t)>::<lambda(auto:40&&)>, radar_comm::EnemyInterferenceKey&>[m[K’
[2.692s] [01m[K/usr/include/c++/11/type_traits:3004:12:[m[K   required from ‘[01m[Kstruct std::invoke_result<SerialNode::SerialNode()::<lambda(uint8_t)>::<lambda(auto:40&&)>, radar_comm::EnemyInterferenceKey&>[m[K’
[2.693s] [01m[K/usr/include/c++/11/type_traits:3016:11:[m[K   required by substitution of ‘[01m[Ktemplate<class _Fn, class ... _Args> using invoke_result_t = typename std::invoke_result::type [with _Fn = SerialNode::SerialNode()::<lambda(uint8_t)>::<lambda(auto:40&&)>; _Args = {radar_comm::EnemyInterferenceKey&}][m[K’
[2.693s] [01m[K/usr/include/c++/11/variant:1087:14:[m[K   required from ‘[01m[Kconstexpr bool std::__detail::__variant::__check_visitor_results(std::index_sequence<_Idx ...>) [with _Visitor = SerialNode::SerialNode()::<lambda(uint8_t)>::<lambda(auto:40&&)>; _Variant = std::variant<std::monostate, radar_comm::EnemyRobotPosition, radar_comm::EnemyRobotHP, radar_comm::EnemyRemainingAmmo, radar_comm::EnemyTeamMacroStatus, radar_comm::EnemyRobotBuffs, radar_comm::EnemyInterferenceKey>&; long unsigned int ..._Idxs = {0, 1, 2, 3, 4, 5, 6}; std::index_sequence<_Idx ...> = std::integer_sequence<long unsigned int, 0, 1, 2, 3, 4, 5, 6>][m[K’
[2.693s] [01m[K/usr/include/c++/11/variant:1751:44:[m[K   required from ‘[01m[Kconstexpr std::__detail::__variant::__visit_result_t<_Visitor, _Variants ...> std::visit(_Visitor&&, _Variants&& ...) [with _Visitor = SerialNode::SerialNode()::<lambda(uint8_t)>::<lambda(auto:40&&)>; _Variants = {std::variant<std::monostate, radar_comm::EnemyRobotPosition, radar_comm::EnemyRobotHP, radar_comm::EnemyRemainingAmmo, radar_comm::EnemyTeamMacroStatus, radar_comm::EnemyRobotBuffs, radar_comm::EnemyInterferenceKey>&}; std::__detail::__variant::__visit_result_t<_Visitor, _Variants ...> = void][m[K’
[2.693s] [01m[K/home/moci/radar_serial/src/radar_comm/src/ros/serial_node.cpp:40:23:[m[K   required from here
[2.693s] [01m[K/home/moci/radar_serial/src/radar_comm/src/ros/serial_node.cpp:162:29:[m[K [01;31m[Kerror: [m[Kno match for ‘[01m[Koperator=[m[K’ (operand types are ‘[01m[Kradar_interfaces::msg::InterferenceKey_<std::allocator<void> >::_key_type[m[K’ {aka ‘[01m[Kstd::__cxx11::basic_string<char>[m[K’} and ‘[01m[Kstd::array<char, 6>[m[K’)
[2.693s]   162 |                     [01;31m[Kmsg.key = data.key[m[K;
[2.693s]       |                     [01;31m[K~~~~~~~~^~~~~~~~~~[m[K
[2.693s] In file included from [01m[K/usr/include/c++/11/string:55[m[K,
[2.693s]                  from [01m[K/usr/include/c++/11/stdexcept:39[m[K,
[2.693s]                  from [01m[K/usr/include/c++/11/system_error:41[m[K,
[2.693s]                  from [01m[K/usr/include/c++/11/mutex:42[m[K,
[2.693s]                  from [01m[K/usr/include/c++/11/future:38[m[K,
[2.693s]                  from [01m[K/opt/ros/humble/include/rclcpp/rclcpp/executors.hpp:18[m[K,
[2.693s]                  from [01m[K/opt/ros/humble/include/rclcpp/rclcpp/rclcpp.hpp:155[m[K,
[2.693s]                  from [01m[K/home/moci/radar_serial/src/radar_comm/src/ros/serial_node.cpp:1[m[K:
[2.693s] [01m[K/usr/include/c++/11/bits/basic_string.h:799:8:[m[K [01;36m[Knote: [m[Kcandidate: ‘[01m[Ktemplate<class _Tp> std::__cxx11::basic_string<_CharT, _Traits, _Alloc>::_If_sv<_Tp, std::__cxx11::basic_string<_CharT, _Traits, _Alloc>&> std::__cxx11::basic_string<_CharT, _Traits, _Alloc>::operator=(const _Tp&) [with _Tp = _Tp; _CharT = char; _Traits = std::char_traits<char>; _Alloc = std::allocator<char>][m[K’
[2.694s]   799 |        [01;36m[Koperator[m[K=(const _Tp& __svt)
[2.694s]       |        [01;36m[K^~~~~~~~[m[K
[2.694s] [01m[K/usr/include/c++/11/bits/basic_string.h:799:8:[m[K [01;36m[Knote: [m[K  template argument deduction/substitution failed:
[2.694s] In file included from [01m[K/usr/include/c++/11/bits/move.h:57[m[K,
[2.694s]                  from [01m[K/usr/include/c++/11/bits/stl_pair.h:59[m[K,
[2.694s]                  from [01m[K/usr/include/c++/11/bits/stl_algobase.h:64[m[K,
[2.694s]                  from [01m[K/usr/include/c++/11/memory:63[m[K,
[2.694s]                  from [01m[K/opt/ros/humble/include/rclcpp/rclcpp/rclcpp.hpp:153[m[K,
[2.694s]                  from [01m[K/home/moci/radar_serial/src/radar_comm/src/ros/serial_node.cpp:1[m[K:
[2.694s] /usr/include/c++/11/type_traits: In substitution of ‘[01m[Ktemplate<bool _Cond, class _Tp> using enable_if_t = typename std::enable_if::type [with bool _Cond = false; _Tp = std::__cxx11::basic_string<char>&][m[K’:
[2.694s] [01m[K/usr/include/c++/11/bits/basic_string.h:125:8:[m[K   required by substitution of ‘[01m[Ktemplate<class _CharT, class _Traits, class _Alloc> template<class _Tp, class _Res> using _If_sv = std::enable_if_t<std::__and_<std::is_convertible<const _Tp&, std::basic_string_view<_CharT, _Traits> >, std::__not_<std::is_convertible<const _Tp*, const std::__cxx11::basic_string<_CharT, _Traits, _Alloc>*> >, std::__not_<std::is_convertible<const _Tp&, const _CharT*> > >::value, _Res> [with _Tp = std::array<char, 6>; _Res = std::__cxx11::basic_string<char>&; _CharT = char; _Traits = std::char_traits<char>; _Alloc = std::allocator<char>][m[K’
[2.694s] [01m[K/usr/include/c++/11/bits/basic_string.h:799:8:[m[K   required by substitution of ‘[01m[Ktemplate<class _Tp> std::__cxx11::basic_string<char>::_If_sv<_Tp, std::__cxx11::basic_string<char>&> std::__cxx11::basic_string<char>::operator=<_Tp>(const _Tp&) [with _Tp = std::array<char, 6>][m[K’
[2.694s] [01m[K/home/moci/radar_serial/src/radar_comm/src/ros/serial_node.cpp:162:29:[m[K   required from ‘[01m[KSerialNode::SerialNode()::<lambda(uint8_t)>::<lambda(auto:40&&)> [with auto:40 = radar_comm::EnemyInterferenceKey&][m[K’
[2.694s] [01m[K/usr/include/c++/11/type_traits:2530:26:[m[K   required by substitution of ‘[01m[Ktemplate<class _Fn, class ... _Args> static std::__result_of_success<decltype (declval<_Fn>()((declval<_Args>)()...)), std::__invoke_other> std::__result_of_other_impl::_S_test(int) [with _Fn = SerialNode::SerialNode()::<lambda(uint8_t)>::<lambda(auto:40&&)>; _Args = {radar_comm::EnemyInterferenceKey&}][m[K’
[2.694s] [01m[K/usr/include/c++/11/type_traits:2541:55:[m[K   required from ‘[01m[Kstruct std::__result_of_impl<false, false, SerialNode::SerialNode()::<lambda(uint8_t)>::<lambda(auto:40&&)>, radar_comm::EnemyInterferenceKey&>[m[K’
[2.694s] [01m[K/usr/include/c++/11/type_traits:2546:12:[m[K   required from ‘[01m[Kstruct std::__invoke_result<SerialNode::SerialNode()::<lambda(uint8_t)>::<lambda(auto:40&&)>, radar_comm::EnemyInterferenceKey&>[m[K’
[2.694s] [01m[K/usr/include/c++/11/type_traits:3004:12:[m[K   required from ‘[01m[Kstruct std::invoke_result<SerialNode::SerialNode()::<lambda(uint8_t)>::<lambda(auto:40&&)>, radar_comm::EnemyInterferenceKey&>[m[K’
[2.694s] [01m[K/usr/include/c++/11/type_traits:3016:11:[m[K   required by substitution of ‘[01m[Ktemplate<class _Fn, class ... _Args> using invoke_result_t = typename std::invoke_result::type [with _Fn = SerialNode::SerialNode()::<lambda(uint8_t)>::<lambda(auto:40&&)>; _Args = {radar_comm::EnemyInterferenceKey&}][m[K’
[2.694s] [01m[K/usr/include/c++/11/variant:1087:14:[m[K   required from ‘[01m[Kconstexpr bool std::__detail::__variant::__check_visitor_results(std::index_sequence<_Idx ...>) [with _Visitor = SerialNode::SerialNode()::<lambda(uint8_t)>::<lambda(auto:40&&)>; _Variant = std::variant<std::monostate, radar_comm::EnemyRobotPosition, radar_comm::EnemyRobotHP, radar_comm::EnemyRemainingAmmo, radar_comm::EnemyTeamMacroStatus, radar_comm::EnemyRobotBuffs, radar_comm::EnemyInterferenceKey>&; long unsigned int ..._Idxs = {0, 1, 2, 3, 4, 5, 6}; std::index_sequence<_Idx ...> = std::integer_sequence<long unsigned int, 0, 1, 2, 3, 4, 5, 6>][m[K’
[2.694s] [01m[K/usr/include/c++/11/variant:1751:44:[m[K   required from ‘[01m[Kconstexpr std::__detail::__variant::__visit_result_t<_Visitor, _Variants ...> std::visit(_Visitor&&, _Variants&& ...) [with _Visitor = SerialNode::SerialNode()::<lambda(uint8_t)>::<lambda(auto:40&&)>; _Variants = {std::variant<std::monostate, radar_comm::EnemyRobotPosition, radar_comm::EnemyRobotHP, radar_comm::EnemyRemainingAmmo, radar_comm::EnemyTeamMacroStatus, radar_comm::EnemyRobotBuffs, radar_comm::EnemyInterferenceKey>&}; std::__detail::__variant::__visit_result_t<_Visitor, _Variants ...> = void][m[K’
[2.694s] [01m[K/home/moci/radar_serial/src/radar_comm/src/ros/serial_node.cpp:40:23:[m[K   required from here
[2.694s] [01m[K/usr/include/c++/11/type_traits:2579:11:[m[K [01;31m[Kerror: [m[Kno type named ‘[01m[Ktype[m[K’ in ‘[01m[Kstruct std::enable_if<false, std::__cxx11::basic_string<char>&>[m[K’
[2.694s]  2579 |     using [01;31m[Kenable_if_t[m[K = typename enable_if<_Cond, _Tp>::type;
[2.694s]       |           [01;31m[K^~~~~~~~~~~[m[K
[2.694s] In file included from [01m[K/usr/include/c++/11/string:55[m[K,
[2.694s]                  from [01m[K/usr/include/c++/11/stdexcept:39[m[K,
[2.694s]                  from [01m[K/usr/include/c++/11/system_error:41[m[K,
[2.694s]                  from [01m[K/usr/include/c++/11/mutex:42[m[K,
[2.694s]                  from [01m[K/usr/include/c++/11/future:38[m[K,
[2.694s]                  from [01m[K/opt/ros/humble/include/rclcpp/rclcpp/executors.hpp:18[m[K,
[2.694s]                  from [01m[K/opt/ros/humble/include/rclcpp/rclcpp/rclcpp.hpp:155[m[K,
[2.695s]                  from [01m[K/home/moci/radar_serial/src/radar_comm/src/ros/serial_node.cpp:1[m[K:
[2.695s] /home/moci/radar_serial/src/radar_comm/src/ros/serial_node.cpp: In instantiation of ‘[01m[KSerialNode::SerialNode()::<lambda(uint8_t)>::<lambda(auto:40&&)> [with auto:40 = radar_comm::EnemyInterferenceKey&][m[K’:
[2.695s] [01m[K/usr/include/c++/11/type_traits:2530:26:[m[K   required by substitution of ‘[01m[Ktemplate<class _Fn, class ... _Args> static std::__result_of_success<decltype (declval<_Fn>()((declval<_Args>)()...)), std::__invoke_other> std::__result_of_other_impl::_S_test(int) [with _Fn = SerialNode::SerialNode()::<lambda(uint8_t)>::<lambda(auto:40&&)>; _Args = {radar_comm::EnemyInterferenceKey&}][m[K’
[2.695s] [01m[K/usr/include/c++/11/type_traits:2541:55:[m[K   required from ‘[01m[Kstruct std::__result_of_impl<false, false, SerialNode::SerialNode()::<lambda(uint8_t)>::<lambda(auto:40&&)>, radar_comm::EnemyInterferenceKey&>[m[K’
[2.695s] [01m[K/usr/include/c++/11/type_traits:2546:12:[m[K   required from ‘[01m[Kstruct std::__invoke_result<SerialNode::SerialNode()::<lambda(uint8_t)>::<lambda(auto:40&&)>, radar_comm::EnemyInterferenceKey&>[m[K’
[2.695s] [01m[K/usr/include/c++/11/type_traits:3004:12:[m[K   required from ‘[01m[Kstruct std::invoke_result<SerialNode::SerialNode()::<lambda(uint8_t)>::<lambda(auto:40&&)>, radar_comm::EnemyInterferenceKey&>[m[K’
[2.695s] [01m[K/usr/include/c++/11/type_traits:3016:11:[m[K   required by substitution of ‘[01m[Ktemplate<class _Fn, class ... _Args> using invoke_result_t = typename std::invoke_result::type [with _Fn = SerialNode::SerialNode()::<lambda(uint8_t)>::<lambda(auto:40&&)>; _Args = {radar_comm::EnemyInterferenceKey&}][m[K’
[2.695s] [01m[K/usr/include/c++/11/variant:1087:14:[m[K   required from ‘[01m[Kconstexpr bool std::__detail::__variant::__check_visitor_results(std::index_sequence<_Idx ...>) [with _Visitor = SerialNode::SerialNode()::<lambda(uint8_t)>::<lambda(auto:40&&)>; _Variant = std::variant<std::monostate, radar_comm::EnemyRobotPosition, radar_comm::EnemyRobotHP, radar_comm::EnemyRemainingAmmo, radar_comm::EnemyTeamMacroStatus, radar_comm::EnemyRobotBuffs, radar_comm::EnemyInterferenceKey>&; long unsigned int ..._Idxs = {0, 1, 2, 3, 4, 5, 6}; std::index_sequence<_Idx ...> = std::integer_sequence<long unsigned int, 0, 1, 2, 3, 4, 5, 6>][m[K’
[2.695s] [01m[K/usr/include/c++/11/variant:1751:44:[m[K   required from ‘[01m[Kconstexpr std::__detail::__variant::__visit_result_t<_Visitor, _Variants ...> std::visit(_Visitor&&, _Variants&& ...) [with _Visitor = SerialNode::SerialNode()::<lambda(uint8_t)>::<lambda(auto:40&&)>; _Variants = {std::variant<std::monostate, radar_comm::EnemyRobotPosition, radar_comm::EnemyRobotHP, radar_comm::EnemyRemainingAmmo, radar_comm::EnemyTeamMacroStatus, radar_comm::EnemyRobotBuffs, radar_comm::EnemyInterferenceKey>&}; std::__detail::__variant::__visit_result_t<_Visitor, _Variants ...> = void][m[K’
[2.695s] [01m[K/home/moci/radar_serial/src/radar_comm/src/ros/serial_node.cpp:40:23:[m[K   required from here
[2.695s] [01m[K/usr/include/c++/11/bits/basic_string.h:679:7:[m[K [01;36m[Knote: [m[Kcandidate: ‘[01m[Kstd::__cxx11::basic_string<_CharT, _Traits, _Alloc>& std::__cxx11::basic_string<_CharT, _Traits, _Alloc>::operator=(const std::__cxx11::basic_string<_CharT, _Traits, _Alloc>&) [with _CharT = char; _Traits = std::char_traits<char>; _Alloc = std::allocator<char>][m[K’
[2.695s]   679 |       [01;36m[Koperator[m[K=(const basic_string& __str)
[2.695s]       |       [01;36m[K^~~~~~~~[m[K
[2.695s] [01m[K/usr/include/c++/11/bits/basic_string.h:679:37:[m[K [01;36m[Knote: [m[K  no known conversion for argument 1 from ‘[01m[Kstd::array<char, 6>[m[K’ to ‘[01m[Kconst std::__cxx11::basic_string<char>&[m[K’
[2.695s]   679 |       operator=([01;36m[Kconst basic_string& __str[m[K)
[2.695s]       |                 [01;36m[K~~~~~~~~~~~~~~~~~~~~^~~~~[m[K
[2.695s] [01m[K/usr/include/c++/11/bits/basic_string.h:689:7:[m[K [01;36m[Knote: [m[Kcandidate: ‘[01m[Kstd::__cxx11::basic_string<_CharT, _Traits, _Alloc>& std::__cxx11::basic_string<_CharT, _Traits, _Alloc>::operator=(const _CharT*) [with _CharT = char; _Traits = std::char_traits<char>; _Alloc = std::allocator<char>][m[K’
[2.695s]   689 |       [01;36m[Koperator[m[K=(const _CharT* __s)
[2.695s]       |       [01;36m[K^~~~~~~~[m[K
[2.695s] [01m[K/usr/include/c++/11/bits/basic_string.h:689:31:[m[K [01;36m[Knote: [m[K  no known conversion for argument 1 from ‘[01m[Kstd::array<char, 6>[m[K’ to ‘[01m[Kconst char*[m[K’
[2.695s]   689 |       operator=([01;36m[Kconst _CharT* __s[m[K)
[2.695s]       |                 [01;36m[K~~~~~~~~~~~~~~^~~[m[K
[2.695s] [01m[K/usr/include/c++/11/bits/basic_string.h:700:7:[m[K [01;36m[Knote: [m[Kcandidate: ‘[01m[Kstd::__cxx11::basic_string<_CharT, _Traits, _Alloc>& std::__cxx11::basic_string<_CharT, _Traits, _Alloc>::operator=(_CharT) [with _CharT = char; _Traits = std::char_traits<char>; _Alloc = std::allocator<char>][m[K’
[2.695s]   700 |       [01;36m[Koperator[m[K=(_CharT __c)
[2.695s]       |       [01;36m[K^~~~~~~~[m[K
[2.695s] [01m[K/usr/include/c++/11/bits/basic_string.h:700:24:[m[K [01;36m[Knote: [m[K  no known conversion for argument 1 from ‘[01m[Kstd::array<char, 6>[m[K’ to ‘[01m[Kchar[m[K’
[2.695s]   700 |       operator=([01;36m[K_CharT __c[m[K)
[2.695s]       |                 [01;36m[K~~~~~~~^~~[m[K
[2.695s] [01m[K/usr/include/c++/11/bits/basic_string.h:717:7:[m[K [01;36m[Knote: [m[Kcandidate: ‘[01m[Kstd::__cxx11::basic_string<_CharT, _Traits, _Alloc>& std::__cxx11::basic_string<_CharT, _Traits, _Alloc>::operator=(std::__cxx11::basic_string<_CharT, _Traits, _Alloc>&&) [with _CharT = char; _Traits = std::char_traits<char>; _Alloc = std::allocator<char>][m[K’
[2.695s]   717 |       [01;36m[Koperator[m[K=(basic_string&& __str)
[2.695s]       |       [01;36m[K^~~~~~~~[m[K
[2.695s] [01m[K/usr/include/c++/11/bits/basic_string.h:717:32:[m[K [01;36m[Knote: [m[K  no known conversion for argument 1 from ‘[01m[Kstd::array<char, 6>[m[K’ to ‘[01m[Kstd::__cxx11::basic_string<char>&&[m[K’
[2.696s]   717 |       operator=([01;36m[Kbasic_string&& __str[m[K)
[2.696s]       |                 [01;36m[K~~~~~~~~~~~~~~~^~~~~[m[K
[2.696s] [01m[K/usr/include/c++/11/bits/basic_string.h:785:7:[m[K [01;36m[Knote: [m[Kcandidate: ‘[01m[Kstd::__cxx11::basic_string<_CharT, _Traits, _Alloc>& std::__cxx11::basic_string<_CharT, _Traits, _Alloc>::operator=(std::initializer_list<_Tp>) [with _CharT = char; _Traits = std::char_traits<char>; _Alloc = std::allocator<char>][m[K’
[2.696s]   785 |       [01;36m[Koperator[m[K=(initializer_list<_CharT> __l)
[2.696s]       |       [01;36m[K^~~~~~~~[m[K
[2.696s] [01m[K/usr/include/c++/11/bits/basic_string.h:785:42:[m[K [01;36m[Knote: [m[K  no known conversion for argument 1 from ‘[01m[Kstd::array<char, 6>[m[K’ to ‘[01m[Kstd::initializer_list<char>[m[K’
[2.696s]   785 |       operator=([01;36m[Kinitializer_list<_CharT> __l[m[K)
[2.696s]       |                 [01;36m[K~~~~~~~~~~~~~~~~~~~~~~~~~^~~[m[K
[3.839s] gmake[2]: *** [CMakeFiles/serial_node.dir/build.make:76：CMakeFiles/serial_node.dir/src/ros/serial_node.cpp.o] 错误 1
[3.840s] gmake[1]: *** [CMakeFiles/Makefile2:193：CMakeFiles/serial_node.dir/all] 错误 2
[3.840s] gmake: *** [Makefile:146：all] 错误 2
[3.842s] Invoked command in '/home/moci/radar_serial/build/radar_comm' returned '2': CMAKE_PREFIX_PATH=${CMAKE_PREFIX_PATH}:/opt/ros/humble LD_LIBRARY_PATH=/home/moci/radar_serial/install/radar_interfaces/lib:/opt/MVS/lib/64:/opt/MVS/lib/32:/usr/local/cuda-12.2/lib64:/usr/lib/x86_64-linux-gnu/gazebo-11/plugins:/opt/ros/humble/opt/rviz_ogre_vendor/lib:/opt/ros/humble/lib/x86_64-linux-gnu:/opt/ros/humble/opt/openvdb_vendor/lib:/opt/ros/humble/lib:/opt/MVS/lib/64:/opt/MVS/lib/32:/usr/local/cuda-12.2/lib64:/opt/MVS/lib/64:/opt/MVS/lib/32:/opt/MVS/lib/64:/opt/MVS/lib/32:/opt/MVS/lib:/usr/local/TensorRT-10.6.0.26/lib:/usr/local/TensorRT-10.6.0.26/lib /usr/local/bin/cmake --build /home/moci/radar_serial/build/radar_comm -- -j16 -l16
