[0.008s] Invoking command in '/home/moci/radar_serial/build/radar_comm': AMENT_PREFIX_PATH=/home/moci/radar_serial/install/radar_interfaces:${AMENT_PREFIX_PATH} CMAKE_PREFIX_PATH=/home/moci/radar_serial/install/radar_interfaces:/opt/ros/humble LD_LIBRARY_PATH=/home/moci/radar_serial/install/radar_interfaces/lib:/opt/MVS/lib/64:/opt/MVS/lib/32:/opt/MVS/lib/64:/opt/MVS/lib/32:/opt/MVS/lib:/opt/MVS/lib/64:/opt/MVS/lib/32:/usr/lib/x86_64-linux-gnu/gazebo-11/plugins:/opt/ros/humble/opt/rviz_ogre_vendor/lib:/opt/ros/humble/lib/x86_64-linux-gnu:/opt/ros/humble/opt/openvdb_vendor/lib:/opt/ros/humble/lib:/opt/MVS/lib/64:/opt/MVS/lib/32:/usr/local/cuda-12.2/lib64:/opt/MVS/lib/64:/opt/MVS/lib/32:/opt/MVS/lib:/opt/MVS/lib/64:/opt/MVS/lib/32:/opt/MVS/lib/64:/opt/MVS/lib/32:/opt/MVS/lib:/usr/local/TensorRT-10.6.0.26/lib PYTHONPATH=/home/moci/radar_serial/install/radar_interfaces/local/lib/python3.10/dist-packages:${PYTHONPATH} /usr/local/bin/cmake --build /home/moci/radar_serial/build/radar_comm -- -j16 -l16
[0.019s] -- Found ament_cmake: 1.3.14 (/opt/ros/humble/share/ament_cmake/cmake)
[0.155s] -- Found rclcpp: 16.0.19 (/opt/ros/humble/share/rclcpp/cmake)
[0.178s] -- Found rosidl_generator_c: 3.1.8 (/opt/ros/humble/share/rosidl_generator_c/cmake)
[0.179s] -- Found rosidl_adapter: 3.1.8 (/opt/ros/humble/share/rosidl_adapter/cmake)
[0.184s] -- Found rosidl_generator_cpp: 3.1.8 (/opt/ros/humble/share/rosidl_generator_cpp/cmake)
[0.191s] -- Using all available rosidl_typesupport_c: rosidl_typesupport_fastrtps_c;rosidl_typesupport_introspection_c
[0.200s] -- Using all available rosidl_typesupport_cpp: rosidl_typesupport_fastrtps_cpp;rosidl_typesupport_introspection_cpp
[0.226s] -- Found rmw_implementation_cmake: 6.1.2 (/opt/ros/humble/share/rmw_implementation_cmake/cmake)
[0.226s] -- Found rmw_fastrtps_cpp: 6.2.10 (/opt/ros/humble/share/rmw_fastrtps_cpp/cmake)
[0.325s] -- Using RMW implementation 'rmw_fastrtps_cpp' as default
[0.368s] -- Found radar_interfaces: 0.1.0 (/home/moci/radar_serial/install/radar_interfaces/share/radar_interfaces/cmake)
[0.417s] -- Configuring done (0.4s)
[0.430s] -- Generating done (0.0s)
[0.433s] -- Build files have been written to: /home/moci/radar_serial/build/radar_comm
[0.451s] [  7%] Building CXX object CMakeFiles/fake_sender.dir/src/protocol/decoder.cpp.o
[0.451s] [  7%] Building CXX object CMakeFiles/fake_sender.dir/home/moci/radar_serial/tools/fake_sender.cpp.o
[0.451s] [ 11%] Building CXX object CMakeFiles/fake_sender.dir/src/protocol/parser.cpp.o
[0.452s] [ 14%] Building CXX object CMakeFiles/fake_sender.dir/src/protocol/crc.cpp.o
[0.452s] [ 18%] Building CXX object CMakeFiles/fake_sender.dir/src/protocol/encoder.cpp.o
[0.453s] [ 22%] Building CXX object CMakeFiles/test_parser.dir/test/test_parser.cpp.o
[0.453s] [ 25%] Building CXX object CMakeFiles/test_parser.dir/src/protocol/parser.cpp.o
[0.454s] [ 29%] Building CXX object CMakeFiles/test_parser.dir/src/protocol/crc.cpp.o
[0.454s] [ 33%] Building CXX object CMakeFiles/test_parser.dir/src/protocol/decoder.cpp.o
[0.454s] [ 37%] Building CXX object CMakeFiles/test_parser.dir/src/protocol/encoder.cpp.o
[0.454s] [ 40%] Building CXX object CMakeFiles/test_serial.dir/test/test_serial.cpp.o
[0.461s] [ 48%] Building CXX object CMakeFiles/test_serial.dir/src/protocol/crc.cpp.o
[0.461s] [ 48%] Building CXX object CMakeFiles/test_serial.dir/src/protocol/parser.cpp.o
[0.461s] [ 51%] Building CXX object CMakeFiles/test_serial.dir/src/protocol/decoder.cpp.o
[0.461s] [ 55%] Building CXX object CMakeFiles/test_serial.dir/src/protocol/encoder.cpp.o
[0.465s] [ 59%] Building CXX object CMakeFiles/serial_node.dir/src/ros/serial_node.cpp.o
[0.489s] [ 62%] Building CXX object CMakeFiles/serial_node.dir/src/protocol/parser.cpp.o
[0.489s] [ 66%] Building CXX object CMakeFiles/test_serial.dir/src/transport/serial_port.cpp.o
[0.490s] [ 70%] Building CXX object CMakeFiles/serial_node.dir/src/protocol/crc.cpp.o
[0.555s] [ 74%] Building CXX object CMakeFiles/serial_node.dir/src/protocol/decoder.cpp.o
[0.686s] [ 77%] Building CXX object CMakeFiles/serial_node.dir/src/protocol/encoder.cpp.o
[0.705s] [ 81%] Building CXX object CMakeFiles/serial_node.dir/src/transport/serial_port.cpp.o
[0.730s] [ 85%] Building CXX object CMakeFiles/serial_node.dir/src/bridge/radar_bridge_node.cpp.o
[0.874s] [ 88%] Linking CXX executable test_parser
[0.890s] [ 92%] Linking CXX executable fake_sender
[0.955s] [ 92%] Built target test_parser
[0.965s] [ 92%] Built target fake_sender
[1.046s] [ 96%] Linking CXX executable test_serial
[1.117s] [ 96%] Built target test_serial
[5.069s] [100%] Linking CXX executable serial_node
[5.238s] [100%] Built target serial_node
[30.025s] Invoked command in '/home/moci/radar_serial/build/radar_comm' returned '0': AMENT_PREFIX_PATH=/home/moci/radar_serial/install/radar_interfaces:${AMENT_PREFIX_PATH} CMAKE_PREFIX_PATH=/home/moci/radar_serial/install/radar_interfaces:/opt/ros/humble LD_LIBRARY_PATH=/home/moci/radar_serial/install/radar_interfaces/lib:/opt/MVS/lib/64:/opt/MVS/lib/32:/opt/MVS/lib/64:/opt/MVS/lib/32:/opt/MVS/lib:/opt/MVS/lib/64:/opt/MVS/lib/32:/usr/lib/x86_64-linux-gnu/gazebo-11/plugins:/opt/ros/humble/opt/rviz_ogre_vendor/lib:/opt/ros/humble/lib/x86_64-linux-gnu:/opt/ros/humble/opt/openvdb_vendor/lib:/opt/ros/humble/lib:/opt/MVS/lib/64:/opt/MVS/lib/32:/usr/local/cuda-12.2/lib64:/opt/MVS/lib/64:/opt/MVS/lib/32:/opt/MVS/lib:/opt/MVS/lib/64:/opt/MVS/lib/32:/opt/MVS/lib/64:/opt/MVS/lib/32:/opt/MVS/lib:/usr/local/TensorRT-10.6.0.26/lib PYTHONPATH=/home/moci/radar_serial/install/radar_interfaces/local/lib/python3.10/dist-packages:${PYTHONPATH} /usr/local/bin/cmake --build /home/moci/radar_serial/build/radar_comm -- -j16 -l16
[30.027s] Invoking command in '/home/moci/radar_serial/build/radar_comm': AMENT_PREFIX_PATH=/home/moci/radar_serial/install/radar_interfaces:${AMENT_PREFIX_PATH} CMAKE_PREFIX_PATH=/home/moci/radar_serial/install/radar_interfaces:/opt/ros/humble LD_LIBRARY_PATH=/home/moci/radar_serial/install/radar_interfaces/lib:/opt/MVS/lib/64:/opt/MVS/lib/32:/opt/MVS/lib/64:/opt/MVS/lib/32:/opt/MVS/lib:/opt/MVS/lib/64:/opt/MVS/lib/32:/usr/lib/x86_64-linux-gnu/gazebo-11/plugins:/opt/ros/humble/opt/rviz_ogre_vendor/lib:/opt/ros/humble/lib/x86_64-linux-gnu:/opt/ros/humble/opt/openvdb_vendor/lib:/opt/ros/humble/lib:/opt/MVS/lib/64:/opt/MVS/lib/32:/usr/local/cuda-12.2/lib64:/opt/MVS/lib/64:/opt/MVS/lib/32:/opt/MVS/lib:/opt/MVS/lib/64:/opt/MVS/lib/32:/opt/MVS/lib/64:/opt/MVS/lib/32:/opt/MVS/lib:/usr/local/TensorRT-10.6.0.26/lib PYTHONPATH=/home/moci/radar_serial/install/radar_interfaces/local/lib/python3.10/dist-packages:${PYTHONPATH} /usr/local/bin/cmake --install /home/moci/radar_serial/build/radar_comm
[30.029s] -- Install configuration: ""
[30.029s] -- Installing: /home/moci/radar_serial/install/radar_comm/lib/radar_comm/test_parser
[30.030s] -- Installing: /home/moci/radar_serial/install/radar_comm/lib/radar_comm/test_serial
[30.031s] -- Installing: /home/moci/radar_serial/install/radar_comm/lib/radar_comm/serial_node
[30.034s] -- Set runtime path of "/home/moci/radar_serial/install/radar_comm/lib/radar_comm/serial_node" to ""
[30.034s] -- Installing: /home/moci/radar_serial/install/radar_comm/lib/radar_comm/fake_sender
[30.034s] -- Installing: /home/moci/radar_serial/install/radar_comm/share/radar_comm/config
[30.034s] -- Installing: /home/moci/radar_serial/install/radar_comm/share/radar_comm/config/serial_node.yaml
[30.035s] -- Installing: /home/moci/radar_serial/install/radar_comm/share/radar_comm/docs
[30.035s] -- Installing: /home/moci/radar_serial/install/radar_comm/share/radar_comm/docs/USAGE.md
[30.035s] -- Installing: /home/moci/radar_serial/install/radar_comm/share/ament_index/resource_index/package_run_dependencies/radar_comm
[30.035s] -- Up-to-date: /home/moci/radar_serial/install/radar_comm/share/ament_index/resource_index/parent_prefix_path/radar_comm
[30.035s] -- Up-to-date: /home/moci/radar_serial/install/radar_comm/share/radar_comm/environment/ament_prefix_path.sh
[30.035s] -- Installing: /home/moci/radar_serial/install/radar_comm/share/radar_comm/environment/ament_prefix_path.dsv
[30.035s] -- Up-to-date: /home/moci/radar_serial/install/radar_comm/share/radar_comm/environment/path.sh
[30.035s] -- Installing: /home/moci/radar_serial/install/radar_comm/share/radar_comm/environment/path.dsv
[30.035s] -- Up-to-date: /home/moci/radar_serial/install/radar_comm/share/radar_comm/local_setup.bash
[30.035s] -- Up-to-date: /home/moci/radar_serial/install/radar_comm/share/radar_comm/local_setup.sh
[30.035s] -- Up-to-date: /home/moci/radar_serial/install/radar_comm/share/radar_comm/local_setup.zsh
[30.035s] -- Installing: /home/moci/radar_serial/install/radar_comm/share/radar_comm/local_setup.dsv
[30.035s] -- Installing: /home/moci/radar_serial/install/radar_comm/share/radar_comm/package.dsv
[30.035s] -- Up-to-date: /home/moci/radar_serial/install/radar_comm/share/ament_index/resource_index/packages/radar_comm
[30.035s] -- Up-to-date: /home/moci/radar_serial/install/radar_comm/share/radar_comm/cmake/radar_commConfig.cmake
[30.035s] -- Up-to-date: /home/moci/radar_serial/install/radar_comm/share/radar_comm/cmake/radar_commConfig-version.cmake
[30.035s] -- Installing: /home/moci/radar_serial/install/radar_comm/share/radar_comm/package.xml
[30.036s] Invoked command in '/home/moci/radar_serial/build/radar_comm' returned '0': AMENT_PREFIX_PATH=/home/moci/radar_serial/install/radar_interfaces:${AMENT_PREFIX_PATH} CMAKE_PREFIX_PATH=/home/moci/radar_serial/install/radar_interfaces:/opt/ros/humble LD_LIBRARY_PATH=/home/moci/radar_serial/install/radar_interfaces/lib:/opt/MVS/lib/64:/opt/MVS/lib/32:/opt/MVS/lib/64:/opt/MVS/lib/32:/opt/MVS/lib:/opt/MVS/lib/64:/opt/MVS/lib/32:/usr/lib/x86_64-linux-gnu/gazebo-11/plugins:/opt/ros/humble/opt/rviz_ogre_vendor/lib:/opt/ros/humble/lib/x86_64-linux-gnu:/opt/ros/humble/opt/openvdb_vendor/lib:/opt/ros/humble/lib:/opt/MVS/lib/64:/opt/MVS/lib/32:/usr/local/cuda-12.2/lib64:/opt/MVS/lib/64:/opt/MVS/lib/32:/opt/MVS/lib:/opt/MVS/lib/64:/opt/MVS/lib/32:/opt/MVS/lib/64:/opt/MVS/lib/32:/opt/MVS/lib:/usr/local/TensorRT-10.6.0.26/lib PYTHONPATH=/home/moci/radar_serial/install/radar_interfaces/local/lib/python3.10/dist-packages:${PYTHONPATH} /usr/local/bin/cmake --install /home/moci/radar_serial/build/radar_comm
