[  3%] Building CXX object CMakeFiles/fake_sender.dir/src/protocol/encoder.cpp.o
[  7%] Building CXX object CMakeFiles/test_parser.dir/src/protocol/encoder.cpp.o
[ 11%] Building CXX object CMakeFiles/test_serial.dir/src/protocol/encoder.cpp.o
[ 14%] Building CXX object CMakeFiles/serial_node.dir/src/protocol/encoder.cpp.o
[ 18%] Linking CXX executable test_serial
[ 22%] Linking CXX executable fake_sender
[ 25%] Linking CXX executable test_parser
[ 29%] Linking CXX executable serial_node
[ 48%] Built target test_serial
[ 62%] Built target fake_sender
[ 77%] Built target test_parser
[100%] Built target serial_node
-- Install configuration: ""
-- Installing: /home/moci/radar_serial/install/radar_comm/lib/radar_comm/test_parser
-- Installing: /home/moci/radar_serial/install/radar_comm/lib/radar_comm/test_serial
-- Installing: /home/moci/radar_serial/install/radar_comm/lib/radar_comm/serial_node
-- Set runtime path of "/home/moci/radar_serial/install/radar_comm/lib/radar_comm/serial_node" to ""
-- Installing: /home/moci/radar_serial/install/radar_comm/lib/radar_comm/fake_sender
-- Up-to-date: /home/moci/radar_serial/install/radar_comm/share/radar_comm/config
-- Up-to-date: /home/moci/radar_serial/install/radar_comm/share/radar_comm/config/serial_node.yaml
-- Up-to-date: /home/moci/radar_serial/install/radar_comm/share/radar_comm/docs
-- Up-to-date: /home/moci/radar_serial/install/radar_comm/share/radar_comm/docs/USAGE.md
-- Up-to-date: /home/moci/radar_serial/install/radar_comm/share/ament_index/resource_index/package_run_dependencies/radar_comm
-- Up-to-date: /home/moci/radar_serial/install/radar_comm/share/ament_index/resource_index/parent_prefix_path/radar_comm
-- Up-to-date: /home/moci/radar_serial/install/radar_comm/share/radar_comm/environment/ament_prefix_path.sh
-- Up-to-date: /home/moci/radar_serial/install/radar_comm/share/radar_comm/environment/ament_prefix_path.dsv
-- Up-to-date: /home/moci/radar_serial/install/radar_comm/share/radar_comm/environment/path.sh
-- Up-to-date: /home/moci/radar_serial/install/radar_comm/share/radar_comm/environment/path.dsv
-- Up-to-date: /home/moci/radar_serial/install/radar_comm/share/radar_comm/local_setup.bash
-- Up-to-date: /home/moci/radar_serial/install/radar_comm/share/radar_comm/local_setup.sh
-- Up-to-date: /home/moci/radar_serial/install/radar_comm/share/radar_comm/local_setup.zsh
-- Up-to-date: /home/moci/radar_serial/install/radar_comm/share/radar_comm/local_setup.dsv
-- Installing: /home/moci/radar_serial/install/radar_comm/share/radar_comm/package.dsv
-- Up-to-date: /home/moci/radar_serial/install/radar_comm/share/ament_index/resource_index/packages/radar_comm
-- Up-to-date: /home/moci/radar_serial/install/radar_comm/share/radar_comm/cmake/radar_commConfig.cmake
-- Up-to-date: /home/moci/radar_serial/install/radar_comm/share/radar_comm/cmake/radar_commConfig-version.cmake
-- Up-to-date: /home/moci/radar_serial/install/radar_comm/share/radar_comm/package.xml
