[0.011s] Invoking command in '/home/moci/radar_serial/build/radar_comm': AMENT_PREFIX_PATH=/home/moci/radar_serial/install/radar_interfaces:${AMENT_PREFIX_PATH} CMAKE_PREFIX_PATH=/home/moci/radar_serial/install/radar_interfaces:/opt/ros/humble LD_LIBRARY_PATH=/home/moci/radar_serial/install/radar_interfaces/lib:/opt/MVS/lib/64:/opt/MVS/lib/32:/opt/MVS/lib/64:/opt/MVS/lib/32:/opt/MVS/lib:/opt/MVS/lib/64:/opt/MVS/lib/32:/usr/lib/x86_64-linux-gnu/gazebo-11/plugins:/opt/ros/humble/opt/rviz_ogre_vendor/lib:/opt/ros/humble/lib/x86_64-linux-gnu:/opt/ros/humble/opt/openvdb_vendor/lib:/opt/ros/humble/lib:/opt/MVS/lib/64:/opt/MVS/lib/32:/usr/local/cuda-12.2/lib64:/opt/MVS/lib/64:/opt/MVS/lib/32:/opt/MVS/lib:/opt/MVS/lib/64:/opt/MVS/lib/32:/opt/MVS/lib/64:/opt/MVS/lib/32:/opt/MVS/lib:/usr/local/TensorRT-10.6.0.26/lib PYTHONPATH=/home/moci/radar_serial/install/radar_interfaces/local/lib/python3.10/dist-packages:${PYTHONPATH} /usr/local/bin/cmake --build /home/moci/radar_serial/build/radar_comm -- -j16 -l16
[0.033s] [  3%] Building CXX object CMakeFiles/fake_sender.dir/src/protocol/encoder.cpp.o
[0.033s] [  7%] Building CXX object CMakeFiles/test_parser.dir/src/protocol/encoder.cpp.o
[0.033s] [ 11%] Building CXX object CMakeFiles/test_serial.dir/src/protocol/encoder.cpp.o
[0.044s] [ 14%] Building CXX object CMakeFiles/serial_node.dir/src/protocol/encoder.cpp.o
[0.259s] [ 18%] Linking CXX executable test_serial
[0.263s] [ 22%] Linking CXX executable fake_sender
[0.263s] [ 25%] Linking CXX executable test_parser
[0.297s] [ 29%] Linking CXX executable serial_node
[0.334s] [ 48%] Built target test_serial
[0.335s] [ 62%] Built target fake_sender
[0.338s] [ 77%] Built target test_parser
[0.475s] [100%] Built target serial_node
[30.031s] Invoked command in '/home/moci/radar_serial/build/radar_comm' returned '0': AMENT_PREFIX_PATH=/home/moci/radar_serial/install/radar_interfaces:${AMENT_PREFIX_PATH} CMAKE_PREFIX_PATH=/home/moci/radar_serial/install/radar_interfaces:/opt/ros/humble LD_LIBRARY_PATH=/home/moci/radar_serial/install/radar_interfaces/lib:/opt/MVS/lib/64:/opt/MVS/lib/32:/opt/MVS/lib/64:/opt/MVS/lib/32:/opt/MVS/lib:/opt/MVS/lib/64:/opt/MVS/lib/32:/usr/lib/x86_64-linux-gnu/gazebo-11/plugins:/opt/ros/humble/opt/rviz_ogre_vendor/lib:/opt/ros/humble/lib/x86_64-linux-gnu:/opt/ros/humble/opt/openvdb_vendor/lib:/opt/ros/humble/lib:/opt/MVS/lib/64:/opt/MVS/lib/32:/usr/local/cuda-12.2/lib64:/opt/MVS/lib/64:/opt/MVS/lib/32:/opt/MVS/lib:/opt/MVS/lib/64:/opt/MVS/lib/32:/opt/MVS/lib/64:/opt/MVS/lib/32:/opt/MVS/lib:/usr/local/TensorRT-10.6.0.26/lib PYTHONPATH=/home/moci/radar_serial/install/radar_interfaces/local/lib/python3.10/dist-packages:${PYTHONPATH} /usr/local/bin/cmake --build /home/moci/radar_serial/build/radar_comm -- -j16 -l16
[30.037s] Invoking command in '/home/moci/radar_serial/build/radar_comm': AMENT_PREFIX_PATH=/home/moci/radar_serial/install/radar_interfaces:${AMENT_PREFIX_PATH} CMAKE_PREFIX_PATH=/home/moci/radar_serial/install/radar_interfaces:/opt/ros/humble LD_LIBRARY_PATH=/home/moci/radar_serial/install/radar_interfaces/lib:/opt/MVS/lib/64:/opt/MVS/lib/32:/opt/MVS/lib/64:/opt/MVS/lib/32:/opt/MVS/lib:/opt/MVS/lib/64:/opt/MVS/lib/32:/usr/lib/x86_64-linux-gnu/gazebo-11/plugins:/opt/ros/humble/opt/rviz_ogre_vendor/lib:/opt/ros/humble/lib/x86_64-linux-gnu:/opt/ros/humble/opt/openvdb_vendor/lib:/opt/ros/humble/lib:/opt/MVS/lib/64:/opt/MVS/lib/32:/usr/local/cuda-12.2/lib64:/opt/MVS/lib/64:/opt/MVS/lib/32:/opt/MVS/lib:/opt/MVS/lib/64:/opt/MVS/lib/32:/opt/MVS/lib/64:/opt/MVS/lib/32:/opt/MVS/lib:/usr/local/TensorRT-10.6.0.26/lib PYTHONPATH=/home/moci/radar_serial/install/radar_interfaces/local/lib/python3.10/dist-packages:${PYTHONPATH} /usr/local/bin/cmake --install /home/moci/radar_serial/build/radar_comm
[30.040s] -- Install configuration: ""
[30.040s] -- Installing: /home/moci/radar_serial/install/radar_comm/lib/radar_comm/test_parser
[30.040s] -- Installing: /home/moci/radar_serial/install/radar_comm/lib/radar_comm/test_serial
[30.041s] -- Installing: /home/moci/radar_serial/install/radar_comm/lib/radar_comm/serial_node
[30.045s] -- Set runtime path of "/home/moci/radar_serial/install/radar_comm/lib/radar_comm/serial_node" to ""
[30.045s] -- Installing: /home/moci/radar_serial/install/radar_comm/lib/radar_comm/fake_sender
[30.045s] -- Up-to-date: /home/moci/radar_serial/install/radar_comm/share/radar_comm/config
[30.045s] -- Up-to-date: /home/moci/radar_serial/install/radar_comm/share/radar_comm/config/serial_node.yaml
[30.045s] -- Up-to-date: /home/moci/radar_serial/install/radar_comm/share/radar_comm/docs
[30.045s] -- Up-to-date: /home/moci/radar_serial/install/radar_comm/share/radar_comm/docs/USAGE.md
[30.045s] -- Up-to-date: /home/moci/radar_serial/install/radar_comm/share/ament_index/resource_index/package_run_dependencies/radar_comm
[30.046s] -- Up-to-date: /home/moci/radar_serial/install/radar_comm/share/ament_index/resource_index/parent_prefix_path/radar_comm
[30.046s] -- Up-to-date: /home/moci/radar_serial/install/radar_comm/share/radar_comm/environment/ament_prefix_path.sh
[30.046s] -- Up-to-date: /home/moci/radar_serial/install/radar_comm/share/radar_comm/environment/ament_prefix_path.dsv
[30.046s] -- Up-to-date: /home/moci/radar_serial/install/radar_comm/share/radar_comm/environment/path.sh
[30.046s] -- Up-to-date: /home/moci/radar_serial/install/radar_comm/share/radar_comm/environment/path.dsv
[30.046s] -- Up-to-date: /home/moci/radar_serial/install/radar_comm/share/radar_comm/local_setup.bash
[30.046s] -- Up-to-date: /home/moci/radar_serial/install/radar_comm/share/radar_comm/local_setup.sh
[30.046s] -- Up-to-date: /home/moci/radar_serial/install/radar_comm/share/radar_comm/local_setup.zsh
[30.046s] -- Up-to-date: /home/moci/radar_serial/install/radar_comm/share/radar_comm/local_setup.dsv
[30.046s] -- Installing: /home/moci/radar_serial/install/radar_comm/share/radar_comm/package.dsv
[30.046s] -- Up-to-date: /home/moci/radar_serial/install/radar_comm/share/ament_index/resource_index/packages/radar_comm
[30.046s] -- Up-to-date: /home/moci/radar_serial/install/radar_comm/share/radar_comm/cmake/radar_commConfig.cmake
[30.046s] -- Up-to-date: /home/moci/radar_serial/install/radar_comm/share/radar_comm/cmake/radar_commConfig-version.cmake
[30.046s] -- Up-to-date: /home/moci/radar_serial/install/radar_comm/share/radar_comm/package.xml
[30.047s] Invoked command in '/home/moci/radar_serial/build/radar_comm' returned '0': AMENT_PREFIX_PATH=/home/moci/radar_serial/install/radar_interfaces:${AMENT_PREFIX_PATH} CMAKE_PREFIX_PATH=/home/moci/radar_serial/install/radar_interfaces:/opt/ros/humble LD_LIBRARY_PATH=/home/moci/radar_serial/install/radar_interfaces/lib:/opt/MVS/lib/64:/opt/MVS/lib/32:/opt/MVS/lib/64:/opt/MVS/lib/32:/opt/MVS/lib:/opt/MVS/lib/64:/opt/MVS/lib/32:/usr/lib/x86_64-linux-gnu/gazebo-11/plugins:/opt/ros/humble/opt/rviz_ogre_vendor/lib:/opt/ros/humble/lib/x86_64-linux-gnu:/opt/ros/humble/opt/openvdb_vendor/lib:/opt/ros/humble/lib:/opt/MVS/lib/64:/opt/MVS/lib/32:/usr/local/cuda-12.2/lib64:/opt/MVS/lib/64:/opt/MVS/lib/32:/opt/MVS/lib:/opt/MVS/lib/64:/opt/MVS/lib/32:/opt/MVS/lib/64:/opt/MVS/lib/32:/opt/MVS/lib:/usr/local/TensorRT-10.6.0.26/lib PYTHONPATH=/home/moci/radar_serial/install/radar_interfaces/local/lib/python3.10/dist-packages:${PYTHONPATH} /usr/local/bin/cmake --install /home/moci/radar_serial/build/radar_comm
